Archive member included to satisfy reference by file (symbol)

/Applications/STM32CubeIDE.app/Contents/Eclipse/plugins/com.st.stm32cube.ide.mcu.externaltools.gnu-tools-for-stm32.13.3.rel1.macos64_1.0.0.202411102158/tools/bin/../lib/gcc/arm-none-eabi/13.3.1/../../../../arm-none-eabi/lib/thumb/v7e-m+fp/hard/libc_nano.a(libc_a-exit.o)
                              /Applications/STM32CubeIDE.app/Contents/Eclipse/plugins/com.st.stm32cube.ide.mcu.externaltools.gnu-tools-for-stm32.13.3.rel1.macos64_1.0.0.202411102158/tools/bin/../lib/gcc/arm-none-eabi/13.3.1/../../../../arm-none-eabi/lib/thumb/v7e-m+fp/hard/crt0.o (exit)
/Applications/STM32CubeIDE.app/Contents/Eclipse/plugins/com.st.stm32cube.ide.mcu.externaltools.gnu-tools-for-stm32.13.3.rel1.macos64_1.0.0.202411102158/tools/bin/../lib/gcc/arm-none-eabi/13.3.1/../../../../arm-none-eabi/lib/thumb/v7e-m+fp/hard/libc_nano.a(libc_a-findfp.o)
                              /Applications/STM32CubeIDE.app/Contents/Eclipse/plugins/com.st.stm32cube.ide.mcu.externaltools.gnu-tools-for-stm32.13.3.rel1.macos64_1.0.0.202411102158/tools/bin/../lib/gcc/arm-none-eabi/13.3.1/../../../../arm-none-eabi/lib/thumb/v7e-m+fp/hard/libc_nano.a(libc_a-exit.o) (__stdio_exit_handler)
/Applications/STM32CubeIDE.app/Contents/Eclipse/plugins/com.st.stm32cube.ide.mcu.externaltools.gnu-tools-for-stm32.13.3.rel1.macos64_1.0.0.202411102158/tools/bin/../lib/gcc/arm-none-eabi/13.3.1/../../../../arm-none-eabi/lib/thumb/v7e-m+fp/hard/libc_nano.a(libc_a-fwalk.o)
                              /Applications/STM32CubeIDE.app/Contents/Eclipse/plugins/com.st.stm32cube.ide.mcu.externaltools.gnu-tools-for-stm32.13.3.rel1.macos64_1.0.0.202411102158/tools/bin/../lib/gcc/arm-none-eabi/13.3.1/../../../../arm-none-eabi/lib/thumb/v7e-m+fp/hard/libc_nano.a(libc_a-findfp.o) (_fwalk_sglue)
/Applications/STM32CubeIDE.app/Contents/Eclipse/plugins/com.st.stm32cube.ide.mcu.externaltools.gnu-tools-for-stm32.13.3.rel1.macos64_1.0.0.202411102158/tools/bin/../lib/gcc/arm-none-eabi/13.3.1/../../../../arm-none-eabi/lib/thumb/v7e-m+fp/hard/libc_nano.a(libc_a-printf.o)
                              ./TOF/App/app_tof.o (printf)
/Applications/STM32CubeIDE.app/Contents/Eclipse/plugins/com.st.stm32cube.ide.mcu.externaltools.gnu-tools-for-stm32.13.3.rel1.macos64_1.0.0.202411102158/tools/bin/../lib/gcc/arm-none-eabi/13.3.1/../../../../arm-none-eabi/lib/thumb/v7e-m+fp/hard/libc_nano.a(libc_a-putchar.o)
                              ./TOF/App/app_tof.o (putchar)
/Applications/STM32CubeIDE.app/Contents/Eclipse/plugins/com.st.stm32cube.ide.mcu.externaltools.gnu-tools-for-stm32.13.3.rel1.macos64_1.0.0.202411102158/tools/bin/../lib/gcc/arm-none-eabi/13.3.1/../../../../arm-none-eabi/lib/thumb/v7e-m+fp/hard/libc_nano.a(libc_a-puts.o)
                              ./Core/Src/main_cpp.o (puts)
/Applications/STM32CubeIDE.app/Contents/Eclipse/plugins/com.st.stm32cube.ide.mcu.externaltools.gnu-tools-for-stm32.13.3.rel1.macos64_1.0.0.202411102158/tools/bin/../lib/gcc/arm-none-eabi/13.3.1/../../../../arm-none-eabi/lib/thumb/v7e-m+fp/hard/libc_nano.a(libc_a-memset.o)
                              /Applications/STM32CubeIDE.app/Contents/Eclipse/plugins/com.st.stm32cube.ide.mcu.externaltools.gnu-tools-for-stm32.13.3.rel1.macos64_1.0.0.202411102158/tools/bin/../lib/gcc/arm-none-eabi/13.3.1/../../../../arm-none-eabi/lib/thumb/v7e-m+fp/hard/crt0.o (memset)
/Applications/STM32CubeIDE.app/Contents/Eclipse/plugins/com.st.stm32cube.ide.mcu.externaltools.gnu-tools-for-stm32.13.3.rel1.macos64_1.0.0.202411102158/tools/bin/../lib/gcc/arm-none-eabi/13.3.1/../../../../arm-none-eabi/lib/thumb/v7e-m+fp/hard/libc_nano.a(libc_a-strncpy.o)
                              ./Drivers/BSP/Components/vl53l3cx/porting/vl53lx_platform.o (strncpy)
/Applications/STM32CubeIDE.app/Contents/Eclipse/plugins/com.st.stm32cube.ide.mcu.externaltools.gnu-tools-for-stm32.13.3.rel1.macos64_1.0.0.202411102158/tools/bin/../lib/gcc/arm-none-eabi/13.3.1/../../../../arm-none-eabi/lib/thumb/v7e-m+fp/hard/libc_nano.a(libc_a-errno.o)
                              ./Core/Src/syscalls.o (__errno)
/Applications/STM32CubeIDE.app/Contents/Eclipse/plugins/com.st.stm32cube.ide.mcu.externaltools.gnu-tools-for-stm32.13.3.rel1.macos64_1.0.0.202411102158/tools/bin/../lib/gcc/arm-none-eabi/13.3.1/../../../../arm-none-eabi/lib/thumb/v7e-m+fp/hard/libc_nano.a(libc_a-init.o)
                              /Applications/STM32CubeIDE.app/Contents/Eclipse/plugins/com.st.stm32cube.ide.mcu.externaltools.gnu-tools-for-stm32.13.3.rel1.macos64_1.0.0.202411102158/tools/bin/../lib/gcc/arm-none-eabi/13.3.1/../../../../arm-none-eabi/lib/thumb/v7e-m+fp/hard/crt0.o (__libc_init_array)
/Applications/STM32CubeIDE.app/Contents/Eclipse/plugins/com.st.stm32cube.ide.mcu.externaltools.gnu-tools-for-stm32.13.3.rel1.macos64_1.0.0.202411102158/tools/bin/../lib/gcc/arm-none-eabi/13.3.1/../../../../arm-none-eabi/lib/thumb/v7e-m+fp/hard/libc_nano.a(libc_a-lock.o)
[...]
Memory Configuration

Name             Origin             Length             Attributes
RAM              0x20000000         0x00008000         xrw
FLASH            0x08000000         0x00020000         xr
*default*        0x00000000         0xffffffff

Linker script and memory map

LOAD /Applications/STM32CubeIDE.app/Contents/Eclipse/plugins/com.st.stm32cube.ide.mcu.externaltools.gnu-tools-for-stm32.13.3.rel1.macos64_1.0.0.202411102158/tools/bin/../lib/gcc/arm-none-eabi/13.3.1/thumb/v7e-m+fp/hard/crti.o
LOAD /Applications/STM32CubeIDE.app/Contents/Eclipse/plugins/com.st.stm32cube.ide.mcu.externaltools.gnu-tools-for-stm32.13.3.rel1.macos64_1.0.0.202411102158/tools/bin/../lib/gcc/arm-none-eabi/13.3.1/thumb/v7e-m+fp/hard/crtbegin.o
LOAD /Applications/STM32CubeIDE.app/Contents/Eclipse/plugins/com.st.stm32cube.ide.mcu.externaltools.gnu-tools-for-stm32.13.3.rel1.macos64_1.0.0.202411102158/tools/bin/../lib/gcc/arm-none-eabi/13.3.1/../../../../arm-none-eabi/lib/thumb/v7e-m+fp/hard/crt0.o
LOAD ./Core/Src/main.o
LOAD ./Core/Src/main_cpp.o
LOAD ./Core/Src/stm32g4xx_hal_msp.o
LOAD ./Core/Src/stm32g4xx_it.o
LOAD ./Core/Src/stm32g4xx_nucleo_bus.o
LOAD ./Core/Src/syscalls.o
LOAD ./Core/Src/sysmem.o
LOAD ./Core/Src/system_stm32g4xx.o
LOAD ./Core/Startup/startup_stm32g431kbtx.o
LOAD ./Drivers/BSP/Components/vl53l3cx/modules/vl53lx_api.o
LOAD ./Drivers/BSP/Components/vl53l3cx/modules/vl53lx_api_calibration.o
LOAD ./Drivers/BSP/Components/vl53l3cx/modules/vl53lx_api_core.o
LOAD ./Drivers/BSP/Components/vl53l3cx/modules/vl53lx_api_debug.o
LOAD ./Drivers/BSP/Components/vl53l3cx/modules/vl53lx_api_preset_modes.o
LOAD ./Drivers/BSP/Components/vl53l3cx/modules/vl53lx_core.o
LOAD ./Drivers/BSP/Components/vl53l3cx/modules/vl53lx_core_support.o
LOAD ./Drivers/BSP/Components/vl53l3cx/modules/vl53lx_dmax.o
LOAD ./Drivers/BSP/Components/vl53l3cx/modules/vl53lx_hist_algos_gen3.o
LOAD ./Drivers/BSP/Components/vl53l3cx/modules/vl53lx_hist_algos_gen4.o
LOAD ./Drivers/BSP/Components/vl53l3cx/modules/vl53lx_hist_char.o
LOAD ./Drivers/BSP/Components/vl53l3cx/modules/vl53lx_hist_core.o
LOAD ./Drivers/BSP/Components/vl53l3cx/modules/vl53lx_hist_funcs.o
LOAD ./Drivers/BSP/Components/vl53l3cx/modules/vl53lx_nvm.o
LOAD ./Drivers/BSP/Components/vl53l3cx/modules/vl53lx_nvm_debug.o
LOAD ./Drivers/BSP/Components/vl53l3cx/modules/vl53lx_register_funcs.o
LOAD ./Drivers/BSP/Components/vl53l3cx/modules/vl53lx_sigma_estimate.o
LOAD ./Drivers/BSP/Components/vl53l3cx/modules/vl53lx_silicon_core.o
LOAD ./Drivers/BSP/Components/vl53l3cx/modules/vl53lx_wait.o
LOAD ./Drivers/BSP/Components/vl53l3cx/modules/vl53lx_xtalk.o
LOAD ./Drivers/BSP/Components/vl53l3cx/porting/vl53lx_platform.o
LOAD ./Drivers/BSP/Components/vl53l3cx/porting/vl53lx_platform_ipp.o
LOAD ./Drivers/BSP/Components/vl53l3cx/porting/vl53lx_platform_log.o
LOAD ./Drivers/BSP/Components/vl53l3cx/vl53l3cx.o
LOAD ./Drivers/BSP/STM32G4xx_Nucleo/stm32g4xx_nucleo.o
LOAD ./Drivers/STM32G4xx_HAL_Driver/Src/stm32g4xx_hal.o
LOAD ./Drivers/STM32G4xx_HAL_Driver/Src/stm32g4xx_hal_adc.o
LOAD ./Drivers/STM32G4xx_HAL_Driver/Src/stm32g4xx_hal_adc_ex.o
LOAD ./Drivers/STM32G4xx_HAL_Driver/Src/stm32g4xx_hal_cortex.o
LOAD ./Drivers/STM32G4xx_HAL_Driver/Src/stm32g4xx_hal_dma.o
LOAD ./Drivers/STM32G4xx_HAL_Driver/Src/stm32g4xx_hal_dma_ex.o
LOAD ./Drivers/STM32G4xx_HAL_Driver/Src/stm32g4xx_hal_exti.o
LOAD ./Drivers/STM32G4xx_HAL_Driver/Src/stm32g4xx_hal_flash.o
LOAD ./Drivers/STM32G4xx_HAL_Driver/Src/stm32g4xx_hal_flash_ex.o
LOAD ./Drivers/STM32G4xx_HAL_Driver/Src/stm32g4xx_hal_flash_ramfunc.o
LOAD ./Drivers/STM32G4xx_HAL_Driver/Src/stm32g4xx_hal_gpio.o
LOAD ./Drivers/STM32G4xx_HAL_Driver/Src/stm32g4xx_hal_i2c.o
LOAD ./Drivers/STM32G4xx_HAL_Driver/Src/stm32g4xx_hal_i2c_ex.o
LOAD ./Drivers/STM32G4xx_HAL_Driver/Src/stm32g4xx_hal_pwr.o
LOAD ./Drivers/STM32G4xx_HAL_Driver/Src/stm32g4xx_hal_pwr_ex.o
LOAD ./Drivers/STM32G4xx_HAL_Driver/Src/stm32g4xx_hal_rcc.o
LOAD ./Drivers/STM32G4xx_HAL_Driver/Src/stm32g4xx_hal_rcc_ex.o
LOAD ./Drivers/STM32G4xx_HAL_Driver/Src/stm32g4xx_hal_spi.o
LOAD ./Drivers/STM32G4xx_HAL_Driver/Src/stm32g4xx_hal_spi_ex.o
LOAD ./Drivers/STM32G4xx_HAL_Driver/Src/stm32g4xx_hal_tim.o
LOAD ./Drivers/STM32G4xx_HAL_Driver/Src/stm32g4xx_hal_tim_ex.o
LOAD ./Drivers/STM32G4xx_HAL_Driver/Src/stm32g4xx_hal_uart.o
LOAD ./Drivers/STM32G4xx_HAL_Driver/Src/stm32g4xx_hal_uart_ex.o
LOAD ./Drivers/STM32G4xx_HAL_Driver/Src/stm32g4xx_hal_usart.o
LOAD ./Drivers/STM32G4xx_HAL_Driver/Src/stm32g4xx_hal_usart_ex.o
LOAD ./Drivers/STM32G4xx_HAL_Driver/Src/stm32g4xx_ll_adc.o
LOAD ./TOF/App/app_tof.o
LOAD ./TOF/Target/app_tof_pin_conf.o
LOAD ./TOF/Target/custom_ranging_sensor.o
START GROUP
LOAD /Applications/STM32CubeIDE.app/Contents/Eclipse/plugins/com.st.stm32cube.ide.mcu.externaltools.gnu-tools-for-stm32.13.3.rel1.macos64_1.0.0.202411102158/tools/bin/../lib/gcc/arm-none-eabi/13.3.1/../../../../arm-none-eabi/lib/thumb/v7e-m+fp/hard/libstdc++_nano.a
LOAD /Applications/STM32CubeIDE.app/Contents/Eclipse/plugins/com.st.stm32cube.ide.mcu.externaltools.gnu-tools-for-stm32.13.3.rel1.macos64_1.0.0.202411102158/tools/bin/../lib/gcc/arm-none-eabi/13.3.1/../../../../arm-none-eabi/lib/thumb/v7e-m+fp/hard/libsupc++_nano.a
END GROUP
LOAD /Applications/STM32CubeIDE.app/Contents/Eclipse/plugins/com.st.stm32cube.ide.mcu.externaltools.gnu-tools-for-stm32.13.3.rel1.macos64_1.0.0.202411102158/tools/bin/../lib/gcc/arm-none-eabi/13.3.1/../../../../arm-none-eabi/lib/thumb/v7e-m+fp/hard/libstdc++_nano.a
LOAD /Applications/STM32CubeIDE.app/Contents/Eclipse/plugins/com.st.stm32cube.ide.mcu.externaltools.gnu-tools-for-stm32.13.3.rel1.macos64_1.0.0.202411102158/tools/bin/../lib/gcc/arm-none-eabi/13.3.1/../../../../arm-none-eabi/lib/thumb/v7e-m+fp/hard/libm.a
LOAD /Applications/STM32CubeIDE.app/Contents/Eclipse/plugins/com.st.stm32cube.ide.mcu.externaltools.gnu-tools-for-stm32.13.3.rel1.macos64_1.0.0.202411102158/tools/bin/../lib/gcc/arm-none-eabi/13.3.1/../../../../arm-none-eabi/lib/thumb/v7e-m+fp/hard/libc_nano.a
START GROUP
LOAD /Applications/STM32CubeIDE.app/Contents/Eclipse/plugins/com.st.stm32cube.ide.mcu.externaltools.gnu-tools-for-stm32.13.3.rel1.macos64_1.0.0.202411102158/tools/bin/../lib/gcc/arm-none-eabi/13.3.1/thumb/v7e-m+fp/hard/libgcc.a
LOAD /Applications/STM32CubeIDE.app/Contents/Eclipse/plugins/com.st.stm32cube.ide.mcu.externaltools.gnu-tools-for-stm32.13.3.rel1.macos64_1.0.0.202411102158/tools/bin/../lib/gcc/arm-none-eabi/13.3.1/../../../../arm-none-eabi/lib/thumb/v7e-m+fp/hard/libc_nano.a
END GROUP
START GROUP
LOAD /Applications/STM32CubeIDE.app/Contents/Eclipse/plugins/com.st.stm32cube.ide.mcu.externaltools.gnu-tools-for-stm32.13.3.rel1.macos64_1.0.0.202411102158/tools/bin/../lib/gcc/arm-none-eabi/13.3.1/thumb/v7e-m+fp/hard/libgcc.a
LOAD /Applications/STM32CubeIDE.app/Contents/Eclipse/plugins/com.st.stm32cube.ide.mcu.externaltools.gnu-tools-for-stm32.13.3.rel1.macos64_1.0.0.202411102158/tools/bin/../lib/gcc/arm-none-eabi/13.3.1/../../../../arm-none-eabi/lib/thumb/v7e-m+fp/hard/libc_nano.a
LOAD /Applications/STM32CubeIDE.app/Contents/Eclipse/plugins/com.st.stm32cube.ide.mcu.externaltools.gnu-tools-for-stm32.13.3.rel1.macos64_1.0.0.202411102158/tools/bin/../lib/gcc/arm-none-eabi/13.3.1/../../../../arm-none-eabi/lib/thumb/v7e-m+fp/hard/libnosys.a
END GROUP
START GROUP
LOAD /Applications/STM32CubeIDE.app/Contents/Eclipse/plugins/com.st.stm32cube.ide.mcu.externaltools.gnu-tools-for-stm32.13.3.rel1.macos64_1.0.0.202411102158/tools/bin/../lib/gcc/arm-none-eabi/13.3.1/thumb/v7e-m+fp/hard/libgcc.a
LOAD /Applications/STM32CubeIDE.app/Contents/Eclipse/plugins/com.st.stm32cube.ide.mcu.externaltools.gnu-tools-for-stm32.13.3.rel1.macos64_1.0.0.202411102158/tools/bin/../lib/gcc/arm-none-eabi/13.3.1/../../../../arm-none-eabi/lib/thumb/v7e-m+fp/hard/libc_nano.a
LOAD /Applications/STM32CubeIDE.app/Contents/Eclipse/plugins/com.st.stm32cube.ide.mcu.externaltools.gnu-tools-for-stm32.13.3.rel1.macos64_1.0.0.202411102158/tools/bin/../lib/gcc/arm-none-eabi/13.3.1/../../../../arm-none-eabi/lib/thumb/v7e-m+fp/hard/libnosys.a
END GROUP
LOAD /Applications/STM32CubeIDE.app/Contents/Eclipse/plugins/com.st.stm32cube.ide.mcu.externaltools.gnu-tools-for-stm32.13.3.rel1.macos64_1.0.0.202411102158/tools/bin/../lib/gcc/arm-none-eabi/13.3.1/thumb/v7e-m+fp/hard/crtend.o
LOAD /Applications/STM32CubeIDE.app/Contents/Eclipse/plugins/com.st.stm32cube.ide.mcu.externaltools.gnu-tools-for-stm32.13.3.rel1.macos64_1.0.0.202411102158/tools/bin/../lib/gcc/arm-none-eabi/13.3.1/thumb/v7e-m+fp/hard/crtn.o
                0x20008000                        _estack = (ORIGIN (RAM) + LENGTH (RAM))
                0x00000200                        _Min_Heap_Size = 0x200
                0x00000400                        _Min_Stack_Size = 0x400

.isr_vector     0x08000000      0x1d8
                0x08000000                        . = ALIGN (0x4)
 *(.isr_vector)
 .isr_vector    0x08000000      0x1d8 ./Core/Startup/startup_stm32g431kbtx.o
                0x08000000                g_pfnVectors
                0x080001d8                        . = ALIGN (0x4)

.text           0x080001e0    0x19344
                0x080001e0                        . = ALIGN (0x4)
 *(.text)
 .text          0x080001e0       0x40 /Applications/STM32CubeIDE.app/Contents/Eclipse/plugins/com.st.stm32cube.ide.mcu.externaltools.gnu-tools-for-stm32.13.3.rel1.macos64_1.0.0.202411102158/tools/bin/../lib/gcc/arm-none-eabi/13.3.1/thumb/v7e-m+fp/hard/crtbegin.o
 .text          0x08000220       0xa0 /Applications/STM32CubeIDE.app/Contents/Eclipse/plugins/com.st.stm32cube.ide.mcu.externaltools.gnu-tools-for-stm32.13.3.rel1.macos64_1.0.0.202411102158/tools/bin/../lib/gcc/arm-none-eabi/13.3.1/../../../../arm-none-eabi/lib/thumb/v7e-m+fp/hard/libc_nano.a(libc_a-memchr.o)
                0x08000220                memchr
 .text          0x080002c0       0xa0 /Applications/STM32CubeIDE.app/Contents/Eclipse/plugins/com.st.stm32cube.ide.mcu.externaltools.gnu-tools-for-stm32.13.3.rel1.macos64_1.0.0.202411102158/tools/bin/../lib/gcc/arm-none-eabi/13.3.1/thumb/v7e-m+fp/hard/libgcc.a(_aeabi_ldivmod.o)
                0x080002c0                __aeabi_ldivmod
 .text          0x08000360       0x30 /Applications/STM32CubeIDE.app/Contents/Eclipse/plugins/com.st.stm32cube.ide.mcu.externaltools.gnu-tools-for-stm32.13.3.rel1.macos64_1.0.0.202411102158/tools/bin/../lib/gcc/arm-none-eabi/13.3.1/thumb/v7e-m+fp/hard/libgcc.a(_aeabi_uldivmod.o)
                0x08000360                __aeabi_uldivmod
 .text          0x08000390      0x2f8 /Applications/STM32CubeIDE.app/Contents/Eclipse/plugins/com.st.stm32cube.ide.mcu.externaltools.gnu-tools-for-stm32.13.3.rel1.macos64_1.0.0.202411102158/tools/bin/../lib/gcc/arm-none-eabi/13.3.1/thumb/v7e-m+fp/hard/libgcc.a(_udivmoddi4.o)
                0x08000390                __udivmoddi4
 .text          0x08000688        0x4 /Applications/STM32CubeIDE.app/Contents/Eclipse/plugins/com.st.stm32cube.ide.mcu.externaltools.gnu-tools-for-stm32.13.3.rel1.macos64_1.0.0.202411102158/tools/bin/../lib/gcc/arm-none-eabi/13.3.1/thumb/v7e-m+fp/hard/libgcc.a(_dvmd_tls.o)
                0x08000688                __aeabi_ldiv0
                0x08000688                __aeabi_idiv0
 *(.text*)
 .text.main     0x0800068c       0x6c ./Core/Src/main.o
                0x0800068c                main
 .text.SystemClock_Config
                0x080006f8       0x96 ./Core/Src/main.o
                0x080006f8                SystemClock_Config
 *fill*         0x0800078e        0x2 
 .text.MX_ADC1_Init
                0x08000790       0xf0 ./Core/Src/main.o
 .text.MX_SPI1_Init
                0x08000880       0x7c ./Core/Src/main.o
 .text.MX_TIM1_Init
                0x080008fc       0xa8 ./Core/Src/main.o
 .text.MX_USART2_UART_Init
                0x080009a4       0x98 ./Core/Src/main.o
 .text.MX_GPIO_Init
                0x08000a3c      0x15c ./Core/Src/main.o
 .text.Error_Handler
                0x08000b98        0xc ./Core/Src/main.o
                0x08000b98                Error_Handler
 .text._Z5setupv
                0x08000ba4       0x14 ./Core/Src/main_cpp.o
                0x08000ba4                setup()
 .text._Z4loopv
                0x08000bb8       0x20 ./Core/Src/main_cpp.o
                0x08000bb8                loop()
 .text.main_cpp
                0x08000bd8       0x10 ./Core/Src/main_cpp.o
                0x08000bd8                main_cpp
 .text.HAL_MspInit
                0x08000be8       0x68 ./Core/Src/stm32g4xx_hal_msp.o
                0x08000be8                HAL_MspInit
 .text.HAL_ADC_MspInit
                0x08000c50       0xa8 ./Core/Src/stm32g4xx_hal_msp.o
                0x08000c50                HAL_ADC_MspInit
 .text.HAL_SPI_MspInit
                0x08000cf8       0x84 ./Core/Src/stm32g4xx_hal_msp.o
                0x08000cf8                HAL_SPI_MspInit
 .text.HAL_TIM_Base_MspInit
                0x08000d7c       0x4c ./Core/Src/stm32g4xx_hal_msp.o
                0x08000d7c                HAL_TIM_Base_MspInit
 .text.HAL_UART_MspInit
                0x08000dc8       0xb0 ./Core/Src/stm32g4xx_hal_msp.o
                0x08000dc8                HAL_UART_MspInit
 .text.NMI_Handler
                0x08000e78        0x8 ./Core/Src/stm32g4xx_it.o
                0x08000e78                NMI_Handler
 .text.HardFault_Handler
                0x08000e80        0x8 ./Core/Src/stm32g4xx_it.o
                0x08000e80                HardFault_Handler
 .text.MemManage_Handler
                0x08000e88        0x8 ./Core/Src/stm32g4xx_it.o
                0x08000e88                MemManage_Handler
 .text.BusFault_Handler
                0x08000e90        0x8 ./Core/Src/stm32g4xx_it.o
                0x08000e90                BusFault_Handler
 .text.UsageFault_Handler
                0x08000e98        0x8 ./Core/Src/stm32g4xx_it.o
                0x08000e98                UsageFault_Handler
 .text.SVC_Handler
                0x08000ea0        0xe ./Core/Src/stm32g4xx_it.o
                0x08000ea0                SVC_Handler
 .text.DebugMon_Handler
                0x08000eae        0xe ./Core/Src/stm32g4xx_it.o
                0x08000eae                DebugMon_Handler
 .text.PendSV_Handler
                0x08000ebc        0xe ./Core/Src/stm32g4xx_it.o
                0x08000ebc                PendSV_Handler
 .text.SysTick_Handler
                0x08000eca        0xc ./Core/Src/stm32g4xx_it.o
                0x08000eca                SysTick_Handler
 .text.EXTI1_IRQHandler
                0x08000ed6        0xe ./Core/Src/stm32g4xx_it.o
                0x08000ed6                EXTI1_IRQHandler
 .text.TIM1_UP_TIM16_IRQHandler
                0x08000ee4       0x14 ./Core/Src/stm32g4xx_it.o
                0x08000ee4                TIM1_UP_TIM16_IRQHandler
 .text.I2C1_ER_IRQHandler
                0x08000ef8       0x14 ./Core/Src/stm32g4xx_it.o
                0x08000ef8                I2C1_ER_IRQHandler
 .text.BSP_I2C1_Init
                0x08000f0c       0x7c ./Core/Src/stm32g4xx_nucleo_bus.o
                0x08000f0c                BSP_I2C1_Init
 .text.BSP_I2C1_DeInit
                0x08000f88       0x50 ./Core/Src/stm32g4xx_nucleo_bus.o
                0x08000f88                BSP_I2C1_DeInit
 .text.BSP_I2C1_Send
                0x08000fd8       0x74 ./Core/Src/stm32g4xx_nucleo_bus.o
                0x08000fd8                BSP_I2C1_Send
 .text.BSP_I2C1_Recv
                0x0800104c       0x74 ./Core/Src/stm32g4xx_nucleo_bus.o
                0x0800104c                BSP_I2C1_Recv
 .text.BSP_GetTick
                0x080010c0        0xe ./Core/Src/stm32g4xx_nucleo_bus.o
                0x080010c0                BSP_GetTick
 *fill*         0x080010ce        0x2 
 .text.MX_I2C1_Init
                0x080010d0       0x88 ./Core/Src/stm32g4xx_nucleo_bus.o
                0x080010d0                MX_I2C1_Init
 .text.I2C1_MspInit
                0x08001158       0xd4 ./Core/Src/stm32g4xx_nucleo_bus.o
 .text.I2C1_MspDeInit
                0x0800122c       0x40 ./Core/Src/stm32g4xx_nucleo_bus.o
 .text._read    0x0800126c       0x3a ./Core/Src/syscalls.o
                0x0800126c                _read
 .text._write   0x080012a6       0x38 ./Core/Src/syscalls.o
                0x080012a6                _write
 .text._close   0x080012de       0x18 ./Core/Src/syscalls.o
                0x080012de                _close
 .text._fstat   0x080012f6       0x20 ./Core/Src/syscalls.o
                0x080012f6                _fstat
 .text._isatty  0x08001316       0x16 ./Core/Src/syscalls.o
                0x08001316                _isatty
 .text._lseek   0x0800132c       0x1a ./Core/Src/syscalls.o
                0x0800132c                _lseek
 *fill*         0x08001346        0x2 
 .text._sbrk    0x08001348       0x6c ./Core/Src/sysmem.o
                0x08001348                _sbrk
 .text.SystemInit
                0x080013b4       0x24 ./Core/Src/system_stm32g4xx.o
                0x080013b4                SystemInit
 .text.Reset_Handler
                0x080013d8       0x50 ./Core/Startup/startup_stm32g431kbtx.o
                0x080013d8                Reset_Handler
 .text.Default_Handler
                0x08001428        0x2 ./Core/Startup/startup_stm32g431kbtx.o
                0x08001428                TIM1_BRK_TIM15_IRQHandler
                0x08001428                EXTI2_IRQHandler
                0x08001428                TIM8_TRG_COM_IRQHandler
                0x08001428                TIM8_CC_IRQHandler
                0x08001428                TIM1_CC_IRQHandler
                0x08001428                USB_HP_IRQHandler
                0x08001428                CORDIC_IRQHandler
                0x08001428                EXTI3_IRQHandler
                0x08001428                I2C3_ER_IRQHandler
                0x08001428                EXTI0_IRQHandler
                0x08001428                I2C2_EV_IRQHandler
                0x08001428                FPU_IRQHandler
                0x08001428                FDCAN1_IT1_IRQHandler
                0x08001428                ADC1_2_IRQHandler
                0x08001428                SPI1_IRQHandler
                0x08001428                TIM6_DAC_IRQHandler
                0x08001428                TIM8_UP_IRQHandler
                0x08001428                DMA2_Channel2_IRQHandler
                0x08001428                DMA1_Channel4_IRQHandler
                0x08001428                USART3_IRQHandler
                0x08001428                TIM4_IRQHandler
                0x08001428                DMA2_Channel1_IRQHandler
                0x08001428                I2C1_EV_IRQHandler
                0x08001428                DMA1_Channel6_IRQHandler
                0x08001428                UART4_IRQHandler
                0x08001428                DMA2_Channel4_IRQHandler
                0x08001428                TIM3_IRQHandler
                0x08001428                RCC_IRQHandler
                0x08001428                DMA1_Channel1_IRQHandler
                0x08001428                Default_Handler
                0x08001428                RTC_TAMP_LSECSS_IRQHandler
                0x08001428                FMAC_IRQHandler
                0x08001428                EXTI15_10_IRQHandler
                0x08001428                TIM7_IRQHandler
                0x08001428                UCPD1_IRQHandler
                0x08001428                I2C3_EV_IRQHandler
                0x08001428                EXTI9_5_IRQHandler
                0x08001428                RTC_WKUP_IRQHandler
                0x08001428                PVD_PVM_IRQHandler
                0x08001428                SPI2_IRQHandler
                0x08001428                DMA2_Channel5_IRQHandler
                0x08001428                CRS_IRQHandler
                0x08001428                DMA1_Channel5_IRQHandler
                0x08001428                USB_LP_IRQHandler
                0x08001428                EXTI4_IRQHandler
                0x08001428                RNG_IRQHandler
                0x08001428                TIM1_TRG_COM_TIM17_IRQHandler
                0x08001428                DMA1_Channel3_IRQHandler
                0x08001428                WWDG_IRQHandler
                0x08001428                LPUART1_IRQHandler
                0x08001428                DMA2_Channel6_IRQHandler
                0x08001428                FDCAN1_IT0_IRQHandler
                0x08001428                TIM2_IRQHandler
                0x08001428                COMP1_2_3_IRQHandler
                0x08001428                USART2_IRQHandler
                0x08001428                I2C2_ER_IRQHandler
                0x08001428                DMA1_Channel2_IRQHandler
                0x08001428                TIM8_BRK_IRQHandler
                0x08001428                FLASH_IRQHandler
                0x08001428                USART1_IRQHandler
                0x08001428                SPI3_IRQHandler
                0x08001428                LPTIM1_IRQHandler
                0x08001428                DMAMUX_OVR_IRQHandler
                0x08001428                USBWakeUp_IRQHandler
                0x08001428                SAI1_IRQHandler
                0x08001428                DMA2_Channel3_IRQHandler
                0x08001428                COMP4_IRQHandler
                0x08001428                RTC_Alarm_IRQHandler
 .text.VL53LX_SetDeviceAddress
                0x0800142a       0x4e ./Drivers/BSP/Components/vl53l3cx/modules/vl53lx_api.o
                0x0800142a                VL53LX_SetDeviceAddress
 .text.VL53LX_DataInit
                0x08001478       0xb6 ./Drivers/BSP/Components/vl53l3cx/modules/vl53lx_api.o
                0x08001478                VL53LX_DataInit
 .text.VL53LX_WaitDeviceBooted
                0x0800152e       0x26 ./Drivers/BSP/Components/vl53l3cx/modules/vl53lx_api.o
                0x0800152e                VL53LX_WaitDeviceBooted
 .text.ComputeDevicePresetMode
                0x08001554       0x60 ./Drivers/BSP/Components/vl53l3cx/modules/vl53lx_api.o
 .text.SetPresetModeL3CX
                0x080015b4       0xb6 ./Drivers/BSP/Components/vl53l3cx/modules/vl53lx_api.o
 .text.IsL4     0x0800166a       0x38 ./Drivers/BSP/Components/vl53l3cx/modules/vl53lx_api.o
 .text.CheckValidRectRoi
                0x080016a2       0x4c ./Drivers/BSP/Components/vl53l3cx/modules/vl53lx_api.o
 .text.VL53LX_SetDistanceMode
                0x080016ee       0xd0 ./Drivers/BSP/Components/vl53l3cx/modules/vl53lx_api.o
                0x080016ee                VL53LX_SetDistanceMode
 *fill*         0x080017be        0x2 
 .text.VL53LX_SetMeasurementTimingBudgetMicroSeconds
                0x080017c0       0xf0 ./Drivers/BSP/Components/vl53l3cx/modules/vl53lx_api.o
                0x080017c0                VL53LX_SetMeasurementTimingBudgetMicroSeconds
 .text.VL53LX_SetUserROI
                0x080018b0       0xda ./Drivers/BSP/Components/vl53l3cx/modules/vl53lx_api.o
                0x080018b0                VL53LX_SetUserROI
 .text.VL53LX_StartMeasurement
                0x0800198a       0x9c ./Drivers/BSP/Components/vl53l3cx/modules/vl53lx_api.o
                0x0800198a                VL53LX_StartMeasurement
 .text.VL53LX_StopMeasurement
                0x08001a26       0x28 ./Drivers/BSP/Components/vl53l3cx/modules/vl53lx_api.o
                0x08001a26                VL53LX_StopMeasurement
 .text.VL53LX_ClearInterruptAndStartMeasurement
                0x08001a4e       0x2c ./Drivers/BSP/Components/vl53l3cx/modules/vl53lx_api.o
                0x08001a4e                VL53LX_ClearInterruptAndStartMeasurement
 .text.VL53LX_GetMeasurementDataReady
                0x08001a7a       0x26 ./Drivers/BSP/Components/vl53l3cx/modules/vl53lx_api.o
                0x08001a7a                VL53LX_GetMeasurementDataReady
 .text.ConvertStatusHisto
                0x08001aa0       0xa8 ./Drivers/BSP/Components/vl53l3cx/modules/vl53lx_api.o
 .text.SetTargetData
                0x08001b48      0x5ac ./Drivers/BSP/Components/vl53l3cx/modules/vl53lx_api.o
 .text.SetMeasurementData
                0x080020f4      0x142 ./Drivers/BSP/Components/vl53l3cx/modules/vl53lx_api.o
 .text.VL53LX_GetMultiRangingData
                0x08002236       0x4e ./Drivers/BSP/Components/vl53l3cx/modules/vl53lx_api.o
                0x08002236                VL53LX_GetMultiRangingData
 .text.VL53LX_PerformRefSpadManagement
                0x08002284      0x108 ./Drivers/BSP/Components/vl53l3cx/modules/vl53lx_api.o
                0x08002284                VL53LX_PerformRefSpadManagement
 .text.VL53LX_SmudgeCorrectionEnable
                0x0800238c       0xf0 ./Drivers/BSP/Components/vl53l3cx/modules/vl53lx_api.o
                0x0800238c                VL53LX_SmudgeCorrectionEnable
 .text.VL53LX_run_ref_spad_char
                0x0800247c      0x19a ./Drivers/BSP/Components/vl53l3cx/modules/vl53lx_api_calibration.o
                0x0800247c                VL53LX_run_ref_spad_char
 .text.VL53LX_run_device_test
                0x08002616       0xea ./Drivers/BSP/Components/vl53l3cx/modules/vl53lx_api_calibration.o
                0x08002616                VL53LX_run_device_test
 .text.select_offset_per_vcsel
                0x08002700       0xce ./Drivers/BSP/Components/vl53l3cx/modules/vl53lx_api_core.o
 .text.vl53lx_diff_histo_stddev
                0x080027ce      0x122 ./Drivers/BSP/Components/vl53l3cx/modules/vl53lx_api_core.o
 .text.vl53lx_histo_merge
                0x080028f0      0x2d2 ./Drivers/BSP/Components/vl53l3cx/modules/vl53lx_api_core.o
 *fill*         0x08002bc2        0x2 
 .text.VL53LX_load_patch
                0x08002bc4      0x25c ./Drivers/BSP/Components/vl53l3cx/modules/vl53lx_api_core.o
                0x08002bc4                VL53LX_load_patch
 .text.VL53LX_unload_patch
                0x08002e20       0x6a ./Drivers/BSP/Components/vl53l3cx/modules/vl53lx_api_core.o
                0x08002e20                VL53LX_unload_patch
 .text.VL53LX_data_init
                0x08002e8a      0x362 ./Drivers/BSP/Components/vl53l3cx/modules/vl53lx_api_core.o
                0x08002e8a                VL53LX_data_init
 .text.VL53LX_read_p2p_data
                0x080031ec      0x24c ./Drivers/BSP/Components/vl53l3cx/modules/vl53lx_api_core.o
                0x080031ec                VL53LX_read_p2p_data
 .text.VL53LX_set_inter_measurement_period_ms
                0x08003438       0x5c ./Drivers/BSP/Components/vl53l3cx/modules/vl53lx_api_core.o
                0x08003438                VL53LX_set_inter_measurement_period_ms
 .text.VL53LX_set_timeouts_us
                0x08003494       0x72 ./Drivers/BSP/Components/vl53l3cx/modules/vl53lx_api_core.o
                0x08003494                VL53LX_set_timeouts_us
 .text.VL53LX_get_timeouts_us
                0x08003506       0xd4 ./Drivers/BSP/Components/vl53l3cx/modules/vl53lx_api_core.o
                0x08003506                VL53LX_get_timeouts_us
 .text.VL53LX_set_user_zone
                0x080035da       0x48 ./Drivers/BSP/Components/vl53l3cx/modules/vl53lx_api_core.o
                0x080035da                VL53LX_set_user_zone
 .text.VL53LX_get_mode_mitigation_roi
                0x08003622       0x6a ./Drivers/BSP/Components/vl53l3cx/modules/vl53lx_api_core.o
                0x08003622                VL53LX_get_mode_mitigation_roi
 .text.VL53LX_init_zone_config_histogram_bins
                0x0800368c       0x3e ./Drivers/BSP/Components/vl53l3cx/modules/vl53lx_api_core.o
                0x0800368c                VL53LX_init_zone_config_histogram_bins
 .text.VL53LX_set_zone_config
                0x080036ca       0x86 ./Drivers/BSP/Components/vl53l3cx/modules/vl53lx_api_core.o
                0x080036ca                VL53LX_set_zone_config
 .text.VL53LX_get_preset_mode_timing_cfg
                0x08003750       0xc2 ./Drivers/BSP/Components/vl53l3cx/modules/vl53lx_api_core.o
                0x08003750                VL53LX_get_preset_mode_timing_cfg
 .text.VL53LX_set_preset_mode
                0x08003812      0x186 ./Drivers/BSP/Components/vl53l3cx/modules/vl53lx_api_core.o
                0x08003812                VL53LX_set_preset_mode
 .text.VL53LX_init_and_start_range
                0x08003998      0x59c ./Drivers/BSP/Components/vl53l3cx/modules/vl53lx_api_core.o
                0x08003998                VL53LX_init_and_start_range
 .text.VL53LX_stop_range
                0x08003f34       0xa0 ./Drivers/BSP/Components/vl53l3cx/modules/vl53lx_api_core.o
                0x08003f34                VL53LX_stop_range
 .text.VL53LX_get_measurement_results
                0x08003fd4      0x17e ./Drivers/BSP/Components/vl53l3cx/modules/vl53lx_api_core.o
                0x08003fd4                VL53LX_get_measurement_results
 .text.VL53LX_get_device_results
                0x08004152      0x804 ./Drivers/BSP/Components/vl53l3cx/modules/vl53lx_api_core.o
                0x08004152                VL53LX_get_device_results
 .text.VL53LX_clear_interrupt_and_enable_next_range
                0x08004956       0x34 ./Drivers/BSP/Components/vl53l3cx/modules/vl53lx_api_core.o
                0x08004956                VL53LX_clear_interrupt_and_enable_next_range
 *fill*         0x0800498a        0x2 
 .text.VL53LX_get_histogram_bin_data
                0x0800498c      0x604 ./Drivers/BSP/Components/vl53l3cx/modules/vl53lx_api_core.o
                0x0800498c                VL53LX_get_histogram_bin_data
 .text.VL53LX_copy_sys_and_core_results_to_range_results
                0x08004f90      0x2e8 ./Drivers/BSP/Components/vl53l3cx/modules/vl53lx_api_core.o
                0x08004f90                VL53LX_copy_sys_and_core_results_to_range_results
 .text.VL53LX_set_zone_dss_config
                0x08005278       0x4e ./Drivers/BSP/Components/vl53l3cx/modules/vl53lx_api_core.o
                0x08005278                VL53LX_set_zone_dss_config
 .text.VL53LX_set_dmax_mode
                0x080052c6       0x2c ./Drivers/BSP/Components/vl53l3cx/modules/vl53lx_api_core.o
                0x080052c6                VL53LX_set_dmax_mode
 .text.VL53LX_get_dmax_calibration_data
                0x080052f2       0x54 ./Drivers/BSP/Components/vl53l3cx/modules/vl53lx_api_core.o
                0x080052f2                VL53LX_get_dmax_calibration_data
 *fill*         0x08005346        0x2 
 .text.VL53LX_get_tuning_parm
                0x08005348      0xde8 ./Drivers/BSP/Components/vl53l3cx/modules/vl53lx_api_core.o
                0x08005348                VL53LX_get_tuning_parm
 .text.VL53LX_dynamic_xtalk_correction_enable
                0x08006130       0x2e ./Drivers/BSP/Components/vl53l3cx/modules/vl53lx_api_core.o
                0x08006130                VL53LX_dynamic_xtalk_correction_enable
 .text.VL53LX_dynamic_xtalk_correction_disable
                0x0800615e       0x2e ./Drivers/BSP/Components/vl53l3cx/modules/vl53lx_api_core.o
                0x0800615e                VL53LX_dynamic_xtalk_correction_disable
 .text.VL53LX_dynamic_xtalk_correction_apply_disable
                0x0800618c       0x2e ./Drivers/BSP/Components/vl53l3cx/modules/vl53lx_api_core.o
                0x0800618c                VL53LX_dynamic_xtalk_correction_apply_disable
 .text.VL53LX_dynamic_xtalk_correction_single_apply_enable
                0x080061ba       0x2e ./Drivers/BSP/Components/vl53l3cx/modules/vl53lx_api_core.o
                0x080061ba                VL53LX_dynamic_xtalk_correction_single_apply_enable
 .text.VL53LX_dynamic_xtalk_correction_single_apply_disable
                0x080061e8       0x2e ./Drivers/BSP/Components/vl53l3cx/modules/vl53lx_api_core.o
                0x080061e8                VL53LX_dynamic_xtalk_correction_single_apply_disable
 .text.VL53LX_dynamic_xtalk_correction_apply_enable
                0x08006216       0x2e ./Drivers/BSP/Components/vl53l3cx/modules/vl53lx_api_core.o
                0x08006216                VL53LX_dynamic_xtalk_correction_apply_enable
 .text.VL53LX_init_refspadchar_config_struct
                0x08006244       0x48 ./Drivers/BSP/Components/vl53l3cx/modules/vl53lx_api_preset_modes.o
                0x08006244                VL53LX_init_refspadchar_config_struct
 .text.VL53LX_init_ssc_config_struct
                0x0800628c       0x42 ./Drivers/BSP/Components/vl53l3cx/modules/vl53lx_api_preset_modes.o
                0x0800628c                VL53LX_init_ssc_config_struct
 .text.VL53LX_init_xtalk_config_struct
                0x080062ce       0xe6 ./Drivers/BSP/Components/vl53l3cx/modules/vl53lx_api_preset_modes.o
                0x080062ce                VL53LX_init_xtalk_config_struct
 .text.VL53LX_init_xtalk_extract_config_struct
                0x080063b4       0x5e ./Drivers/BSP/Components/vl53l3cx/modules/vl53lx_api_preset_modes.o
                0x080063b4                VL53LX_init_xtalk_extract_config_struct
 .text.VL53LX_init_offset_cal_config_struct
                0x08006412       0x4e ./Drivers/BSP/Components/vl53l3cx/modules/vl53lx_api_preset_modes.o
                0x08006412                VL53LX_init_offset_cal_config_struct
 .text.VL53LX_init_zone_cal_config_struct
                0x08006460       0x48 ./Drivers/BSP/Components/vl53l3cx/modules/vl53lx_api_preset_modes.o
                0x08006460                VL53LX_init_zone_cal_config_struct
 .text.VL53LX_init_hist_post_process_config_struct
                0x080064a8       0xde ./Drivers/BSP/Components/vl53l3cx/modules/vl53lx_api_preset_modes.o
                0x080064a8                VL53LX_init_hist_post_process_config_struct
 .text.VL53LX_init_tuning_parm_storage_struct
                0x08006586      0x338 ./Drivers/BSP/Components/vl53l3cx/modules/vl53lx_api_preset_modes.o
                0x08006586                VL53LX_init_tuning_parm_storage_struct
 .text.VL53LX_init_hist_gen3_dmax_config_struct
                0x080068be       0x6c ./Drivers/BSP/Components/vl53l3cx/modules/vl53lx_api_preset_modes.o
                0x080068be                VL53LX_init_hist_gen3_dmax_config_struct
 .text.VL53LX_preset_mode_standard_ranging
                0x0800692a      0x2f2 ./Drivers/BSP/Components/vl53l3cx/modules/vl53lx_api_preset_modes.o
                0x0800692a                VL53LX_preset_mode_standard_ranging
 .text.VL53LX_preset_mode_histogram_ranging
                0x08006c1c      0x12a ./Drivers/BSP/Components/vl53l3cx/modules/vl53lx_api_preset_modes.o
                0x08006c1c                VL53LX_preset_mode_histogram_ranging
 .text.VL53LX_preset_mode_histogram_long_range
                0x08006d46      0x13c ./Drivers/BSP/Components/vl53l3cx/modules/vl53lx_api_preset_modes.o
                0x08006d46                VL53LX_preset_mode_histogram_long_range
 .text.VL53LX_preset_mode_histogram_medium_range
                0x08006e82      0x13c ./Drivers/BSP/Components/vl53l3cx/modules/vl53lx_api_preset_modes.o
                0x08006e82                VL53LX_preset_mode_histogram_medium_range
 .text.VL53LX_preset_mode_histogram_short_range
                0x08006fbe      0x13c ./Drivers/BSP/Components/vl53l3cx/modules/vl53lx_api_preset_modes.o
                0x08006fbe                VL53LX_preset_mode_histogram_short_range
 .text.VL53LX_copy_hist_cfg_to_static_cfg
                0x080070fa       0xde ./Drivers/BSP/Components/vl53l3cx/modules/vl53lx_api_preset_modes.o
                0x080070fa                VL53LX_copy_hist_cfg_to_static_cfg
 .text.VL53LX_copy_hist_bins_to_static_cfg
                0x080071d8       0xbc ./Drivers/BSP/Components/vl53l3cx/modules/vl53lx_api_preset_modes.o
                0x080071d8                VL53LX_copy_hist_bins_to_static_cfg
 .text.VL53LX_init_version
                0x08007294       0x38 ./Drivers/BSP/Components/vl53l3cx/modules/vl53lx_core.o
                0x08007294                VL53LX_init_version
 .text.VL53LX_init_ll_driver_state
                0x080072cc       0x60 ./Drivers/BSP/Components/vl53l3cx/modules/vl53lx_core.o
                0x080072cc                VL53LX_init_ll_driver_state
 .text.VL53LX_update_ll_driver_rd_state
                0x0800732c      0x1dc ./Drivers/BSP/Components/vl53l3cx/modules/vl53lx_core.o
                0x0800732c                VL53LX_update_ll_driver_rd_state
 .text.VL53LX_check_ll_driver_rd_state
                0x08007508      0x164 ./Drivers/BSP/Components/vl53l3cx/modules/vl53lx_core.o
                0x08007508                VL53LX_check_ll_driver_rd_state
 .text.VL53LX_update_ll_driver_cfg_state
                0x0800766c      0x24c ./Drivers/BSP/Components/vl53l3cx/modules/vl53lx_core.o
                0x0800766c                VL53LX_update_ll_driver_cfg_state
 .text.VL53LX_copy_rtn_good_spads_to_buffer
                0x080078b8      0x174 ./Drivers/BSP/Components/vl53l3cx/modules/vl53lx_core.o
                0x080078b8                VL53LX_copy_rtn_good_spads_to_buffer
 .text.VL53LX_init_system_results
                0x08007a2c       0xcc ./Drivers/BSP/Components/vl53l3cx/modules/vl53lx_core.o
                0x08007a2c                VL53LX_init_system_results
 .text.V53L1_init_zone_results_structure
                0x08007af8       0x6a ./Drivers/BSP/Components/vl53l3cx/modules/vl53lx_core.o
                0x08007af8                V53L1_init_zone_results_structure
 .text.V53L1_init_zone_dss_configs
                0x08007b62       0x6a ./Drivers/BSP/Components/vl53l3cx/modules/vl53lx_core.o
                0x08007b62                V53L1_init_zone_dss_configs
 .text.VL53LX_init_histogram_config_structure
                0x08007bcc      0x120 ./Drivers/BSP/Components/vl53l3cx/modules/vl53lx_core.o
                0x08007bcc                VL53LX_init_histogram_config_structure
 .text.VL53LX_init_histogram_multizone_config_structure
                0x08007cec      0x120 ./Drivers/BSP/Components/vl53l3cx/modules/vl53lx_core.o
                0x08007cec                VL53LX_init_histogram_multizone_config_structure
 .text.VL53LX_init_xtalk_bin_data_struct
                0x08007e0c       0xa6 ./Drivers/BSP/Components/vl53l3cx/modules/vl53lx_core.o
                0x08007e0c                VL53LX_init_xtalk_bin_data_struct
 .text.VL53LX_i2c_encode_uint16_t
                0x08007eb2       0x56 ./Drivers/BSP/Components/vl53l3cx/modules/vl53lx_core.o
                0x08007eb2                VL53LX_i2c_encode_uint16_t
 .text.VL53LX_i2c_decode_uint16_t
                0x08007f08       0x42 ./Drivers/BSP/Components/vl53l3cx/modules/vl53lx_core.o
                0x08007f08                VL53LX_i2c_decode_uint16_t
 .text.VL53LX_i2c_encode_int16_t
                0x08007f4a       0x58 ./Drivers/BSP/Components/vl53l3cx/modules/vl53lx_core.o
                0x08007f4a                VL53LX_i2c_encode_int16_t
 .text.VL53LX_i2c_decode_int16_t
                0x08007fa2       0x50 ./Drivers/BSP/Components/vl53l3cx/modules/vl53lx_core.o
                0x08007fa2                VL53LX_i2c_decode_int16_t
 .text.VL53LX_i2c_encode_uint32_t
                0x08007ff2       0x54 ./Drivers/BSP/Components/vl53l3cx/modules/vl53lx_core.o
                0x08007ff2                VL53LX_i2c_encode_uint32_t
 .text.VL53LX_i2c_decode_uint32_t
                0x08008046       0x3a ./Drivers/BSP/Components/vl53l3cx/modules/vl53lx_core.o
                0x08008046                VL53LX_i2c_decode_uint32_t
 .text.VL53LX_i2c_decode_int32_t
                0x08008080       0x4a ./Drivers/BSP/Components/vl53l3cx/modules/vl53lx_core.o
                0x08008080                VL53LX_i2c_decode_int32_t
 .text.VL53LX_start_test
                0x080080ca       0x34 ./Drivers/BSP/Components/vl53l3cx/modules/vl53lx_core.o
                0x080080ca                VL53LX_start_test
 .text.VL53LX_set_firmware_enable_register
                0x080080fe       0x3e ./Drivers/BSP/Components/vl53l3cx/modules/vl53lx_core.o
                0x080080fe                VL53LX_set_firmware_enable_register
 .text.VL53LX_enable_firmware
                0x0800813c       0x24 ./Drivers/BSP/Components/vl53l3cx/modules/vl53lx_core.o
                0x0800813c                VL53LX_enable_firmware
 .text.VL53LX_disable_firmware
                0x08008160       0x24 ./Drivers/BSP/Components/vl53l3cx/modules/vl53lx_core.o
                0x08008160                VL53LX_disable_firmware
 .text.VL53LX_set_powerforce_register
                0x08008184       0x3e ./Drivers/BSP/Components/vl53l3cx/modules/vl53lx_core.o
                0x08008184                VL53LX_set_powerforce_register
 .text.VL53LX_enable_powerforce
                0x080081c2       0x24 ./Drivers/BSP/Components/vl53l3cx/modules/vl53lx_core.o
                0x080081c2                VL53LX_enable_powerforce
 .text.VL53LX_disable_powerforce
                0x080081e6       0x24 ./Drivers/BSP/Components/vl53l3cx/modules/vl53lx_core.o
                0x080081e6                VL53LX_disable_powerforce
 .text.VL53LX_clear_interrupt
                0x0800820a       0x3a ./Drivers/BSP/Components/vl53l3cx/modules/vl53lx_core.o
                0x0800820a                VL53LX_clear_interrupt
 .text.VL53LX_calc_macro_period_us
                0x08008244       0x5e ./Drivers/BSP/Components/vl53l3cx/modules/vl53lx_core.o
                0x08008244                VL53LX_calc_macro_period_us
 *fill*         0x080082a2        0x2 
 .text.VL53LX_calc_range_ignore_threshold
                0x080082a4       0xc4 ./Drivers/BSP/Components/vl53l3cx/modules/vl53lx_core.o
                0x080082a4                VL53LX_calc_range_ignore_threshold
 .text.VL53LX_calc_timeout_mclks
                0x08008368       0x3a ./Drivers/BSP/Components/vl53l3cx/modules/vl53lx_core.o
                0x08008368                VL53LX_calc_timeout_mclks
 .text.VL53LX_calc_encoded_timeout
                0x080083a2       0x30 ./Drivers/BSP/Components/vl53l3cx/modules/vl53lx_core.o
                0x080083a2                VL53LX_calc_encoded_timeout
 .text.VL53LX_calc_timeout_us
                0x080083d2       0x80 ./Drivers/BSP/Components/vl53l3cx/modules/vl53lx_core.o
                0x080083d2                VL53LX_calc_timeout_us
 *fill*         0x08008452        0x2 
 .text.VL53LX_calc_crosstalk_plane_offset_with_margin
                0x08008454       0x4c ./Drivers/BSP/Components/vl53l3cx/modules/vl53lx_core.o
                0x08008454                VL53LX_calc_crosstalk_plane_offset_with_margin
 .text.VL53LX_calc_decoded_timeout_us
                0x080084a0       0x32 ./Drivers/BSP/Components/vl53l3cx/modules/vl53lx_core.o
                0x080084a0                VL53LX_calc_decoded_timeout_us
 .text.VL53LX_encode_timeout
                0x080084d2       0x54 ./Drivers/BSP/Components/vl53l3cx/modules/vl53lx_core.o
                0x080084d2                VL53LX_encode_timeout
 .text.VL53LX_decode_timeout
                0x08008526       0x2c ./Drivers/BSP/Components/vl53l3cx/modules/vl53lx_core.o
                0x08008526                VL53LX_decode_timeout
 .text.VL53LX_calc_timeout_register_values
                0x08008552       0xf2 ./Drivers/BSP/Components/vl53l3cx/modules/vl53lx_core.o
                0x08008552                VL53LX_calc_timeout_register_values
 .text.VL53LX_hist_copy_and_scale_ambient_info
                0x08008644      0x1fc ./Drivers/BSP/Components/vl53l3cx/modules/vl53lx_core.o
                0x08008644                VL53LX_hist_copy_and_scale_ambient_info
 .text.VL53LX_hist_get_bin_sequence_config
                0x08008840      0x2bc ./Drivers/BSP/Components/vl53l3cx/modules/vl53lx_core.o
                0x08008840                VL53LX_hist_get_bin_sequence_config
 .text.VL53LX_hist_phase_consistency_check
                0x08008afc      0x262 ./Drivers/BSP/Components/vl53l3cx/modules/vl53lx_core.o
                0x08008afc                VL53LX_hist_phase_consistency_check
 .text.VL53LX_hist_events_consistency_check
                0x08008d5e      0x624 ./Drivers/BSP/Components/vl53l3cx/modules/vl53lx_core.o
                0x08008d5e                VL53LX_hist_events_consistency_check
 .text.VL53LX_hist_merged_pulse_check
                0x08009382       0x86 ./Drivers/BSP/Components/vl53l3cx/modules/vl53lx_core.o
                0x08009382                VL53LX_hist_merged_pulse_check
 .text.VL53LX_hist_xmonitor_consistency_check
                0x08009408       0xb0 ./Drivers/BSP/Components/vl53l3cx/modules/vl53lx_core.o
                0x08009408                VL53LX_hist_xmonitor_consistency_check
 .text.VL53LX_hist_wrap_dmax
                0x080094b8       0x6c ./Drivers/BSP/Components/vl53l3cx/modules/vl53lx_core.o
                0x080094b8                VL53LX_hist_wrap_dmax
 .text.VL53LX_hist_combine_mm1_mm2_offsets
                0x08009524      0x11e ./Drivers/BSP/Components/vl53l3cx/modules/vl53lx_core.o
                0x08009524                VL53LX_hist_combine_mm1_mm2_offsets
 .text.VL53LX_spad_number_to_byte_bit_index
                0x08009642       0x42 ./Drivers/BSP/Components/vl53l3cx/modules/vl53lx_core.o
                0x08009642                VL53LX_spad_number_to_byte_bit_index
 .text.VL53LX_encode_row_col
                0x08009684       0x4e ./Drivers/BSP/Components/vl53l3cx/modules/vl53lx_core.o
                0x08009684                VL53LX_encode_row_col
 .text.VL53LX_decode_zone_size
                0x080096d2       0x30 ./Drivers/BSP/Components/vl53l3cx/modules/vl53lx_core.o
                0x080096d2                VL53LX_decode_zone_size
 .text.VL53LX_encode_zone_size
                0x08009702       0x2c ./Drivers/BSP/Components/vl53l3cx/modules/vl53lx_core.o
                0x08009702                VL53LX_encode_zone_size
 .text.VL53LX_decode_zone_limits
                0x0800972e       0xea ./Drivers/BSP/Components/vl53l3cx/modules/vl53lx_core.o
                0x0800972e                VL53LX_decode_zone_limits
 .text.VL53LX_is_aperture_location
                0x08009818       0x52 ./Drivers/BSP/Components/vl53l3cx/modules/vl53lx_core.o
                0x08009818                VL53LX_is_aperture_location
 .text.VL53LX_calc_max_effective_spads
                0x0800986a      0x11c ./Drivers/BSP/Components/vl53l3cx/modules/vl53lx_core.o
                0x0800986a                VL53LX_calc_max_effective_spads
 .text.VL53LX_calc_mm_effective_spads
                0x08009986      0x19e ./Drivers/BSP/Components/vl53l3cx/modules/vl53lx_core.o
                0x08009986                VL53LX_calc_mm_effective_spads
 .text.VL53LX_hist_copy_results_to_sys_and_core
                0x08009b24      0x136 ./Drivers/BSP/Components/vl53l3cx/modules/vl53lx_core.o
                0x08009b24                VL53LX_hist_copy_results_to_sys_and_core
 .text.VL53LX_save_cfg_data
                0x08009c5a       0x72 ./Drivers/BSP/Components/vl53l3cx/modules/vl53lx_core.o
                0x08009c5a                VL53LX_save_cfg_data
 .text.VL53LX_dynamic_zone_update
                0x08009ccc       0xf4 ./Drivers/BSP/Components/vl53l3cx/modules/vl53lx_core.o
                0x08009ccc                VL53LX_dynamic_zone_update
 .text.VL53LX_multizone_hist_bins_update
                0x08009dc0      0x154 ./Drivers/BSP/Components/vl53l3cx/modules/vl53lx_core.o
                0x08009dc0                VL53LX_multizone_hist_bins_update
 .text.VL53LX_update_internal_stream_counters
                0x08009f14       0x7e ./Drivers/BSP/Components/vl53l3cx/modules/vl53lx_core.o
                0x08009f14                VL53LX_update_internal_stream_counters
 .text.VL53LX_set_ref_spad_char_config
                0x08009f92      0x146 ./Drivers/BSP/Components/vl53l3cx/modules/vl53lx_core.o
                0x08009f92                VL53LX_set_ref_spad_char_config
 .text.VL53LX_dynamic_xtalk_correction_calc_required_samples
                0x0800a0d8      0x2ca ./Drivers/BSP/Components/vl53l3cx/modules/vl53lx_core.o
                0x0800a0d8                VL53LX_dynamic_xtalk_correction_calc_required_samples
 *fill*         0x0800a3a2        0x2 
 .text.VL53LX_dynamic_xtalk_correction_calc_new_xtalk
                0x0800a3a4      0x368 ./Drivers/BSP/Components/vl53l3cx/modules/vl53lx_core.o
                0x0800a3a4                VL53LX_dynamic_xtalk_correction_calc_new_xtalk
 .text.VL53LX_dynamic_xtalk_correction_corrector
                0x0800a70c      0x564 ./Drivers/BSP/Components/vl53l3cx/modules/vl53lx_core.o
                0x0800a70c                VL53LX_dynamic_xtalk_correction_corrector
 .text.VL53LX_dynamic_xtalk_correction_data_init
                0x0800ac70      0x18c ./Drivers/BSP/Components/vl53l3cx/modules/vl53lx_core.o
                0x0800ac70                VL53LX_dynamic_xtalk_correction_data_init
 .text.VL53LX_dynamic_xtalk_correction_output_init
                0x0800adfc       0x60 ./Drivers/BSP/Components/vl53l3cx/modules/vl53lx_core.o
                0x0800adfc                VL53LX_dynamic_xtalk_correction_output_init
 .text.VL53LX_xtalk_cal_data_init
                0x0800ae5c       0x56 ./Drivers/BSP/Components/vl53l3cx/modules/vl53lx_core.o
                0x0800ae5c                VL53LX_xtalk_cal_data_init
 .text.VL53LX_low_power_auto_data_init
                0x0800aeb2       0x90 ./Drivers/BSP/Components/vl53l3cx/modules/vl53lx_core.o
                0x0800aeb2                VL53LX_low_power_auto_data_init
 .text.VL53LX_low_power_auto_data_stop_range
                0x0800af42       0x98 ./Drivers/BSP/Components/vl53l3cx/modules/vl53lx_core.o
                0x0800af42                VL53LX_low_power_auto_data_stop_range
 .text.VL53LX_low_power_auto_setup_manual_calibration
                0x0800afda       0xa4 ./Drivers/BSP/Components/vl53l3cx/modules/vl53lx_core.o
                0x0800afda                VL53LX_low_power_auto_setup_manual_calibration
 .text.VL53LX_low_power_auto_update_DSS
                0x0800b07e      0x112 ./Drivers/BSP/Components/vl53l3cx/modules/vl53lx_core.o
                0x0800b07e                VL53LX_low_power_auto_update_DSS
 .text.VL53LX_compute_histo_merge_nb
                0x0800b190       0x80 ./Drivers/BSP/Components/vl53l3cx/modules/vl53lx_core.o
                0x0800b190                VL53LX_compute_histo_merge_nb
 .text.VL53LX_calc_pll_period_us
                0x0800b210       0x2e ./Drivers/BSP/Components/vl53l3cx/modules/vl53lx_core_support.o
                0x0800b210                VL53LX_calc_pll_period_us
 .text.VL53LX_duration_maths
                0x0800b23e       0xb2 ./Drivers/BSP/Components/vl53l3cx/modules/vl53lx_core_support.o
                0x0800b23e                VL53LX_duration_maths
 .text.VL53LX_events_per_spad_maths
                0x0800b2f0      0x132 ./Drivers/BSP/Components/vl53l3cx/modules/vl53lx_core_support.o
                0x0800b2f0                VL53LX_events_per_spad_maths
 .text.VL53LX_isqrt
                0x0800b422       0x68 ./Drivers/BSP/Components/vl53l3cx/modules/vl53lx_core_support.o
                0x0800b422                VL53LX_isqrt
 .text.VL53LX_hist_calc_zero_distance_phase
                0x0800b48a       0x80 ./Drivers/BSP/Components/vl53l3cx/modules/vl53lx_core_support.o
                0x0800b48a                VL53LX_hist_calc_zero_distance_phase
 .text.VL53LX_hist_estimate_ambient_from_thresholded_bins
                0x0800b50a       0xf4 ./Drivers/BSP/Components/vl53l3cx/modules/vl53lx_core_support.o
                0x0800b50a                VL53LX_hist_estimate_ambient_from_thresholded_bins
 .text.VL53LX_hist_remove_ambient_bins
                0x0800b5fe       0xf2 ./Drivers/BSP/Components/vl53l3cx/modules/vl53lx_core_support.o
                0x0800b5fe                VL53LX_hist_remove_ambient_bins
 .text.VL53LX_calc_pll_period_mm
                0x0800b6f0       0x3e ./Drivers/BSP/Components/vl53l3cx/modules/vl53lx_core_support.o
                0x0800b6f0                VL53LX_calc_pll_period_mm
 .text.VL53LX_rate_maths
                0x0800b72e       0x8a ./Drivers/BSP/Components/vl53l3cx/modules/vl53lx_core_support.o
                0x0800b72e                VL53LX_rate_maths
 .text.VL53LX_rate_per_spad_maths
                0x0800b7b8       0x68 ./Drivers/BSP/Components/vl53l3cx/modules/vl53lx_core_support.o
                0x0800b7b8                VL53LX_rate_per_spad_maths
 .text.VL53LX_range_maths
                0x0800b820      0x1d0 ./Drivers/BSP/Components/vl53l3cx/modules/vl53lx_core_support.o
                0x0800b820                VL53LX_range_maths
 .text.VL53LX_decode_vcsel_period
                0x0800b9f0       0x26 ./Drivers/BSP/Components/vl53l3cx/modules/vl53lx_core_support.o
                0x0800b9f0                VL53LX_decode_vcsel_period
 .text.VL53LX_copy_xtalk_bin_data_to_histogram_data_struct
                0x0800ba16       0x7c ./Drivers/BSP/Components/vl53l3cx/modules/vl53lx_core_support.o
                0x0800ba16                VL53LX_copy_xtalk_bin_data_to_histogram_data_struct
 .text.VL53LX_init_histogram_bin_data_struct
                0x0800ba92      0x152 ./Drivers/BSP/Components/vl53l3cx/modules/vl53lx_core_support.o
                0x0800ba92                VL53LX_init_histogram_bin_data_struct
 .text.VL53LX_decode_row_col
                0x0800bbe4       0x5e ./Drivers/BSP/Components/vl53l3cx/modules/vl53lx_core_support.o
                0x0800bbe4                VL53LX_decode_row_col
 .text.VL53LX_hist_find_min_max_bin_values
                0x0800bc42       0x84 ./Drivers/BSP/Components/vl53l3cx/modules/vl53lx_core_support.o
                0x0800bc42                VL53LX_hist_find_min_max_bin_values
 .text.VL53LX_hist_estimate_ambient_from_ambient_bins
                0x0800bcc6       0x96 ./Drivers/BSP/Components/vl53l3cx/modules/vl53lx_core_support.o
                0x0800bcc6                VL53LX_hist_estimate_ambient_from_ambient_bins
 .text.VL53LX_f_001
                0x0800bd5c      0x84a ./Drivers/BSP/Components/vl53l3cx/modules/vl53lx_dmax.o
                0x0800bd5c                VL53LX_f_001
 .text.VL53LX_f_002
                0x0800c5a6       0x72 ./Drivers/BSP/Components/vl53l3cx/modules/vl53lx_dmax.o
                0x0800c5a6                VL53LX_f_002
 .text.VL53LX_f_003
                0x0800c618       0xf2 ./Drivers/BSP/Components/vl53l3cx/modules/vl53lx_hist_algos_gen3.o
                0x0800c618                VL53LX_f_003
 .text.VL53LX_f_006
                0x0800c70a      0x260 ./Drivers/BSP/Components/vl53l3cx/modules/vl53lx_hist_algos_gen3.o
                0x0800c70a                VL53LX_f_006
 .text.VL53LX_f_007
                0x0800c96a       0x9c ./Drivers/BSP/Components/vl53l3cx/modules/vl53lx_hist_algos_gen3.o
                0x0800c96a                VL53LX_f_007
 .text.VL53LX_f_008
                0x0800ca06       0xfc ./Drivers/BSP/Components/vl53l3cx/modules/vl53lx_hist_algos_gen3.o
                0x0800ca06                VL53LX_f_008
 .text.VL53LX_f_009
                0x0800cb02      0x1a4 ./Drivers/BSP/Components/vl53l3cx/modules/vl53lx_hist_algos_gen3.o
                0x0800cb02                VL53LX_f_009
 .text.VL53LX_f_016
                0x0800cca6      0x108 ./Drivers/BSP/Components/vl53l3cx/modules/vl53lx_hist_algos_gen3.o
                0x0800cca6                VL53LX_f_016
 .text.VL53LX_f_010
                0x0800cdae       0xa6 ./Drivers/BSP/Components/vl53l3cx/modules/vl53lx_hist_algos_gen3.o
                0x0800cdae                VL53LX_f_010
 .text.VL53LX_f_015
                0x0800ce54      0x16e ./Drivers/BSP/Components/vl53l3cx/modules/vl53lx_hist_algos_gen3.o
                0x0800ce54                VL53LX_f_015
 .text.VL53LX_f_020
                0x0800cfc2      0x22c ./Drivers/BSP/Components/vl53l3cx/modules/vl53lx_hist_algos_gen3.o
                0x0800cfc2                VL53LX_f_020
 .text.VL53LX_f_011
                0x0800d1ee       0xa8 ./Drivers/BSP/Components/vl53l3cx/modules/vl53lx_hist_algos_gen3.o
                0x0800d1ee                VL53LX_f_011
 .text.VL53LX_f_014
                0x0800d296      0x150 ./Drivers/BSP/Components/vl53l3cx/modules/vl53lx_hist_algos_gen3.o
                0x0800d296                VL53LX_f_014
 .text.VL53LX_f_017
                0x0800d3e6      0x154 ./Drivers/BSP/Components/vl53l3cx/modules/vl53lx_hist_algos_gen3.o
                0x0800d3e6                VL53LX_f_017
 .text.VL53LX_f_025
                0x0800d53a      0x41e ./Drivers/BSP/Components/vl53l3cx/modules/vl53lx_hist_algos_gen4.o
                0x0800d53a                VL53LX_f_025
 .text.VL53LX_f_026
                0x0800d958      0x118 ./Drivers/BSP/Components/vl53l3cx/modules/vl53lx_hist_algos_gen4.o
                0x0800d958                VL53LX_f_026
 .text.VL53LX_f_027
                0x0800da70      0x1d0 ./Drivers/BSP/Components/vl53l3cx/modules/vl53lx_hist_algos_gen4.o
                0x0800da70                VL53LX_f_027
 .text.VL53LX_f_028
                0x0800dc40      0x29a ./Drivers/BSP/Components/vl53l3cx/modules/vl53lx_hist_algos_gen4.o
                0x0800dc40                VL53LX_f_028
 .text.VL53LX_f_022
                0x0800deda       0xb2 ./Drivers/BSP/Components/vl53l3cx/modules/vl53lx_hist_core.o
                0x0800deda                VL53LX_f_022
 .text.VL53LX_f_018
                0x0800df8c      0x14a ./Drivers/BSP/Components/vl53l3cx/modules/vl53lx_hist_core.o
                0x0800df8c                VL53LX_f_018
 .text.VL53LX_f_019
                0x0800e0d6       0x94 ./Drivers/BSP/Components/vl53l3cx/modules/vl53lx_hist_core.o
                0x0800e0d6                VL53LX_f_019
 .text.VL53LX_f_005
                0x0800e16a      0x140 ./Drivers/BSP/Components/vl53l3cx/modules/vl53lx_hist_core.o
                0x0800e16a                VL53LX_f_005
 .text.VL53LX_f_030
                0x0800e2aa       0x8e ./Drivers/BSP/Components/vl53l3cx/modules/vl53lx_hist_core.o
                0x0800e2aa                VL53LX_f_030
 .text.VL53LX_f_031
                0x0800e338      0x2ea ./Drivers/BSP/Components/vl53l3cx/modules/vl53lx_hist_core.o
                0x0800e338                VL53LX_f_031
 .text.VL53LX_hist_process_data
                0x0800e622      0x426 ./Drivers/BSP/Components/vl53l3cx/modules/vl53lx_hist_funcs.o
                0x0800e622                VL53LX_hist_process_data
 .text.VL53LX_nvm_enable
                0x0800ea48       0xcc ./Drivers/BSP/Components/vl53l3cx/modules/vl53lx_nvm.o
                0x0800ea48                VL53LX_nvm_enable
 .text.VL53LX_nvm_read
                0x0800eb14       0xbc ./Drivers/BSP/Components/vl53l3cx/modules/vl53lx_nvm.o
                0x0800eb14                VL53LX_nvm_read
 .text.VL53LX_nvm_disable
                0x0800ebd0       0x6c ./Drivers/BSP/Components/vl53l3cx/modules/vl53lx_nvm.o
                0x0800ebd0                VL53LX_nvm_disable
 .text.VL53LX_nvm_decode_optical_centre
                0x0800ec3c       0x5e ./Drivers/BSP/Components/vl53l3cx/modules/vl53lx_nvm.o
                0x0800ec3c                VL53LX_nvm_decode_optical_centre
 .text.VL53LX_nvm_decode_cal_peak_rate_map
                0x0800ec9a       0xac ./Drivers/BSP/Components/vl53l3cx/modules/vl53lx_nvm.o
                0x0800ec9a                VL53LX_nvm_decode_cal_peak_rate_map
 .text.VL53LX_nvm_decode_additional_offset_cal_data
                0x0800ed46       0x76 ./Drivers/BSP/Components/vl53l3cx/modules/vl53lx_nvm.o
                0x0800ed46                VL53LX_nvm_decode_additional_offset_cal_data
 .text.VL53LX_nvm_decode_fmt_range_results_data
                0x0800edbc       0xc2 ./Drivers/BSP/Components/vl53l3cx/modules/vl53lx_nvm.o
                0x0800edbc                VL53LX_nvm_decode_fmt_range_results_data
 .text.VL53LX_read_nvm_raw_data
                0x0800ee7e       0x62 ./Drivers/BSP/Components/vl53l3cx/modules/vl53lx_nvm.o
                0x0800ee7e                VL53LX_read_nvm_raw_data
 .text.VL53LX_read_nvm_optical_centre
                0x0800eee0       0x46 ./Drivers/BSP/Components/vl53l3cx/modules/vl53lx_nvm.o
                0x0800eee0                VL53LX_read_nvm_optical_centre
 .text.VL53LX_read_nvm_cal_peak_rate_map
                0x0800ef26       0x4c ./Drivers/BSP/Components/vl53l3cx/modules/vl53lx_nvm.o
                0x0800ef26                VL53LX_read_nvm_cal_peak_rate_map
 .text.VL53LX_read_nvm_additional_offset_cal_data
                0x0800ef72       0x46 ./Drivers/BSP/Components/vl53l3cx/modules/vl53lx_nvm.o
                0x0800ef72                VL53LX_read_nvm_additional_offset_cal_data
 .text.VL53LX_read_nvm_fmt_range_results_data
                0x0800efb8       0x56 ./Drivers/BSP/Components/vl53l3cx/modules/vl53lx_nvm.o
                0x0800efb8                VL53LX_read_nvm_fmt_range_results_data
 .text.VL53LX_i2c_encode_static_nvm_managed
                0x0800f00e       0xb6 ./Drivers/BSP/Components/vl53l3cx/modules/vl53lx_register_funcs.o
                0x0800f00e                VL53LX_i2c_encode_static_nvm_managed
 .text.VL53LX_i2c_decode_static_nvm_managed
                0x0800f0c4       0xb4 ./Drivers/BSP/Components/vl53l3cx/modules/vl53lx_register_funcs.o
                0x0800f0c4                VL53LX_i2c_decode_static_nvm_managed
 .text.VL53LX_get_static_nvm_managed
                0x0800f178       0x4e ./Drivers/BSP/Components/vl53l3cx/modules/vl53lx_register_funcs.o
                0x0800f178                VL53LX_get_static_nvm_managed
 .text.VL53LX_i2c_encode_customer_nvm_managed
                0x0800f1c6      0x114 ./Drivers/BSP/Components/vl53l3cx/modules/vl53lx_register_funcs.o
                0x0800f1c6                VL53LX_i2c_encode_customer_nvm_managed
 .text.VL53LX_i2c_decode_customer_nvm_managed
                0x0800f2da      0x11a ./Drivers/BSP/Components/vl53l3cx/modules/vl53lx_register_funcs.o
                0x0800f2da                VL53LX_i2c_decode_customer_nvm_managed
 .text.VL53LX_get_customer_nvm_managed
                0x0800f3f4       0x96 ./Drivers/BSP/Components/vl53l3cx/modules/vl53lx_register_funcs.o
                0x0800f3f4                VL53LX_get_customer_nvm_managed
 .text.VL53LX_i2c_encode_static_config
                0x0800f48a      0x1c6 ./Drivers/BSP/Components/vl53l3cx/modules/vl53lx_register_funcs.o
                0x0800f48a                VL53LX_i2c_encode_static_config
 .text.VL53LX_i2c_encode_general_config
                0x0800f650      0x108 ./Drivers/BSP/Components/vl53l3cx/modules/vl53lx_register_funcs.o
                0x0800f650                VL53LX_i2c_encode_general_config
 .text.VL53LX_i2c_encode_timing_config
                0x0800f758      0x104 ./Drivers/BSP/Components/vl53l3cx/modules/vl53lx_register_funcs.o
                0x0800f758                VL53LX_i2c_encode_timing_config
 .text.VL53LX_i2c_encode_dynamic_config
                0x0800f85c      0x10a ./Drivers/BSP/Components/vl53l3cx/modules/vl53lx_register_funcs.o
                0x0800f85c                VL53LX_i2c_encode_dynamic_config
 .text.VL53LX_i2c_encode_system_control
                0x0800f966       0x76 ./Drivers/BSP/Components/vl53l3cx/modules/vl53lx_register_funcs.o
                0x0800f966                VL53LX_i2c_encode_system_control
 .text.VL53LX_set_system_control
                0x0800f9dc       0x4e ./Drivers/BSP/Components/vl53l3cx/modules/vl53lx_register_funcs.o
                0x0800f9dc                VL53LX_set_system_control
 .text.VL53LX_i2c_decode_system_results
                0x0800fa2a      0x1ec ./Drivers/BSP/Components/vl53l3cx/modules/vl53lx_register_funcs.o
                0x0800fa2a                VL53LX_i2c_decode_system_results
 .text.VL53LX_i2c_decode_core_results
                0x0800fc16       0xc2 ./Drivers/BSP/Components/vl53l3cx/modules/vl53lx_register_funcs.o
                0x0800fc16                VL53LX_i2c_decode_core_results
 .text.VL53LX_i2c_decode_debug_results
                0x0800fcd8      0x2e4 ./Drivers/BSP/Components/vl53l3cx/modules/vl53lx_register_funcs.o
                0x0800fcd8                VL53LX_i2c_decode_debug_results
 .text.VL53LX_i2c_decode_nvm_copy_data
                0x0800ffbc      0x24c ./Drivers/BSP/Components/vl53l3cx/modules/vl53lx_register_funcs.o
                0x0800ffbc                VL53LX_i2c_decode_nvm_copy_data
 .text.VL53LX_get_nvm_copy_data
                0x08010208       0x56 ./Drivers/BSP/Components/vl53l3cx/modules/vl53lx_register_funcs.o
                0x08010208                VL53LX_get_nvm_copy_data
 .text.VL53LX_f_023
                0x0801025e      0x6c6 ./Drivers/BSP/Components/vl53l3cx/modules/vl53lx_sigma_estimate.o
                0x0801025e                VL53LX_f_023
 .text.VL53LX_wait_for_test_completion
                0x08010924       0x72 ./Drivers/BSP/Components/vl53l3cx/modules/vl53lx_wait.o
                0x08010924                VL53LX_wait_for_test_completion
 .text.VL53LX_is_new_data_ready
                0x08010996       0x74 ./Drivers/BSP/Components/vl53l3cx/modules/vl53lx_wait.o
                0x08010996                VL53LX_is_new_data_ready
 .text.VL53LX_poll_for_boot_completion
                0x08010a0a       0x58 ./Drivers/BSP/Components/vl53l3cx/modules/vl53lx_wait.o
                0x08010a0a                VL53LX_poll_for_boot_completion
 .text.VL53LX_poll_for_range_completion
                0x08010a62       0x5c ./Drivers/BSP/Components/vl53l3cx/modules/vl53lx_wait.o
                0x08010a62                VL53LX_poll_for_range_completion
 .text.VL53LX_f_032
                0x08010abe      0x4c4 ./Drivers/BSP/Components/vl53l3cx/modules/vl53lx_xtalk.o
                0x08010abe                VL53LX_f_032
 .text.VL53LX_f_033
                0x08010f82      0x1d6 ./Drivers/BSP/Components/vl53l3cx/modules/vl53lx_xtalk.o
                0x08010f82                VL53LX_f_033
 .text._I2CWrite
                0x08011158       0x26 ./Drivers/BSP/Components/vl53l3cx/porting/vl53lx_platform.o
                0x08011158                _I2CWrite
 .text._I2CRead
                0x0801117e       0x26 ./Drivers/BSP/Components/vl53l3cx/porting/vl53lx_platform.o
                0x0801117e                _I2CRead
 .text.VL53LX_WriteMulti
                0x080111a4       0x6c ./Drivers/BSP/Components/vl53l3cx/porting/vl53lx_platform.o
                0x080111a4                VL53LX_WriteMulti
 .text.VL53LX_ReadMulti
                0x08011210       0x6c ./Drivers/BSP/Components/vl53l3cx/porting/vl53lx_platform.o
                0x08011210                VL53LX_ReadMulti
 .text.VL53LX_WrByte
                0x0801127c       0x54 ./Drivers/BSP/Components/vl53l3cx/porting/vl53lx_platform.o
                0x0801127c                VL53LX_WrByte
 .text.VL53LX_WrWord
                0x080112d0       0x64 ./Drivers/BSP/Components/vl53l3cx/porting/vl53lx_platform.o
                0x080112d0                VL53LX_WrWord
 .text.VL53LX_RdByte
                0x08011334       0x68 ./Drivers/BSP/Components/vl53l3cx/porting/vl53lx_platform.o
                0x08011334                VL53LX_RdByte
 .text.VL53LX_RdWord
                0x0801139c       0x7c ./Drivers/BSP/Components/vl53l3cx/porting/vl53lx_platform.o
                0x0801139c                VL53LX_RdWord
 .text.VL53LX_GetTickCount
                0x08011418       0x28 ./Drivers/BSP/Components/vl53l3cx/porting/vl53lx_platform.o
                0x08011418                VL53LX_GetTickCount
 .text.VL53LX_WaitMs
                0x08011440       0x1e ./Drivers/BSP/Components/vl53l3cx/porting/vl53lx_platform.o
                0x08011440                VL53LX_WaitMs
 *fill*         0x0801145e        0x2 
 .text.VL53LX_WaitUs
                0x08011460       0x30 ./Drivers/BSP/Components/vl53l3cx/porting/vl53lx_platform.o
                0x08011460                VL53LX_WaitUs
 .text.VL53LX_WaitValueMaskEx
                0x08011490      0x168 ./Drivers/BSP/Components/vl53l3cx/porting/vl53lx_platform.o
                0x08011490                VL53LX_WaitValueMaskEx
 .text.VL53LX_Delay
                0x080115f8       0x34 ./Drivers/BSP/Components/vl53l3cx/porting/vl53lx_platform.o
 .text.VL53LX_ipp_hist_process_data
                0x0801162c       0x42 ./Drivers/BSP/Components/vl53l3cx/porting/vl53lx_platform_ipp.o
                0x0801162c                VL53LX_ipp_hist_process_data
 .text.VL53L3CX_RegisterBusIO
                0x0801166e       0x6a ./Drivers/BSP/Components/vl53l3cx/vl53l3cx.o
                0x0801166e                VL53L3CX_RegisterBusIO
 .text.VL53L3CX_Init
                0x080116d8       0xb0 ./Drivers/BSP/Components/vl53l3cx/vl53l3cx.o
                0x080116d8                VL53L3CX_Init
 .text.VL53L3CX_DeInit
                0x08011788       0x4a ./Drivers/BSP/Components/vl53l3cx/vl53l3cx.o
                0x08011788                VL53L3CX_DeInit
 .text.VL53L3CX_ReadID
                0x080117d2       0x3e ./Drivers/BSP/Components/vl53l3cx/vl53l3cx.o
                0x080117d2                VL53L3CX_ReadID
 .text.VL53L3CX_GetCapabilities
                0x08011810       0x48 ./Drivers/BSP/Components/vl53l3cx/vl53l3cx.o
                0x08011810                VL53L3CX_GetCapabilities
 .text.VL53L3CX_ConfigProfile
                0x08011858       0xba ./Drivers/BSP/Components/vl53l3cx/vl53l3cx.o
                0x08011858                VL53L3CX_ConfigProfile
 .text.VL53L3CX_ConfigROI
                0x08011912       0x5e ./Drivers/BSP/Components/vl53l3cx/vl53l3cx.o
                0x08011912                VL53L3CX_ConfigROI
 .text.VL53L3CX_ConfigIT
                0x08011970       0x1a ./Drivers/BSP/Components/vl53l3cx/vl53l3cx.o
                0x08011970                VL53L3CX_ConfigIT
 .text.VL53L3CX_GetDistance
                0x0801198a       0xa6 ./Drivers/BSP/Components/vl53l3cx/vl53l3cx.o
                0x0801198a                VL53L3CX_GetDistance
 .text.VL53L3CX_Start
                0x08011a30      0x100 ./Drivers/BSP/Components/vl53l3cx/vl53l3cx.o
                0x08011a30                VL53L3CX_Start
 .text.VL53L3CX_Stop
                0x08011b30       0x5a ./Drivers/BSP/Components/vl53l3cx/vl53l3cx.o
                0x08011b30                VL53L3CX_Stop
 .text.VL53L3CX_SetAddress
                0x08011b8a       0x48 ./Drivers/BSP/Components/vl53l3cx/vl53l3cx.o
                0x08011b8a                VL53L3CX_SetAddress
 .text.VL53L3CX_GetAddress
                0x08011bd2       0x3a ./Drivers/BSP/Components/vl53l3cx/vl53l3cx.o
                0x08011bd2                VL53L3CX_GetAddress
 .text.VL53L3CX_SetPowerMode
                0x08011c0c       0x1a ./Drivers/BSP/Components/vl53l3cx/vl53l3cx.o
                0x08011c0c                VL53L3CX_SetPowerMode
 .text.VL53L3CX_GetPowerMode
                0x08011c26       0x1a ./Drivers/BSP/Components/vl53l3cx/vl53l3cx.o
                0x08011c26                VL53L3CX_GetPowerMode
 .text.vl53l3cx_poll_for_measurement
                0x08011c40       0x5a ./Drivers/BSP/Components/vl53l3cx/vl53l3cx.o
 *fill*         0x08011c9a        0x2 
 .text.vl53l3cx_get_result
                0x08011c9c      0x23c ./Drivers/BSP/Components/vl53l3cx/vl53l3cx.o
 .text.BSP_LED_Init
                0x08011ed8       0x70 ./Drivers/BSP/STM32G4xx_Nucleo/stm32g4xx_nucleo.o
                0x08011ed8                BSP_LED_Init
 .text.BSP_LED_Toggle
                0x08011f48       0x2c ./Drivers/BSP/STM32G4xx_Nucleo/stm32g4xx_nucleo.o
                0x08011f48                BSP_LED_Toggle
 .text.BSP_COM_Init
                0x08011f74       0x60 ./Drivers/BSP/STM32G4xx_Nucleo/stm32g4xx_nucleo.o
                0x08011f74                BSP_COM_Init
 .text.MX_LPUART1_Init
                0x08011fd4       0x64 ./Drivers/BSP/STM32G4xx_Nucleo/stm32g4xx_nucleo.o
                0x08011fd4                MX_LPUART1_Init
 .text.BSP_COM_SelectLogPort
                0x08012038       0x2c ./Drivers/BSP/STM32G4xx_Nucleo/stm32g4xx_nucleo.o
                0x08012038                BSP_COM_SelectLogPort
 .text.__io_putchar
                0x08012064       0x38 ./Drivers/BSP/STM32G4xx_Nucleo/stm32g4xx_nucleo.o
                0x08012064                __io_putchar
 .text.COM1_MspInit
                0x0801209c       0x98 ./Drivers/BSP/STM32G4xx_Nucleo/stm32g4xx_nucleo.o
 .text.HAL_Init
                0x08012134       0x30 ./Drivers/STM32G4xx_HAL_Driver/Src/stm32g4xx_hal.o
                0x08012134                HAL_Init
 .text.HAL_InitTick
                0x08012164       0x74 ./Drivers/STM32G4xx_HAL_Driver/Src/stm32g4xx_hal.o
                0x08012164                HAL_InitTick
 .text.HAL_IncTick
                0x080121d8       0x24 ./Drivers/STM32G4xx_HAL_Driver/Src/stm32g4xx_hal.o
                0x080121d8                HAL_IncTick
 .text.HAL_GetTick
                0x080121fc       0x18 ./Drivers/STM32G4xx_HAL_Driver/Src/stm32g4xx_hal.o
                0x080121fc                HAL_GetTick
 .text.HAL_Delay
                0x08012214       0x44 ./Drivers/STM32G4xx_HAL_Driver/Src/stm32g4xx_hal.o
                0x08012214                HAL_Delay
 .text.LL_ADC_SetCommonClock
                0x08012258       0x26 ./Drivers/STM32G4xx_HAL_Driver/Src/stm32g4xx_hal_adc.o
 .text.LL_ADC_SetCommonPathInternalCh
                0x0801227e       0x26 ./Drivers/STM32G4xx_HAL_Driver/Src/stm32g4xx_hal_adc.o
 .text.LL_ADC_GetCommonPathInternalCh
                0x080122a4       0x1c ./Drivers/STM32G4xx_HAL_Driver/Src/stm32g4xx_hal_adc.o
 .text.LL_ADC_SetOffset
                0x080122c0       0x48 ./Drivers/STM32G4xx_HAL_Driver/Src/stm32g4xx_hal_adc.o
 .text.LL_ADC_GetOffsetChannel
                0x08012308       0x2c ./Drivers/STM32G4xx_HAL_Driver/Src/stm32g4xx_hal_adc.o
 .text.LL_ADC_SetOffsetState
                0x08012334       0x36 ./Drivers/STM32G4xx_HAL_Driver/Src/stm32g4xx_hal_adc.o
 .text.LL_ADC_SetOffsetSign
                0x0801236a       0x36 ./Drivers/STM32G4xx_HAL_Driver/Src/stm32g4xx_hal_adc.o
 .text.LL_ADC_SetOffsetSaturation
                0x080123a0       0x36 ./Drivers/STM32G4xx_HAL_Driver/Src/stm32g4xx_hal_adc.o
 .text.LL_ADC_SetSamplingTimeCommonConfig
                0x080123d6       0x26 ./Drivers/STM32G4xx_HAL_Driver/Src/stm32g4xx_hal_adc.o
 .text.LL_ADC_REG_SetSequencerRanks
                0x080123fc       0x58 ./Drivers/STM32G4xx_HAL_Driver/Src/stm32g4xx_hal_adc.o
 .text.LL_ADC_SetChannelSamplingTime
                0x08012454       0x56 ./Drivers/STM32G4xx_HAL_Driver/Src/stm32g4xx_hal_adc.o
 *fill*         0x080124aa        0x2 
 .text.LL_ADC_SetChannelSingleDiff
                0x080124ac       0x48 ./Drivers/STM32G4xx_HAL_Driver/Src/stm32g4xx_hal_adc.o
 .text.LL_ADC_DisableDeepPowerDown
                0x080124f4       0x24 ./Drivers/STM32G4xx_HAL_Driver/Src/stm32g4xx_hal_adc.o
 .text.LL_ADC_IsDeepPowerDownEnabled
                0x08012518       0x28 ./Drivers/STM32G4xx_HAL_Driver/Src/stm32g4xx_hal_adc.o
 .text.LL_ADC_EnableInternalRegulator
                0x08012540       0x28 ./Drivers/STM32G4xx_HAL_Driver/Src/stm32g4xx_hal_adc.o
 .text.LL_ADC_IsInternalRegulatorEnabled
                0x08012568       0x28 ./Drivers/STM32G4xx_HAL_Driver/Src/stm32g4xx_hal_adc.o
 .text.LL_ADC_IsEnabled
                0x08012590       0x26 ./Drivers/STM32G4xx_HAL_Driver/Src/stm32g4xx_hal_adc.o
 .text.LL_ADC_REG_IsConversionOngoing
                0x080125b6       0x26 ./Drivers/STM32G4xx_HAL_Driver/Src/stm32g4xx_hal_adc.o
 .text.LL_ADC_INJ_IsConversionOngoing
                0x080125dc       0x26 ./Drivers/STM32G4xx_HAL_Driver/Src/stm32g4xx_hal_adc.o
 *fill*         0x08012602        0x2 
 .text.HAL_ADC_Init
                0x08012604      0x308 ./Drivers/STM32G4xx_HAL_Driver/Src/stm32g4xx_hal_adc.o
                0x08012604                HAL_ADC_Init
 .text.HAL_ADC_ConfigChannel
                0x0801290c      0x7e0 ./Drivers/STM32G4xx_HAL_Driver/Src/stm32g4xx_hal_adc.o
                0x0801290c                HAL_ADC_ConfigChannel
 .text.LL_ADC_IsEnabled
                0x080130ec       0x26 ./Drivers/STM32G4xx_HAL_Driver/Src/stm32g4xx_hal_adc_ex.o
 .text.LL_ADC_REG_IsConversionOngoing
                0x08013112       0x26 ./Drivers/STM32G4xx_HAL_Driver/Src/stm32g4xx_hal_adc_ex.o
 .text.HAL_ADCEx_MultiModeConfigChannel
                0x08013138      0x148 ./Drivers/STM32G4xx_HAL_Driver/Src/stm32g4xx_hal_adc_ex.o
                0x08013138                HAL_ADCEx_MultiModeConfigChannel
 .text.__NVIC_SetPriorityGrouping
                0x08013280       0x48 ./Drivers/STM32G4xx_HAL_Driver/Src/stm32g4xx_hal_cortex.o
 .text.__NVIC_GetPriorityGrouping
                0x080132c8       0x1c ./Drivers/STM32G4xx_HAL_Driver/Src/stm32g4xx_hal_cortex.o
 .text.__NVIC_EnableIRQ
                0x080132e4       0x3c ./Drivers/STM32G4xx_HAL_Driver/Src/stm32g4xx_hal_cortex.o
 .text.__NVIC_DisableIRQ
                0x08013320       0x48 ./Drivers/STM32G4xx_HAL_Driver/Src/stm32g4xx_hal_cortex.o
 .text.__NVIC_SetPriority
                0x08013368       0x54 ./Drivers/STM32G4xx_HAL_Driver/Src/stm32g4xx_hal_cortex.o
 .text.NVIC_EncodePriority
                0x080133bc       0x66 ./Drivers/STM32G4xx_HAL_Driver/Src/stm32g4xx_hal_cortex.o
 *fill*         0x08013422        0x2 
 .text.SysTick_Config
                0x08013424       0x44 ./Drivers/STM32G4xx_HAL_Driver/Src/stm32g4xx_hal_cortex.o
 .text.HAL_NVIC_SetPriorityGrouping
                0x08013468       0x16 ./Drivers/STM32G4xx_HAL_Driver/Src/stm32g4xx_hal_cortex.o
                0x08013468                HAL_NVIC_SetPriorityGrouping
 .text.HAL_NVIC_SetPriority
                0x0801347e       0x34 ./Drivers/STM32G4xx_HAL_Driver/Src/stm32g4xx_hal_cortex.o
                0x0801347e                HAL_NVIC_SetPriority
 .text.HAL_NVIC_EnableIRQ
                0x080134b2       0x1c ./Drivers/STM32G4xx_HAL_Driver/Src/stm32g4xx_hal_cortex.o
                0x080134b2                HAL_NVIC_EnableIRQ
 .text.HAL_NVIC_DisableIRQ
                0x080134ce       0x1c ./Drivers/STM32G4xx_HAL_Driver/Src/stm32g4xx_hal_cortex.o
                0x080134ce                HAL_NVIC_DisableIRQ
 .text.HAL_SYSTICK_Config
                0x080134ea       0x18 ./Drivers/STM32G4xx_HAL_Driver/Src/stm32g4xx_hal_cortex.o
                0x080134ea                HAL_SYSTICK_Config
 .text.HAL_DMA_Abort_IT
                0x08013502       0xce ./Drivers/STM32G4xx_HAL_Driver/Src/stm32g4xx_hal_dma.o
                0x08013502                HAL_DMA_Abort_IT
 .text.HAL_DMA_GetState
                0x080135d0       0x1c ./Drivers/STM32G4xx_HAL_Driver/Src/stm32g4xx_hal_dma.o
                0x080135d0                HAL_DMA_GetState
 .text.HAL_GPIO_Init
                0x080135ec      0x304 ./Drivers/STM32G4xx_HAL_Driver/Src/stm32g4xx_hal_gpio.o
                0x080135ec                HAL_GPIO_Init
 .text.HAL_GPIO_DeInit
                0x080138f0      0x1c4 ./Drivers/STM32G4xx_HAL_Driver/Src/stm32g4xx_hal_gpio.o
                0x080138f0                HAL_GPIO_DeInit
 .text.HAL_GPIO_WritePin
                0x08013ab4       0x30 ./Drivers/STM32G4xx_HAL_Driver/Src/stm32g4xx_hal_gpio.o
                0x08013ab4                HAL_GPIO_WritePin
 .text.HAL_GPIO_TogglePin
                0x08013ae4       0x34 ./Drivers/STM32G4xx_HAL_Driver/Src/stm32g4xx_hal_gpio.o
                0x08013ae4                HAL_GPIO_TogglePin
 .text.HAL_GPIO_EXTI_IRQHandler
                0x08013b18       0x30 ./Drivers/STM32G4xx_HAL_Driver/Src/stm32g4xx_hal_gpio.o
                0x08013b18                HAL_GPIO_EXTI_IRQHandler
 .text.HAL_I2C_Init
                0x08013b48      0x136 ./Drivers/STM32G4xx_HAL_Driver/Src/stm32g4xx_hal_i2c.o
                0x08013b48                HAL_I2C_Init
 .text.HAL_I2C_DeInit
                0x08013c7e       0x5e ./Drivers/STM32G4xx_HAL_Driver/Src/stm32g4xx_hal_i2c.o
                0x08013c7e                HAL_I2C_DeInit
 .text.HAL_I2C_MspInit
                0x08013cdc       0x14 ./Drivers/STM32G4xx_HAL_Driver/Src/stm32g4xx_hal_i2c.o
                0x08013cdc                HAL_I2C_MspInit
 .text.HAL_I2C_MspDeInit
                0x08013cf0       0x14 ./Drivers/STM32G4xx_HAL_Driver/Src/stm32g4xx_hal_i2c.o
                0x08013cf0                HAL_I2C_MspDeInit
 .text.HAL_I2C_Master_Transmit
                0x08013d04      0x230 ./Drivers/STM32G4xx_HAL_Driver/Src/stm32g4xx_hal_i2c.o
                0x08013d04                HAL_I2C_Master_Transmit
 .text.HAL_I2C_Master_Receive
                0x08013f34      0x1ec ./Drivers/STM32G4xx_HAL_Driver/Src/stm32g4xx_hal_i2c.o
                0x08013f34                HAL_I2C_Master_Receive
 .text.HAL_I2C_IsDeviceReady
                0x08014120      0x1d8 ./Drivers/STM32G4xx_HAL_Driver/Src/stm32g4xx_hal_i2c.o
                0x08014120                HAL_I2C_IsDeviceReady
 .text.HAL_I2C_ER_IRQHandler
                0x080142f8       0xc2 ./Drivers/STM32G4xx_HAL_Driver/Src/stm32g4xx_hal_i2c.o
                0x080142f8                HAL_I2C_ER_IRQHandler
 .text.HAL_I2C_SlaveTxCpltCallback
                0x080143ba       0x14 ./Drivers/STM32G4xx_HAL_Driver/Src/stm32g4xx_hal_i2c.o
                0x080143ba                HAL_I2C_SlaveTxCpltCallback
 .text.HAL_I2C_SlaveRxCpltCallback
                0x080143ce       0x14 ./Drivers/STM32G4xx_HAL_Driver/Src/stm32g4xx_hal_i2c.o
                0x080143ce                HAL_I2C_SlaveRxCpltCallback
 .text.HAL_I2C_AddrCallback
                0x080143e2       0x1c ./Drivers/STM32G4xx_HAL_Driver/Src/stm32g4xx_hal_i2c.o
                0x080143e2                HAL_I2C_AddrCallback
 .text.HAL_I2C_ListenCpltCallback
                0x080143fe       0x14 ./Drivers/STM32G4xx_HAL_Driver/Src/stm32g4xx_hal_i2c.o
                0x080143fe                HAL_I2C_ListenCpltCallback
 .text.HAL_I2C_ErrorCallback
                0x08014412       0x14 ./Drivers/STM32G4xx_HAL_Driver/Src/stm32g4xx_hal_i2c.o
                0x08014412                HAL_I2C_ErrorCallback
 .text.HAL_I2C_AbortCpltCallback
                0x08014426       0x14 ./Drivers/STM32G4xx_HAL_Driver/Src/stm32g4xx_hal_i2c.o
                0x08014426                HAL_I2C_AbortCpltCallback
 .text.HAL_I2C_GetState
                0x0801443a       0x1c ./Drivers/STM32G4xx_HAL_Driver/Src/stm32g4xx_hal_i2c.o
                0x0801443a                HAL_I2C_GetState
 .text.HAL_I2C_GetError
                0x08014456       0x18 ./Drivers/STM32G4xx_HAL_Driver/Src/stm32g4xx_hal_i2c.o
                0x08014456                HAL_I2C_GetError
 .text.I2C_Slave_ISR_IT
                0x0801446e      0x208 ./Drivers/STM32G4xx_HAL_Driver/Src/stm32g4xx_hal_i2c.o
 .text.I2C_ITAddrCplt
                0x08014676      0x108 ./Drivers/STM32G4xx_HAL_Driver/Src/stm32g4xx_hal_i2c.o
 .text.I2C_ITSlaveSeqCplt
                0x0801477e       0xbc ./Drivers/STM32G4xx_HAL_Driver/Src/stm32g4xx_hal_i2c.o
 *fill*         0x0801483a        0x2 
 .text.I2C_ITSlaveCplt
                0x0801483c      0x2d4 ./Drivers/STM32G4xx_HAL_Driver/Src/stm32g4xx_hal_i2c.o
 .text.I2C_ITListenCplt
                0x08014b10       0xac ./Drivers/STM32G4xx_HAL_Driver/Src/stm32g4xx_hal_i2c.o
 .text.I2C_ITError
                0x08014bbc      0x1e0 ./Drivers/STM32G4xx_HAL_Driver/Src/stm32g4xx_hal_i2c.o
 .text.I2C_TreatErrorCallback
                0x08014d9c       0x4e ./Drivers/STM32G4xx_HAL_Driver/Src/stm32g4xx_hal_i2c.o
 .text.I2C_Flush_TXDR
                0x08014dea       0x48 ./Drivers/STM32G4xx_HAL_Driver/Src/stm32g4xx_hal_i2c.o
 .text.I2C_DMAAbort
                0x08014e32       0x3c ./Drivers/STM32G4xx_HAL_Driver/Src/stm32g4xx_hal_i2c.o
 .text.I2C_WaitOnFlagUntilTimeout
                0x08014e6e       0xb2 ./Drivers/STM32G4xx_HAL_Driver/Src/stm32g4xx_hal_i2c.o
 .text.I2C_WaitOnTXISFlagUntilTimeout
                0x08014f20       0x8e ./Drivers/STM32G4xx_HAL_Driver/Src/stm32g4xx_hal_i2c.o
 .text.I2C_WaitOnSTOPFlagUntilTimeout
                0x08014fae       0x86 ./Drivers/STM32G4xx_HAL_Driver/Src/stm32g4xx_hal_i2c.o
 .text.I2C_WaitOnRXNEFlagUntilTimeout
                0x08015034      0x118 ./Drivers/STM32G4xx_HAL_Driver/Src/stm32g4xx_hal_i2c.o
 .text.I2C_IsErrorOccurred
                0x0801514c      0x1c0 ./Drivers/STM32G4xx_HAL_Driver/Src/stm32g4xx_hal_i2c.o
 .text.I2C_TransferConfig
                0x0801530c       0x64 ./Drivers/STM32G4xx_HAL_Driver/Src/stm32g4xx_hal_i2c.o
 .text.I2C_Disable_IRQ
                0x08015370       0xbc ./Drivers/STM32G4xx_HAL_Driver/Src/stm32g4xx_hal_i2c.o
 .text.HAL_I2CEx_ConfigAnalogFilter
                0x0801542c       0x96 ./Drivers/STM32G4xx_HAL_Driver/Src/stm32g4xx_hal_i2c_ex.o
                0x0801542c                HAL_I2CEx_ConfigAnalogFilter
 .text.HAL_I2CEx_ConfigDigitalFilter
                0x080154c2       0x98 ./Drivers/STM32G4xx_HAL_Driver/Src/stm32g4xx_hal_i2c_ex.o
                0x080154c2                HAL_I2CEx_ConfigDigitalFilter
 *fill*         0x0801555a        0x2 
 .text.HAL_PWR_ConfigPVD
                0x0801555c       0xc0 ./Drivers/STM32G4xx_HAL_Driver/Src/stm32g4xx_hal_pwr.o
                0x0801555c                HAL_PWR_ConfigPVD
 .text.HAL_PWR_EnablePVD
                0x0801561c       0x20 ./Drivers/STM32G4xx_HAL_Driver/Src/stm32g4xx_hal_pwr.o
                0x0801561c                HAL_PWR_EnablePVD
 .text.HAL_PWREx_ControlVoltageScaling
                0x0801563c      0x148 ./Drivers/STM32G4xx_HAL_Driver/Src/stm32g4xx_hal_pwr_ex.o
                0x0801563c                HAL_PWREx_ControlVoltageScaling
 .text.HAL_PWREx_DisableUCPDDeadBattery
                0x08015784       0x20 ./Drivers/STM32G4xx_HAL_Driver/Src/stm32g4xx_hal_pwr_ex.o
                0x08015784                HAL_PWREx_DisableUCPDDeadBattery
 .text.HAL_RCC_OscConfig
                0x080157a4      0x624 ./Drivers/STM32G4xx_HAL_Driver/Src/stm32g4xx_hal_rcc.o
                0x080157a4                HAL_RCC_OscConfig
 .text.HAL_RCC_ClockConfig
                0x08015dc8      0x278 ./Drivers/STM32G4xx_HAL_Driver/Src/stm32g4xx_hal_rcc.o
                0x08015dc8                HAL_RCC_ClockConfig
 .text.HAL_RCC_GetSysClockFreq
                0x08016040       0xc4 ./Drivers/STM32G4xx_HAL_Driver/Src/stm32g4xx_hal_rcc.o
                0x08016040                HAL_RCC_GetSysClockFreq
 .text.HAL_RCC_GetHCLKFreq
                0x08016104       0x18 ./Drivers/STM32G4xx_HAL_Driver/Src/stm32g4xx_hal_rcc.o
                0x08016104                HAL_RCC_GetHCLKFreq
 .text.HAL_RCC_GetPCLK1Freq
                0x0801611c       0x2c ./Drivers/STM32G4xx_HAL_Driver/Src/stm32g4xx_hal_rcc.o
                0x0801611c                HAL_RCC_GetPCLK1Freq
 .text.HAL_RCC_GetPCLK2Freq
                0x08016148       0x2c ./Drivers/STM32G4xx_HAL_Driver/Src/stm32g4xx_hal_rcc.o
                0x08016148                HAL_RCC_GetPCLK2Freq
 .text.RCC_GetSysClockFreqFromPLLSource
                0x08016174       0x8c ./Drivers/STM32G4xx_HAL_Driver/Src/stm32g4xx_hal_rcc.o
 .text.HAL_RCCEx_PeriphCLKConfig
                0x08016200      0x3e0 ./Drivers/STM32G4xx_HAL_Driver/Src/stm32g4xx_hal_rcc_ex.o
                0x08016200                HAL_RCCEx_PeriphCLKConfig
 .text.HAL_SPI_Init
                0x080165e0      0x156 ./Drivers/STM32G4xx_HAL_Driver/Src/stm32g4xx_hal_spi.o
                0x080165e0                HAL_SPI_Init
 .text.HAL_TIM_Base_Init
                0x08016736       0xae ./Drivers/STM32G4xx_HAL_Driver/Src/stm32g4xx_hal_tim.o
                0x08016736                HAL_TIM_Base_Init
 .text.HAL_TIM_IRQHandler
                0x080167e4      0x29e ./Drivers/STM32G4xx_HAL_Driver/Src/stm32g4xx_hal_tim.o
                0x080167e4                HAL_TIM_IRQHandler
 *fill*         0x08016a82        0x2 
 .text.HAL_TIM_ConfigClockSource
                0x08016a84      0x1f4 ./Drivers/STM32G4xx_HAL_Driver/Src/stm32g4xx_hal_tim.o
                0x08016a84                HAL_TIM_ConfigClockSource
 .text.HAL_TIM_PeriodElapsedCallback
                0x08016c78       0x14 ./Drivers/STM32G4xx_HAL_Driver/Src/stm32g4xx_hal_tim.o
                0x08016c78                HAL_TIM_PeriodElapsedCallback
 .text.HAL_TIM_OC_DelayElapsedCallback
                0x08016c8c       0x14 ./Drivers/STM32G4xx_HAL_Driver/Src/stm32g4xx_hal_tim.o
                0x08016c8c                HAL_TIM_OC_DelayElapsedCallback
 .text.HAL_TIM_IC_CaptureCallback
                0x08016ca0       0x14 ./Drivers/STM32G4xx_HAL_Driver/Src/stm32g4xx_hal_tim.o
                0x08016ca0                HAL_TIM_IC_CaptureCallback
 .text.HAL_TIM_PWM_PulseFinishedCallback
                0x08016cb4       0x14 ./Drivers/STM32G4xx_HAL_Driver/Src/stm32g4xx_hal_tim.o
                0x08016cb4                HAL_TIM_PWM_PulseFinishedCallback
 .text.HAL_TIM_TriggerCallback
                0x08016cc8       0x14 ./Drivers/STM32G4xx_HAL_Driver/Src/stm32g4xx_hal_tim.o
                0x08016cc8                HAL_TIM_TriggerCallback
 .text.TIM_Base_SetConfig
                0x08016cdc      0x138 ./Drivers/STM32G4xx_HAL_Driver/Src/stm32g4xx_hal_tim.o
                0x08016cdc                TIM_Base_SetConfig
 .text.TIM_TI1_ConfigInputStage
                0x08016e14       0x5e ./Drivers/STM32G4xx_HAL_Driver/Src/stm32g4xx_hal_tim.o
 .text.TIM_TI2_ConfigInputStage
                0x08016e72       0x60 ./Drivers/STM32G4xx_HAL_Driver/Src/stm32g4xx_hal_tim.o
 .text.TIM_ITRx_SetConfig
                0x08016ed2       0x3a ./Drivers/STM32G4xx_HAL_Driver/Src/stm32g4xx_hal_tim.o
 .text.TIM_ETR_SetConfig
                0x08016f0c       0x40 ./Drivers/STM32G4xx_HAL_Driver/Src/stm32g4xx_hal_tim.o
                0x08016f0c                TIM_ETR_SetConfig
 .text.HAL_TIMEx_MasterConfigSynchronization
                0x08016f4c      0x104 ./Drivers/STM32G4xx_HAL_Driver/Src/stm32g4xx_hal_tim_ex.o
                0x08016f4c                HAL_TIMEx_MasterConfigSynchronization
 .text.HAL_TIMEx_CommutCallback
                0x08017050       0x14 ./Drivers/STM32G4xx_HAL_Driver/Src/stm32g4xx_hal_tim_ex.o
                0x08017050                HAL_TIMEx_CommutCallback
 .text.HAL_TIMEx_BreakCallback
                0x08017064       0x14 ./Drivers/STM32G4xx_HAL_Driver/Src/stm32g4xx_hal_tim_ex.o
                0x08017064                HAL_TIMEx_BreakCallback
 .text.HAL_TIMEx_Break2Callback
                0x08017078       0x14 ./Drivers/STM32G4xx_HAL_Driver/Src/stm32g4xx_hal_tim_ex.o
                0x08017078                HAL_TIMEx_Break2Callback
 .text.HAL_TIMEx_EncoderIndexCallback
                0x0801708c       0x14 ./Drivers/STM32G4xx_HAL_Driver/Src/stm32g4xx_hal_tim_ex.o
                0x0801708c                HAL_TIMEx_EncoderIndexCallback
 .text.HAL_TIMEx_DirectionChangeCallback
                0x080170a0       0x14 ./Drivers/STM32G4xx_HAL_Driver/Src/stm32g4xx_hal_tim_ex.o
                0x080170a0                HAL_TIMEx_DirectionChangeCallback
 .text.HAL_TIMEx_IndexErrorCallback
                0x080170b4       0x14 ./Drivers/STM32G4xx_HAL_Driver/Src/stm32g4xx_hal_tim_ex.o
                0x080170b4                HAL_TIMEx_IndexErrorCallback
 .text.HAL_TIMEx_TransitionErrorCallback
                0x080170c8       0x14 ./Drivers/STM32G4xx_HAL_Driver/Src/stm32g4xx_hal_tim_ex.o
                0x080170c8                HAL_TIMEx_TransitionErrorCallback
 .text.HAL_UART_Init
                0x080170dc       0xa0 ./Drivers/STM32G4xx_HAL_Driver/Src/stm32g4xx_hal_uart.o
                0x080170dc                HAL_UART_Init
 .text.HAL_UART_Transmit
                0x0801717c      0x11c ./Drivers/STM32G4xx_HAL_Driver/Src/stm32g4xx_hal_uart.o
                0x0801717c                HAL_UART_Transmit
 .text.UART_SetConfig
                0x08017298      0x598 ./Drivers/STM32G4xx_HAL_Driver/Src/stm32g4xx_hal_uart.o
                0x08017298                UART_SetConfig
 .text.UART_AdvFeatureConfig
                0x08017830      0x144 ./Drivers/STM32G4xx_HAL_Driver/Src/stm32g4xx_hal_uart.o
                0x08017830                UART_AdvFeatureConfig
 .text.UART_CheckIdleState
                0x08017974      0x154 ./Drivers/STM32G4xx_HAL_Driver/Src/stm32g4xx_hal_uart.o
                0x08017974                UART_CheckIdleState
 .text.UART_WaitOnFlagUntilTimeout
                0x08017ac8       0xda ./Drivers/STM32G4xx_HAL_Driver/Src/stm32g4xx_hal_uart.o
                0x08017ac8                UART_WaitOnFlagUntilTimeout
 .text.UART_EndRxTransfer
                0x08017ba2       0xcc ./Drivers/STM32G4xx_HAL_Driver/Src/stm32g4xx_hal_uart.o
 .text.HAL_UARTEx_DisableFifoMode
                0x08017c6e       0x72 ./Drivers/STM32G4xx_HAL_Driver/Src/stm32g4xx_hal_uart_ex.o
                0x08017c6e                HAL_UARTEx_DisableFifoMode
 .text.HAL_UARTEx_SetTxFifoThreshold
                0x08017ce0       0x7c ./Drivers/STM32G4xx_HAL_Driver/Src/stm32g4xx_hal_uart_ex.o
                0x08017ce0                HAL_UARTEx_SetTxFifoThreshold
 .text.HAL_UARTEx_SetRxFifoThreshold
                0x08017d5c       0x7c ./Drivers/STM32G4xx_HAL_Driver/Src/stm32g4xx_hal_uart_ex.o
                0x08017d5c                HAL_UARTEx_SetRxFifoThreshold
 .text.UARTEx_SetNbDataToProcess
                0x08017dd8       0x9c ./Drivers/STM32G4xx_HAL_Driver/Src/stm32g4xx_hal_uart_ex.o
 .text.MX_TOF_Init
                0x08017e74        0xc ./TOF/App/app_tof.o
                0x08017e74                MX_TOF_Init
 .text.MX_TOF_Process
                0x08017e80        0xc ./TOF/App/app_tof.o
                0x08017e80                MX_TOF_Process
 .text.MX_VL53L3CX_SimpleRanging_Init
                0x08017e8c       0xe0 ./TOF/App/app_tof.o
 .text.MX_VL53L3CX_SimpleRanging_Process
                0x08017f6c       0x80 ./TOF/App/app_tof.o
 .text.print_result
                0x08017fec      0x174 ./TOF/App/app_tof.o
 .text.decimal_part
                0x08018160       0x4c ./TOF/App/app_tof.o
 .text.HAL_GPIO_EXTI_Callback
                0x080181ac       0x28 ./TOF/Target/app_tof_pin_conf.o
                0x080181ac                HAL_GPIO_EXTI_Callback
 .text.CUSTOM_RANGING_SENSOR_Init
                0x080181d4       0x4c ./TOF/Target/custom_ranging_sensor.o
                0x080181d4                CUSTOM_RANGING_SENSOR_Init
 .text.CUSTOM_RANGING_SENSOR_ReadID
                0x08018220       0x54 ./TOF/Target/custom_ranging_sensor.o
                0x08018220                CUSTOM_RANGING_SENSOR_ReadID
 .text.CUSTOM_RANGING_SENSOR_GetCapabilities
                0x08018274       0x54 ./TOF/Target/custom_ranging_sensor.o
                0x08018274                CUSTOM_RANGING_SENSOR_GetCapabilities
 .text.CUSTOM_RANGING_SENSOR_ConfigProfile
                0x080182c8       0x54 ./TOF/Target/custom_ranging_sensor.o
                0x080182c8                CUSTOM_RANGING_SENSOR_ConfigProfile
 .text.CUSTOM_RANGING_SENSOR_GetDistance
                0x0801831c       0x54 ./TOF/Target/custom_ranging_sensor.o
                0x0801831c                CUSTOM_RANGING_SENSOR_GetDistance
 .text.CUSTOM_RANGING_SENSOR_Start
                0x08018370       0x58 ./TOF/Target/custom_ranging_sensor.o