Archive member included to satisfy reference by file (symbol)

/Applications/STM32CubeIDE.app/Contents/Eclipse/plugins/com.st.stm32cube.ide.mcu.externaltools.gnu-tools-for-stm32.13.3.rel1.macos64_1.0.0.202411102158/tools/bin/../lib/gcc/arm-none-eabi/13.3.1/../../../../arm-none-eabi/lib/thumb/v7e-m+fp/hard/libc_nano.a(libc_a-exit.o)
                              /Applications/STM32CubeIDE.app/Contents/Eclipse/plugins/com.st.stm32cube.ide.mcu.externaltools.gnu-tools-for-stm32.13.3.rel1.macos64_1.0.0.202411102158/tools/bin/../lib/gcc/arm-none-eabi/13.3.1/../../../../arm-none-eabi/lib/thumb/v7e-m+fp/hard/crt0.o (exit)
/Applications/STM32CubeIDE.app/Contents/Eclipse/plugins/com.st.stm32cube.ide.mcu.externaltools.gnu-tools-for-stm32.13.3.rel1.macos64_1.0.0.202411102158/tools/bin/../lib/gcc/arm-none-eabi/13.3.1/../../../../arm-none-eabi/lib/thumb/v7e-m+fp/hard/libc_nano.a(libc_a-findfp.o)
                              /Applications/STM32CubeIDE.app/Contents/Eclipse/plugins/com.st.stm32cube.ide.mcu.externaltools.gnu-tools-for-stm32.13.3.rel1.macos64_1.0.0.202411102158/tools/bin/../lib/gcc/arm-none-eabi/13.3.1/../../../../arm-none-eabi/lib/thumb/v7e-m+fp/hard/libc_nano.a(libc_a-exit.o) (__stdio_exit_handler)
/Applications/STM32CubeIDE.app/Contents/Eclipse/plugins/com.st.stm32cube.ide.mcu.externaltools.gnu-tools-for-stm32.13.3.rel1.macos64_1.0.0.202411102158/tools/bin/../lib/gcc/arm-none-eabi/13.3.1/../../../../arm-none-eabi/lib/thumb/v7e-m+fp/hard/libc_nano.a(libc_a-fwalk.o)
                              /Applications/STM32CubeIDE.app/Contents/Eclipse/plugins/com.st.stm32cube.ide.mcu.externaltools.gnu-tools-for-stm32.13.3.rel1.macos64_1.0.0.202411102158/tools/bin/../lib/gcc/arm-none-eabi/13.3.1/../../../../arm-none-eabi/lib/thumb/v7e-m+fp/hard/libc_nano.a(libc_a-findfp.o) (_fwalk_sglue)
/Applications/STM32CubeIDE.app/Contents/Eclipse/plugins/com.st.stm32cube.ide.mcu.externaltools.gnu-tools-for-stm32.13.3.rel1.macos64_1.0.0.202411102158/tools/bin/../lib/gcc/arm-none-eabi/13.3.1/../../../../arm-none-eabi/lib/thumb/v7e-m+fp/hard/libc_nano.a(libc_a-printf.o)
                              ./TOF/App/app_tof.o (printf)
/Applications/STM32CubeIDE.app/Contents/Eclipse/plugins/com.st.stm32cube.ide.mcu.externaltools.gnu-tools-for-stm32.13.3.rel1.macos64_1.0.0.202411102158/tools/bin/../lib/gcc/arm-none-eabi/13.3.1/../../../../arm-none-eabi/lib/thumb/v7e-m+fp/hard/libc_nano.a(libc_a-putchar.o)
                              ./TOF/App/app_tof.o (putchar)
/Applications/STM32CubeIDE.app/Contents/Eclipse/plugins/com.st.stm32cube.ide.mcu.externaltools.gnu-tools-for-stm32.13.3.rel1.macos64_1.0.0.202411102158/tools/bin/../lib/gcc/arm-none-eabi/13.3.1/../../../../arm-none-eabi/lib/thumb/v7e-m+fp/hard/libc_nano.a(libc_a-puts.o)
                              ./Core/Src/main_cpp.o (puts)
/Applications/STM32CubeIDE.app/Contents/Eclipse/plugins/com.st.stm32cube.ide.mcu.externaltools.gnu-tools-for-stm32.13.3.rel1.macos64_1.0.0.202411102158/tools/bin/../lib/gcc/arm-none-eabi/13.3.1/../../../../arm-none-eabi/lib/thumb/v7e-m+fp/hard/libc_nano.a(libc_a-memset.o)
                              /Applications/STM32CubeIDE.app/Contents/Eclipse/plugins/com.st.stm32cube.ide.mcu.externaltools.gnu-tools-for-stm32.13.3.rel1.macos64_1.0.0.202411102158/tools/bin/../lib/gcc/arm-none-eabi/13.3.1/../../../../arm-none-eabi/lib/thumb/v7e-m+fp/hard/crt0.o (memset)
/Applications/STM32CubeIDE.app/Contents/Eclipse/plugins/com.st.stm32cube.ide.mcu.externaltools.gnu-tools-for-stm32.13.3.rel1.macos64_1.0.0.202411102158/tools/bin/../lib/gcc/arm-none-eabi/13.3.1/../../../../arm-none-eabi/lib/thumb/v7e-m+fp/hard/libc_nano.a(libc_a-strncpy.o)
                              ./Drivers/BSP/Components/vl53l3cx/porting/vl53lx_platform.o (strncpy)
/Applications/STM32CubeIDE.app/Contents/Eclipse/plugins/com.st.stm32cube.ide.mcu.externaltools.gnu-tools-for-stm32.13.3.rel1.macos64_1.0.0.202411102158/tools/bin/../lib/gcc/arm-none-eabi/13.3.1/../../../../arm-none-eabi/lib/thumb/v7e-m+fp/hard/libc_nano.a(libc_a-errno.o)
                              ./Core/Src/syscalls.o (__errno)
/Applications/STM32CubeIDE.app/Contents/Eclipse/plugins/com.st.stm32cube.ide.mcu.externaltools.gnu-tools-for-stm32.13.3.rel1.macos64_1.0.0.202411102158/tools/bin/../lib/gcc/arm-none-eabi/13.3.1/../../../../arm-none-eabi/lib/thumb/v7e-m+fp/hard/libc_nano.a(libc_a-init.o)
                              /Applications/STM32CubeIDE.app/Contents/Eclipse/plugins/com.st.stm32cube.ide.mcu.externaltools.gnu-tools-for-stm32.13.3.rel1.macos64_1.0.0.202411102158/tools/bin/../lib/gcc/arm-none-eabi/13.3.1/../../../../arm-none-eabi/lib/thumb/v7e-m+fp/hard/crt0.o (__libc_init_array)
/Applications/STM32CubeIDE.app/Contents/Eclipse/plugins/com.st.stm32cube.ide.mcu.externaltools.gnu-tools-for-stm32.13.3.rel1.macos64_1.0.0.202411102158/tools/bin/../lib/gcc/arm-none-eabi/13.3.1/../../../../arm-none-eabi/lib/thumb/v7e-m+fp/hard/libc_nano.a(libc_a-lock.o)
[...]
Memory Configuration

Name             Origin             Length             Attributes
RAM              0x20000000         0x00008000         xrw
FLASH            0x08000000         0x00020000         xr
*default*        0x00000000         0xffffffff

Linker script and memory map

LOAD /Applications/STM32CubeIDE.app/Contents/Eclipse/plugins/com.st.stm32cube.ide.mcu.externaltools.gnu-tools-for-stm32.13.3.rel1.macos64_1.0.0.202411102158/tools/bin/../lib/gcc/arm-none-eabi/13.3.1/thumb/v7e-m+fp/hard/crti.o
LOAD /Applications/STM32CubeIDE.app/Contents/Eclipse/plugins/com.st.stm32cube.ide.mcu.externaltools.gnu-tools-for-stm32.13.3.rel1.macos64_1.0.0.202411102158/tools/bin/../lib/gcc/arm-none-eabi/13.3.1/thumb/v7e-m+fp/hard/crtbegin.o
LOAD /Applications/STM32CubeIDE.app/Contents/Eclipse/plugins/com.st.stm32cube.ide.mcu.externaltools.gnu-tools-for-stm32.13.3.rel1.macos64_1.0.0.202411102158/tools/bin/../lib/gcc/arm-none-eabi/13.3.1/../../../../arm-none-eabi/lib/thumb/v7e-m+fp/hard/crt0.o
LOAD ./Core/Src/main.o
LOAD ./Core/Src/main_cpp.o
LOAD ./Core/Src/stm32g4xx_hal_msp.o
LOAD ./Core/Src/stm32g4xx_it.o
LOAD ./Core/Src/stm32g4xx_nucleo_bus.o
LOAD ./Core/Src/syscalls.o
LOAD ./Core/Src/sysmem.o
LOAD ./Core/Src/system_stm32g4xx.o
LOAD ./Core/Startup/startup_stm32g431kbtx.o
LOAD ./Drivers/BSP/Components/vl53l3cx/modules/vl53lx_api.o
LOAD ./Drivers/BSP/Components/vl53l3cx/modules/vl53lx_api_calibration.o
LOAD ./Drivers/BSP/Components/vl53l3cx/modules/vl53lx_api_core.o
LOAD ./Drivers/BSP/Components/vl53l3cx/modules/vl53lx_api_debug.o
LOAD ./Drivers/BSP/Components/vl53l3cx/modules/vl53lx_api_preset_modes.o
LOAD ./Drivers/BSP/Components/vl53l3cx/modules/vl53lx_core.o
LOAD ./Drivers/BSP/Components/vl53l3cx/modules/vl53lx_core_support.o
LOAD ./Drivers/BSP/Components/vl53l3cx/modules/vl53lx_dmax.o
LOAD ./Drivers/BSP/Components/vl53l3cx/modules/vl53lx_hist_algos_gen3.o
LOAD ./Drivers/BSP/Components/vl53l3cx/modules/vl53lx_hist_algos_gen4.o
LOAD ./Drivers/BSP/Components/vl53l3cx/modules/vl53lx_hist_char.o
LOAD ./Drivers/BSP/Components/vl53l3cx/modules/vl53lx_hist_core.o
LOAD ./Drivers/BSP/Components/vl53l3cx/modules/vl53lx_hist_funcs.o
LOAD ./Drivers/BSP/Components/vl53l3cx/modules/vl53lx_nvm.o
LOAD ./Drivers/BSP/Components/vl53l3cx/modules/vl53lx_nvm_debug.o
LOAD ./Drivers/BSP/Components/vl53l3cx/modules/vl53lx_register_funcs.o
LOAD ./Drivers/BSP/Components/vl53l3cx/modules/vl53lx_sigma_estimate.o
LOAD ./Drivers/BSP/Components/vl53l3cx/modules/vl53lx_silicon_core.o
LOAD ./Drivers/BSP/Components/vl53l3cx/modules/vl53lx_wait.o
LOAD ./Drivers/BSP/Components/vl53l3cx/modules/vl53lx_xtalk.o
LOAD ./Drivers/BSP/Components/vl53l3cx/porting/vl53lx_platform.o
LOAD ./Drivers/BSP/Components/vl53l3cx/porting/vl53lx_platform_ipp.o
LOAD ./Drivers/BSP/Components/vl53l3cx/porting/vl53lx_platform_log.o
LOAD ./Drivers/BSP/Components/vl53l3cx/vl53l3cx.o
LOAD ./Drivers/BSP/STM32G4xx_Nucleo/stm32g4xx_nucleo.o
LOAD ./Drivers/STM32G4xx_HAL_Driver/Src/stm32g4xx_hal.o
LOAD ./Drivers/STM32G4xx_HAL_Driver/Src/stm32g4xx_hal_adc.o
LOAD ./Drivers/STM32G4xx_HAL_Driver/Src/stm32g4xx_hal_adc_ex.o
LOAD ./Drivers/STM32G4xx_HAL_Driver/Src/stm32g4xx_hal_cortex.o
LOAD ./Drivers/STM32G4xx_HAL_Driver/Src/stm32g4xx_hal_dma.o
LOAD ./Drivers/STM32G4xx_HAL_Driver/Src/stm32g4xx_hal_dma_ex.o
LOAD ./Drivers/STM32G4xx_HAL_Driver/Src/stm32g4xx_hal_exti.o
LOAD ./Drivers/STM32G4xx_HAL_Driver/Src/stm32g4xx_hal_flash.o
LOAD ./Drivers/STM32G4xx_HAL_Driver/Src/stm32g4xx_hal_flash_ex.o
LOAD ./Drivers/STM32G4xx_HAL_Driver/Src/stm32g4xx_hal_flash_ramfunc.o
LOAD ./Drivers/STM32G4xx_HAL_Driver/Src/stm32g4xx_hal_gpio.o
LOAD ./Drivers/STM32G4xx_HAL_Driver/Src/stm32g4xx_hal_i2c.o
LOAD ./Drivers/STM32G4xx_HAL_Driver/Src/stm32g4xx_hal_i2c_ex.o
LOAD ./Drivers/STM32G4xx_HAL_Driver/Src/stm32g4xx_hal_pwr.o
LOAD ./Drivers/STM32G4xx_HAL_Driver/Src/stm32g4xx_hal_pwr_ex.o
LOAD ./Drivers/STM32G4xx_HAL_Driver/Src/stm32g4xx_hal_rcc.o
LOAD ./Drivers/STM32G4xx_HAL_Driver/Src/stm32g4xx_hal_rcc_ex.o
LOAD ./Drivers/STM32G4xx_HAL_Driver/Src/stm32g4xx_hal_spi.o
LOAD ./Drivers/STM32G4xx_HAL_Driver/Src/stm32g4xx_hal_spi_ex.o
LOAD ./Drivers/STM32G4xx_HAL_Driver/Src/stm32g4xx_hal_tim.o
LOAD ./Drivers/STM32G4xx_HAL_Driver/Src/stm32g4xx_hal_tim_ex.o
LOAD ./Drivers/STM32G4xx_HAL_Driver/Src/stm32g4xx_hal_uart.o
LOAD ./Drivers/STM32G4xx_HAL_Driver/Src/stm32g4xx_hal_uart_ex.o
LOAD ./Drivers/STM32G4xx_HAL_Driver/Src/stm32g4xx_hal_usart.o
LOAD ./Drivers/STM32G4xx_HAL_Driver/Src/stm32g4xx_hal_usart_ex.o
LOAD ./Drivers/STM32G4xx_HAL_Driver/Src/stm32g4xx_ll_adc.o
LOAD ./TOF/App/app_tof.o
LOAD ./TOF/Target/app_tof_pin_conf.o
LOAD ./TOF/Target/custom_ranging_sensor.o
START GROUP
LOAD /Applications/STM32CubeIDE.app/Contents/Eclipse/plugins/com.st.stm32cube.ide.mcu.externaltools.gnu-tools-for-stm32.13.3.rel1.macos64_1.0.0.202411102158/tools/bin/../lib/gcc/arm-none-eabi/13.3.1/../../../../arm-none-eabi/lib/thumb/v7e-m+fp/hard/libstdc++_nano.a
LOAD /Applications/STM32CubeIDE.app/Contents/Eclipse/plugins/com.st.stm32cube.ide.mcu.externaltools.gnu-tools-for-stm32.13.3.rel1.macos64_1.0.0.202411102158/tools/bin/../lib/gcc/arm-none-eabi/13.3.1/../../../../arm-none-eabi/lib/thumb/v7e-m+fp/hard/libsupc++_nano.a
END GROUP
LOAD /Applications/STM32CubeIDE.app/Contents/Eclipse/plugins/com.st.stm32cube.ide.mcu.externaltools.gnu-tools-for-stm32.13.3.rel1.macos64_1.0.0.202411102158/tools/bin/../lib/gcc/arm-none-eabi/13.3.1/../../../../arm-none-eabi/lib/thumb/v7e-m+fp/hard/libstdc++_nano.a
LOAD /Applications/STM32CubeIDE.app/Contents/Eclipse/plugins/com.st.stm32cube.ide.mcu.externaltools.gnu-tools-for-stm32.13.3.rel1.macos64_1.0.0.202411102158/tools/bin/../lib/gcc/arm-none-eabi/13.3.1/../../../../arm-none-eabi/lib/thumb/v7e-m+fp/hard/libm.a
LOAD /Applications/STM32CubeIDE.app/Contents/Eclipse/plugins/com.st.stm32cube.ide.mcu.externaltools.gnu-tools-for-stm32.13.3.rel1.macos64_1.0.0.202411102158/tools/bin/../lib/gcc/arm-none-eabi/13.3.1/../../../../arm-none-eabi/lib/thumb/v7e-m+fp/hard/libc_nano.a
START GROUP
LOAD /Applications/STM32CubeIDE.app/Contents/Eclipse/plugins/com.st.stm32cube.ide.mcu.externaltools.gnu-tools-for-stm32.13.3.rel1.macos64_1.0.0.202411102158/tools/bin/../lib/gcc/arm-none-eabi/13.3.1/thumb/v7e-m+fp/hard/libgcc.a
LOAD /Applications/STM32CubeIDE.app/Contents/Eclipse/plugins/com.st.stm32cube.ide.mcu.externaltools.gnu-tools-for-stm32.13.3.rel1.macos64_1.0.0.202411102158/tools/bin/../lib/gcc/arm-none-eabi/13.3.1/../../../../arm-none-eabi/lib/thumb/v7e-m+fp/hard/libc_nano.a
END GROUP
START GROUP
LOAD /Applications/STM32CubeIDE.app/Contents/Eclipse/plugins/com.st.stm32cube.ide.mcu.externaltools.gnu-tools-for-stm32.13.3.rel1.macos64_1.0.0.202411102158/tools/bin/../lib/gcc/arm-none-eabi/13.3.1/thumb/v7e-m+fp/hard/libgcc.a
LOAD /Applications/STM32CubeIDE.app/Contents/Eclipse/plugins/com.st.stm32cube.ide.mcu.externaltools.gnu-tools-for-stm32.13.3.rel1.macos64_1.0.0.202411102158/tools/bin/../lib/gcc/arm-none-eabi/13.3.1/../../../../arm-none-eabi/lib/thumb/v7e-m+fp/hard/libc_nano.a
LOAD /Applications/STM32CubeIDE.app/Contents/Eclipse/plugins/com.st.stm32cube.ide.mcu.externaltools.gnu-tools-for-stm32.13.3.rel1.macos64_1.0.0.202411102158/tools/bin/../lib/gcc/arm-none-eabi/13.3.1/../../../../arm-none-eabi/lib/thumb/v7e-m+fp/hard/libnosys.a
END GROUP
START GROUP
LOAD /Applications/STM32CubeIDE.app/Contents/Eclipse/plugins/com.st.stm32cube.ide.mcu.externaltools.gnu-tools-for-stm32.13.3.rel1.macos64_1.0.0.202411102158/tools/bin/../lib/gcc/arm-none-eabi/13.3.1/thumb/v7e-m+fp/hard/libgcc.a
LOAD /Applications/STM32CubeIDE.app/Contents/Eclipse/plugins/com.st.stm32cube.ide.mcu.externaltools.gnu-tools-for-stm32.13.3.rel1.macos64_1.0.0.202411102158/tools/bin/../lib/gcc/arm-none-eabi/13.3.1/../../../../arm-none-eabi/lib/thumb/v7e-m+fp/hard/libc_nano.a
LOAD /Applications/STM32CubeIDE.app/Contents/Eclipse/plugins/com.st.stm32cube.ide.mcu.externaltools.gnu-tools-for-stm32.13.3.rel1.macos64_1.0.0.202411102158/tools/bin/../lib/gcc/arm-none-eabi/13.3.1/../../../../arm-none-eabi/lib/thumb/v7e-m+fp/hard/libnosys.a
END GROUP
LOAD /Applications/STM32CubeIDE.app/Contents/Eclipse/plugins/com.st.stm32cube.ide.mcu.externaltools.gnu-tools-for-stm32.13.3.rel1.macos64_1.0.0.202411102158/tools/bin/../lib/gcc/arm-none-eabi/13.3.1/thumb/v7e-m+fp/hard/crtend.o
LOAD /Applications/STM32CubeIDE.app/Contents/Eclipse/plugins/com.st.stm32cube.ide.mcu.externaltools.gnu-tools-for-stm32.13.3.rel1.macos64_1.0.0.202411102158/tools/bin/../lib/gcc/arm-none-eabi/13.3.1/thumb/v7e-m+fp/hard/crtn.o
                0x20008000                        _estack = (ORIGIN (RAM) + LENGTH (RAM))
                0x00000200                        _Min_Heap_Size = 0x200
                0x00000400                        _Min_Stack_Size = 0x400

.isr_vector     0x08000000      0x1d8
                0x08000000                        . = ALIGN (0x4)
 *(.isr_vector)
 .isr_vector    0x08000000      0x1d8 ./Core/Startup/startup_stm32g431kbtx.o
                0x08000000                g_pfnVectors
                0x080001d8                        . = ALIGN (0x4)

.text           0x080001e0    0x18d28
                0x080001e0                        . = ALIGN (0x4)
 *(.text)
 .text          0x080001e0       0x40 /Applications/STM32CubeIDE.app/Contents/Eclipse/plugins/com.st.stm32cube.ide.mcu.externaltools.gnu-tools-for-stm32.13.3.rel1.macos64_1.0.0.202411102158/tools/bin/../lib/gcc/arm-none-eabi/13.3.1/thumb/v7e-m+fp/hard/crtbegin.o
 .text          0x08000220       0xa0 /Applications/STM32CubeIDE.app/Contents/Eclipse/plugins/com.st.stm32cube.ide.mcu.externaltools.gnu-tools-for-stm32.13.3.rel1.macos64_1.0.0.202411102158/tools/bin/../lib/gcc/arm-none-eabi/13.3.1/../../../../arm-none-eabi/lib/thumb/v7e-m+fp/hard/libc_nano.a(libc_a-memchr.o)
                0x08000220                memchr
 .text          0x080002c0       0xa0 /Applications/STM32CubeIDE.app/Contents/Eclipse/plugins/com.st.stm32cube.ide.mcu.externaltools.gnu-tools-for-stm32.13.3.rel1.macos64_1.0.0.202411102158/tools/bin/../lib/gcc/arm-none-eabi/13.3.1/thumb/v7e-m+fp/hard/libgcc.a(_aeabi_ldivmod.o)
                0x080002c0                __aeabi_ldivmod
 .text          0x08000360       0x30 /Applications/STM32CubeIDE.app/Contents/Eclipse/plugins/com.st.stm32cube.ide.mcu.externaltools.gnu-tools-for-stm32.13.3.rel1.macos64_1.0.0.202411102158/tools/bin/../lib/gcc/arm-none-eabi/13.3.1/thumb/v7e-m+fp/hard/libgcc.a(_aeabi_uldivmod.o)
                0x08000360                __aeabi_uldivmod
 .text          0x08000390      0x2f8 /Applications/STM32CubeIDE.app/Contents/Eclipse/plugins/com.st.stm32cube.ide.mcu.externaltools.gnu-tools-for-stm32.13.3.rel1.macos64_1.0.0.202411102158/tools/bin/../lib/gcc/arm-none-eabi/13.3.1/thumb/v7e-m+fp/hard/libgcc.a(_udivmoddi4.o)
                0x08000390                __udivmoddi4
 .text          0x08000688        0x4 /Applications/STM32CubeIDE.app/Contents/Eclipse/plugins/com.st.stm32cube.ide.mcu.externaltools.gnu-tools-for-stm32.13.3.rel1.macos64_1.0.0.202411102158/tools/bin/../lib/gcc/arm-none-eabi/13.3.1/thumb/v7e-m+fp/hard/libgcc.a(_dvmd_tls.o)
                0x08000688                __aeabi_ldiv0
                0x08000688                __aeabi_idiv0
 *(.text*)
 .text.main     0x0800068c       0x68 ./Core/Src/main.o
                0x0800068c                main
 .text.SystemClock_Config
                0x080006f4       0x96 ./Core/Src/main.o
                0x080006f4                SystemClock_Config
 *fill*         0x0800078a        0x2 
 .text.MX_ADC1_Init
                0x0800078c       0xf0 ./Core/Src/main.o
 .text.MX_SPI1_Init
                0x0800087c       0x7c ./Core/Src/main.o
 .text.MX_TIM1_Init
                0x080008f8       0xa8 ./Core/Src/main.o
 .text.MX_GPIO_Init
                0x080009a0      0x158 ./Core/Src/main.o
 .text.Error_Handler
                0x08000af8        0xc ./Core/Src/main.o
                0x08000af8                Error_Handler
 .text._Z5setupv
                0x08000b04       0x14 ./Core/Src/main_cpp.o
                0x08000b04                setup()
 .text._Z4loopv
                0x08000b18       0x20 ./Core/Src/main_cpp.o
                0x08000b18                loop()
 .text.main_cpp
                0x08000b38       0x10 ./Core/Src/main_cpp.o
                0x08000b38                main_cpp
 .text.HAL_MspInit
                0x08000b48       0x68 ./Core/Src/stm32g4xx_hal_msp.o
                0x08000b48                HAL_MspInit
 .text.HAL_ADC_MspInit
                0x08000bb0       0xa8 ./Core/Src/stm32g4xx_hal_msp.o
                0x08000bb0                HAL_ADC_MspInit
 .text.HAL_SPI_MspInit
                0x08000c58       0x84 ./Core/Src/stm32g4xx_hal_msp.o
                0x08000c58                HAL_SPI_MspInit
 .text.HAL_TIM_Base_MspInit
                0x08000cdc       0x4c ./Core/Src/stm32g4xx_hal_msp.o
                0x08000cdc                HAL_TIM_Base_MspInit
 .text.NMI_Handler
                0x08000d28        0x8 ./Core/Src/stm32g4xx_it.o
                0x08000d28                NMI_Handler
 .text.HardFault_Handler
                0x08000d30        0x8 ./Core/Src/stm32g4xx_it.o
                0x08000d30                HardFault_Handler
 .text.MemManage_Handler
                0x08000d38        0x8 ./Core/Src/stm32g4xx_it.o
                0x08000d38                MemManage_Handler
 .text.BusFault_Handler
                0x08000d40        0x8 ./Core/Src/stm32g4xx_it.o
                0x08000d40                BusFault_Handler
 .text.UsageFault_Handler
                0x08000d48        0x8 ./Core/Src/stm32g4xx_it.o
                0x08000d48                UsageFault_Handler
 .text.SVC_Handler
                0x08000d50        0xe ./Core/Src/stm32g4xx_it.o
                0x08000d50                SVC_Handler
 .text.DebugMon_Handler
                0x08000d5e        0xe ./Core/Src/stm32g4xx_it.o
                0x08000d5e                DebugMon_Handler
 .text.PendSV_Handler
                0x08000d6c        0xe ./Core/Src/stm32g4xx_it.o
                0x08000d6c                PendSV_Handler
 .text.SysTick_Handler
                0x08000d7a        0xc ./Core/Src/stm32g4xx_it.o
                0x08000d7a                SysTick_Handler
 .text.EXTI1_IRQHandler
                0x08000d86        0xe ./Core/Src/stm32g4xx_it.o
                0x08000d86                EXTI1_IRQHandler
 .text.TIM1_UP_TIM16_IRQHandler
                0x08000d94       0x14 ./Core/Src/stm32g4xx_it.o
                0x08000d94                TIM1_UP_TIM16_IRQHandler
 .text.I2C1_ER_IRQHandler
                0x08000da8       0x14 ./Core/Src/stm32g4xx_it.o
                0x08000da8                I2C1_ER_IRQHandler
 .text.BSP_I2C1_Init
                0x08000dbc       0x7c ./Core/Src/stm32g4xx_nucleo_bus.o
                0x08000dbc                BSP_I2C1_Init
 .text.BSP_I2C1_DeInit
                0x08000e38       0x50 ./Core/Src/stm32g4xx_nucleo_bus.o
                0x08000e38                BSP_I2C1_DeInit
 .text.BSP_I2C1_Send
                0x08000e88       0x54 ./Core/Src/stm32g4xx_nucleo_bus.o
                0x08000e88                BSP_I2C1_Send
 .text.BSP_I2C1_Recv
                0x08000edc       0x54 ./Core/Src/stm32g4xx_nucleo_bus.o
                0x08000edc                BSP_I2C1_Recv
 .text.BSP_GetTick
                0x08000f30        0xe ./Core/Src/stm32g4xx_nucleo_bus.o
                0x08000f30                BSP_GetTick
 *fill*         0x08000f3e        0x2 
 .text.MX_I2C1_Init
                0x08000f40       0x88 ./Core/Src/stm32g4xx_nucleo_bus.o
                0x08000f40                MX_I2C1_Init
 .text.I2C1_MspInit
                0x08000fc8       0xd4 ./Core/Src/stm32g4xx_nucleo_bus.o
 .text.I2C1_MspDeInit
                0x0800109c       0x40 ./Core/Src/stm32g4xx_nucleo_bus.o
 .text._read    0x080010dc       0x3a ./Core/Src/syscalls.o
                0x080010dc                _read
 .text._write   0x08001116       0x38 ./Core/Src/syscalls.o
                0x08001116                _write
 .text._close   0x0800114e       0x18 ./Core/Src/syscalls.o
                0x0800114e                _close
 .text._fstat   0x08001166       0x20 ./Core/Src/syscalls.o
                0x08001166                _fstat
 .text._isatty  0x08001186       0x16 ./Core/Src/syscalls.o
                0x08001186                _isatty
 .text._lseek   0x0800119c       0x1a ./Core/Src/syscalls.o
                0x0800119c                _lseek
 *fill*         0x080011b6        0x2 
 .text._sbrk    0x080011b8       0x6c ./Core/Src/sysmem.o
                0x080011b8                _sbrk
 .text.SystemInit
                0x08001224       0x24 ./Core/Src/system_stm32g4xx.o
                0x08001224                SystemInit
 .text.Reset_Handler
                0x08001248       0x50 ./Core/Startup/startup_stm32g431kbtx.o
                0x08001248                Reset_Handler
 .text.Default_Handler
                0x08001298        0x2 ./Core/Startup/startup_stm32g431kbtx.o
                0x08001298                TIM1_BRK_TIM15_IRQHandler
                0x08001298                EXTI2_IRQHandler
                0x08001298                TIM8_TRG_COM_IRQHandler
                0x08001298                TIM8_CC_IRQHandler
                0x08001298                TIM1_CC_IRQHandler
                0x08001298                USB_HP_IRQHandler
                0x08001298                CORDIC_IRQHandler
                0x08001298                EXTI3_IRQHandler
                0x08001298                I2C3_ER_IRQHandler
                0x08001298                EXTI0_IRQHandler
                0x08001298                I2C2_EV_IRQHandler
                0x08001298                FPU_IRQHandler
                0x08001298                FDCAN1_IT1_IRQHandler
                0x08001298                ADC1_2_IRQHandler
                0x08001298                SPI1_IRQHandler
                0x08001298                TIM6_DAC_IRQHandler
                0x08001298                TIM8_UP_IRQHandler
                0x08001298                DMA2_Channel2_IRQHandler
                0x08001298                DMA1_Channel4_IRQHandler
                0x08001298                USART3_IRQHandler
                0x08001298                TIM4_IRQHandler
                0x08001298                DMA2_Channel1_IRQHandler
                0x08001298                I2C1_EV_IRQHandler
                0x08001298                DMA1_Channel6_IRQHandler
                0x08001298                UART4_IRQHandler
                0x08001298                DMA2_Channel4_IRQHandler
                0x08001298                TIM3_IRQHandler
                0x08001298                RCC_IRQHandler
                0x08001298                DMA1_Channel1_IRQHandler
                0x08001298                Default_Handler
                0x08001298                RTC_TAMP_LSECSS_IRQHandler
                0x08001298                FMAC_IRQHandler
                0x08001298                EXTI15_10_IRQHandler
                0x08001298                TIM7_IRQHandler
                0x08001298                UCPD1_IRQHandler
                0x08001298                I2C3_EV_IRQHandler
                0x08001298                EXTI9_5_IRQHandler
                0x08001298                RTC_WKUP_IRQHandler
                0x08001298                PVD_PVM_IRQHandler
                0x08001298                SPI2_IRQHandler
                0x08001298                DMA2_Channel5_IRQHandler
                0x08001298                CRS_IRQHandler
                0x08001298                DMA1_Channel5_IRQHandler
                0x08001298                USB_LP_IRQHandler
                0x08001298                EXTI4_IRQHandler
                0x08001298                RNG_IRQHandler
                0x08001298                TIM1_TRG_COM_TIM17_IRQHandler
                0x08001298                DMA1_Channel3_IRQHandler
                0x08001298                WWDG_IRQHandler
                0x08001298                LPUART1_IRQHandler
                0x08001298                DMA2_Channel6_IRQHandler
                0x08001298                FDCAN1_IT0_IRQHandler
                0x08001298                TIM2_IRQHandler
                0x08001298                COMP1_2_3_IRQHandler
                0x08001298                USART2_IRQHandler
                0x08001298                I2C2_ER_IRQHandler
                0x08001298                DMA1_Channel2_IRQHandler
                0x08001298                TIM8_BRK_IRQHandler
                0x08001298                FLASH_IRQHandler
                0x08001298                USART1_IRQHandler
                0x08001298                SPI3_IRQHandler
                0x08001298                LPTIM1_IRQHandler
                0x08001298                DMAMUX_OVR_IRQHandler
                0x08001298                USBWakeUp_IRQHandler
                0x08001298                SAI1_IRQHandler
                0x08001298                DMA2_Channel3_IRQHandler
                0x08001298                COMP4_IRQHandler
                0x08001298                RTC_Alarm_IRQHandler
 .text.VL53LX_SetDeviceAddress
                0x0800129a       0x4e ./Drivers/BSP/Components/vl53l3cx/modules/vl53lx_api.o
                0x0800129a                VL53LX_SetDeviceAddress
 .text.VL53LX_DataInit
                0x080012e8       0xb6 ./Drivers/BSP/Components/vl53l3cx/modules/vl53lx_api.o
                0x080012e8                VL53LX_DataInit
 .text.VL53LX_WaitDeviceBooted
                0x0800139e       0x26 ./Drivers/BSP/Components/vl53l3cx/modules/vl53lx_api.o
                0x0800139e                VL53LX_WaitDeviceBooted
 .text.ComputeDevicePresetMode
                0x080013c4       0x60 ./Drivers/BSP/Components/vl53l3cx/modules/vl53lx_api.o
 .text.SetPresetModeL3CX
                0x08001424       0xb6 ./Drivers/BSP/Components/vl53l3cx/modules/vl53lx_api.o
 .text.IsL4     0x080014da       0x38 ./Drivers/BSP/Components/vl53l3cx/modules/vl53lx_api.o
 .text.CheckValidRectRoi
                0x08001512       0x4c ./Drivers/BSP/Components/vl53l3cx/modules/vl53lx_api.o
 .text.VL53LX_SetDistanceMode
                0x0800155e       0xd0 ./Drivers/BSP/Components/vl53l3cx/modules/vl53lx_api.o
                0x0800155e                VL53LX_SetDistanceMode
 *fill*         0x0800162e        0x2 
 .text.VL53LX_SetMeasurementTimingBudgetMicroSeconds
                0x08001630       0xf0 ./Drivers/BSP/Components/vl53l3cx/modules/vl53lx_api.o
                0x08001630                VL53LX_SetMeasurementTimingBudgetMicroSeconds
 .text.VL53LX_SetUserROI
                0x08001720       0xda ./Drivers/BSP/Components/vl53l3cx/modules/vl53lx_api.o
                0x08001720                VL53LX_SetUserROI
 .text.VL53LX_StartMeasurement
                0x080017fa       0x9c ./Drivers/BSP/Components/vl53l3cx/modules/vl53lx_api.o
                0x080017fa                VL53LX_StartMeasurement
 .text.VL53LX_StopMeasurement
                0x08001896       0x28 ./Drivers/BSP/Components/vl53l3cx/modules/vl53lx_api.o
                0x08001896                VL53LX_StopMeasurement
 .text.VL53LX_ClearInterruptAndStartMeasurement
                0x080018be       0x2c ./Drivers/BSP/Components/vl53l3cx/modules/vl53lx_api.o
                0x080018be                VL53LX_ClearInterruptAndStartMeasurement
 .text.VL53LX_GetMeasurementDataReady
                0x080018ea       0x26 ./Drivers/BSP/Components/vl53l3cx/modules/vl53lx_api.o
                0x080018ea                VL53LX_GetMeasurementDataReady
 .text.ConvertStatusHisto
                0x08001910       0xa8 ./Drivers/BSP/Components/vl53l3cx/modules/vl53lx_api.o
 .text.SetTargetData
                0x080019b8      0x5ac ./Drivers/BSP/Components/vl53l3cx/modules/vl53lx_api.o
 .text.SetMeasurementData
                0x08001f64      0x142 ./Drivers/BSP/Components/vl53l3cx/modules/vl53lx_api.o
 .text.VL53LX_GetMultiRangingData
                0x080020a6       0x4e ./Drivers/BSP/Components/vl53l3cx/modules/vl53lx_api.o
                0x080020a6                VL53LX_GetMultiRangingData
 .text.VL53LX_PerformRefSpadManagement
                0x080020f4      0x108 ./Drivers/BSP/Components/vl53l3cx/modules/vl53lx_api.o
                0x080020f4                VL53LX_PerformRefSpadManagement
 .text.VL53LX_SmudgeCorrectionEnable
                0x080021fc       0xf0 ./Drivers/BSP/Components/vl53l3cx/modules/vl53lx_api.o
                0x080021fc                VL53LX_SmudgeCorrectionEnable
 .text.VL53LX_run_ref_spad_char
                0x080022ec      0x19a ./Drivers/BSP/Components/vl53l3cx/modules/vl53lx_api_calibration.o
                0x080022ec                VL53LX_run_ref_spad_char
 .text.VL53LX_run_device_test
                0x08002486       0xea ./Drivers/BSP/Components/vl53l3cx/modules/vl53lx_api_calibration.o
                0x08002486                VL53LX_run_device_test
 .text.select_offset_per_vcsel
                0x08002570       0xce ./Drivers/BSP/Components/vl53l3cx/modules/vl53lx_api_core.o
 .text.vl53lx_diff_histo_stddev
                0x0800263e      0x122 ./Drivers/BSP/Components/vl53l3cx/modules/vl53lx_api_core.o
 .text.vl53lx_histo_merge
                0x08002760      0x2d2 ./Drivers/BSP/Components/vl53l3cx/modules/vl53lx_api_core.o
 *fill*         0x08002a32        0x2 
 .text.VL53LX_load_patch
                0x08002a34      0x25c ./Drivers/BSP/Components/vl53l3cx/modules/vl53lx_api_core.o
                0x08002a34                VL53LX_load_patch
 .text.VL53LX_unload_patch
                0x08002c90       0x6a ./Drivers/BSP/Components/vl53l3cx/modules/vl53lx_api_core.o
                0x08002c90                VL53LX_unload_patch
 .text.VL53LX_data_init
                0x08002cfa      0x362 ./Drivers/BSP/Components/vl53l3cx/modules/vl53lx_api_core.o
                0x08002cfa                VL53LX_data_init
 .text.VL53LX_read_p2p_data
                0x0800305c      0x24c ./Drivers/BSP/Components/vl53l3cx/modules/vl53lx_api_core.o
                0x0800305c                VL53LX_read_p2p_data
 .text.VL53LX_set_inter_measurement_period_ms
                0x080032a8       0x5c ./Drivers/BSP/Components/vl53l3cx/modules/vl53lx_api_core.o
                0x080032a8                VL53LX_set_inter_measurement_period_ms
 .text.VL53LX_set_timeouts_us
                0x08003304       0x72 ./Drivers/BSP/Components/vl53l3cx/modules/vl53lx_api_core.o
                0x08003304                VL53LX_set_timeouts_us
 .text.VL53LX_get_timeouts_us
                0x08003376       0xd4 ./Drivers/BSP/Components/vl53l3cx/modules/vl53lx_api_core.o
                0x08003376                VL53LX_get_timeouts_us
 .text.VL53LX_set_user_zone
                0x0800344a       0x48 ./Drivers/BSP/Components/vl53l3cx/modules/vl53lx_api_core.o
                0x0800344a                VL53LX_set_user_zone
 .text.VL53LX_get_mode_mitigation_roi
                0x08003492       0x6a ./Drivers/BSP/Components/vl53l3cx/modules/vl53lx_api_core.o
                0x08003492                VL53LX_get_mode_mitigation_roi
 .text.VL53LX_init_zone_config_histogram_bins
                0x080034fc       0x3e ./Drivers/BSP/Components/vl53l3cx/modules/vl53lx_api_core.o
                0x080034fc                VL53LX_init_zone_config_histogram_bins
 .text.VL53LX_set_zone_config
                0x0800353a       0x86 ./Drivers/BSP/Components/vl53l3cx/modules/vl53lx_api_core.o
                0x0800353a                VL53LX_set_zone_config
 .text.VL53LX_get_preset_mode_timing_cfg
                0x080035c0       0xc2 ./Drivers/BSP/Components/vl53l3cx/modules/vl53lx_api_core.o
                0x080035c0                VL53LX_get_preset_mode_timing_cfg
 .text.VL53LX_set_preset_mode
                0x08003682      0x186 ./Drivers/BSP/Components/vl53l3cx/modules/vl53lx_api_core.o
                0x08003682                VL53LX_set_preset_mode
 .text.VL53LX_init_and_start_range
                0x08003808      0x59c ./Drivers/BSP/Components/vl53l3cx/modules/vl53lx_api_core.o
                0x08003808                VL53LX_init_and_start_range
 .text.VL53LX_stop_range
                0x08003da4       0xa0 ./Drivers/BSP/Components/vl53l3cx/modules/vl53lx_api_core.o
                0x08003da4                VL53LX_stop_range
 .text.VL53LX_get_measurement_results
                0x08003e44      0x17e ./Drivers/BSP/Components/vl53l3cx/modules/vl53lx_api_core.o
                0x08003e44                VL53LX_get_measurement_results
 .text.VL53LX_get_device_results
                0x08003fc2      0x804 ./Drivers/BSP/Components/vl53l3cx/modules/vl53lx_api_core.o
                0x08003fc2                VL53LX_get_device_results
 .text.VL53LX_clear_interrupt_and_enable_next_range
                0x080047c6       0x34 ./Drivers/BSP/Components/vl53l3cx/modules/vl53lx_api_core.o
                0x080047c6                VL53LX_clear_interrupt_and_enable_next_range
 *fill*         0x080047fa        0x2 
 .text.VL53LX_get_histogram_bin_data
                0x080047fc      0x604 ./Drivers/BSP/Components/vl53l3cx/modules/vl53lx_api_core.o
                0x080047fc                VL53LX_get_histogram_bin_data
 .text.VL53LX_copy_sys_and_core_results_to_range_results
                0x08004e00      0x2e8 ./Drivers/BSP/Components/vl53l3cx/modules/vl53lx_api_core.o
                0x08004e00                VL53LX_copy_sys_and_core_results_to_range_results
 .text.VL53LX_set_zone_dss_config
                0x080050e8       0x4e ./Drivers/BSP/Components/vl53l3cx/modules/vl53lx_api_core.o
                0x080050e8                VL53LX_set_zone_dss_config
 .text.VL53LX_set_dmax_mode
                0x08005136       0x2c ./Drivers/BSP/Components/vl53l3cx/modules/vl53lx_api_core.o
                0x08005136                VL53LX_set_dmax_mode
 .text.VL53LX_get_dmax_calibration_data
                0x08005162       0x54 ./Drivers/BSP/Components/vl53l3cx/modules/vl53lx_api_core.o
                0x08005162                VL53LX_get_dmax_calibration_data
 *fill*         0x080051b6        0x2 
 .text.VL53LX_get_tuning_parm
                0x080051b8      0xde8 ./Drivers/BSP/Components/vl53l3cx/modules/vl53lx_api_core.o
                0x080051b8                VL53LX_get_tuning_parm
 .text.VL53LX_dynamic_xtalk_correction_enable
                0x08005fa0       0x2e ./Drivers/BSP/Components/vl53l3cx/modules/vl53lx_api_core.o
                0x08005fa0                VL53LX_dynamic_xtalk_correction_enable
 .text.VL53LX_dynamic_xtalk_correction_disable
                0x08005fce       0x2e ./Drivers/BSP/Components/vl53l3cx/modules/vl53lx_api_core.o
                0x08005fce                VL53LX_dynamic_xtalk_correction_disable
 .text.VL53LX_dynamic_xtalk_correction_apply_disable
                0x08005ffc       0x2e ./Drivers/BSP/Components/vl53l3cx/modules/vl53lx_api_core.o
                0x08005ffc                VL53LX_dynamic_xtalk_correction_apply_disable
 .text.VL53LX_dynamic_xtalk_correction_single_apply_enable
                0x0800602a       0x2e ./Drivers/BSP/Components/vl53l3cx/modules/vl53lx_api_core.o
                0x0800602a                VL53LX_dynamic_xtalk_correction_single_apply_enable
 .text.VL53LX_dynamic_xtalk_correction_single_apply_disable
                0x08006058       0x2e ./Drivers/BSP/Components/vl53l3cx/modules/vl53lx_api_core.o
                0x08006058                VL53LX_dynamic_xtalk_correction_single_apply_disable
 .text.VL53LX_dynamic_xtalk_correction_apply_enable
                0x08006086       0x2e ./Drivers/BSP/Components/vl53l3cx/modules/vl53lx_api_core.o
                0x08006086                VL53LX_dynamic_xtalk_correction_apply_enable
 .text.VL53LX_init_refspadchar_config_struct
                0x080060b4       0x48 ./Drivers/BSP/Components/vl53l3cx/modules/vl53lx_api_preset_modes.o
                0x080060b4                VL53LX_init_refspadchar_config_struct
 .text.VL53LX_init_ssc_config_struct
                0x080060fc       0x42 ./Drivers/BSP/Components/vl53l3cx/modules/vl53lx_api_preset_modes.o
                0x080060fc                VL53LX_init_ssc_config_struct
 .text.VL53LX_init_xtalk_config_struct
                0x0800613e       0xe6 ./Drivers/BSP/Components/vl53l3cx/modules/vl53lx_api_preset_modes.o
                0x0800613e                VL53LX_init_xtalk_config_struct
 .text.VL53LX_init_xtalk_extract_config_struct
                0x08006224       0x5e ./Drivers/BSP/Components/vl53l3cx/modules/vl53lx_api_preset_modes.o
                0x08006224                VL53LX_init_xtalk_extract_config_struct
 .text.VL53LX_init_offset_cal_config_struct
                0x08006282       0x4e ./Drivers/BSP/Components/vl53l3cx/modules/vl53lx_api_preset_modes.o
                0x08006282                VL53LX_init_offset_cal_config_struct
 .text.VL53LX_init_zone_cal_config_struct
                0x080062d0       0x48 ./Drivers/BSP/Components/vl53l3cx/modules/vl53lx_api_preset_modes.o
                0x080062d0                VL53LX_init_zone_cal_config_struct
 .text.VL53LX_init_hist_post_process_config_struct
                0x08006318       0xde ./Drivers/BSP/Components/vl53l3cx/modules/vl53lx_api_preset_modes.o
                0x08006318                VL53LX_init_hist_post_process_config_struct
 .text.VL53LX_init_tuning_parm_storage_struct
                0x080063f6      0x338 ./Drivers/BSP/Components/vl53l3cx/modules/vl53lx_api_preset_modes.o
                0x080063f6                VL53LX_init_tuning_parm_storage_struct
 .text.VL53LX_init_hist_gen3_dmax_config_struct
                0x0800672e       0x6c ./Drivers/BSP/Components/vl53l3cx/modules/vl53lx_api_preset_modes.o
                0x0800672e                VL53LX_init_hist_gen3_dmax_config_struct
 .text.VL53LX_preset_mode_standard_ranging
                0x0800679a      0x2f2 ./Drivers/BSP/Components/vl53l3cx/modules/vl53lx_api_preset_modes.o
                0x0800679a                VL53LX_preset_mode_standard_ranging
 .text.VL53LX_preset_mode_histogram_ranging
                0x08006a8c      0x12a ./Drivers/BSP/Components/vl53l3cx/modules/vl53lx_api_preset_modes.o
                0x08006a8c                VL53LX_preset_mode_histogram_ranging
 .text.VL53LX_preset_mode_histogram_long_range
                0x08006bb6      0x13c ./Drivers/BSP/Components/vl53l3cx/modules/vl53lx_api_preset_modes.o
                0x08006bb6                VL53LX_preset_mode_histogram_long_range
 .text.VL53LX_preset_mode_histogram_medium_range
                0x08006cf2      0x13c ./Drivers/BSP/Components/vl53l3cx/modules/vl53lx_api_preset_modes.o
                0x08006cf2                VL53LX_preset_mode_histogram_medium_range
 .text.VL53LX_preset_mode_histogram_short_range
                0x08006e2e      0x13c ./Drivers/BSP/Components/vl53l3cx/modules/vl53lx_api_preset_modes.o
                0x08006e2e                VL53LX_preset_mode_histogram_short_range
 .text.VL53LX_copy_hist_cfg_to_static_cfg
                0x08006f6a       0xde ./Drivers/BSP/Components/vl53l3cx/modules/vl53lx_api_preset_modes.o
                0x08006f6a                VL53LX_copy_hist_cfg_to_static_cfg
 .text.VL53LX_copy_hist_bins_to_static_cfg
                0x08007048       0xbc ./Drivers/BSP/Components/vl53l3cx/modules/vl53lx_api_preset_modes.o
                0x08007048                VL53LX_copy_hist_bins_to_static_cfg
 .text.VL53LX_init_version
                0x08007104       0x38 ./Drivers/BSP/Components/vl53l3cx/modules/vl53lx_core.o
                0x08007104                VL53LX_init_version
 .text.VL53LX_init_ll_driver_state
                0x0800713c       0x60 ./Drivers/BSP/Components/vl53l3cx/modules/vl53lx_core.o
                0x0800713c                VL53LX_init_ll_driver_state
 .text.VL53LX_update_ll_driver_rd_state
                0x0800719c      0x1dc ./Drivers/BSP/Components/vl53l3cx/modules/vl53lx_core.o
                0x0800719c                VL53LX_update_ll_driver_rd_state
 .text.VL53LX_check_ll_driver_rd_state
                0x08007378      0x164 ./Drivers/BSP/Components/vl53l3cx/modules/vl53lx_core.o
                0x08007378                VL53LX_check_ll_driver_rd_state
 .text.VL53LX_update_ll_driver_cfg_state
                0x080074dc      0x24c ./Drivers/BSP/Components/vl53l3cx/modules/vl53lx_core.o
                0x080074dc                VL53LX_update_ll_driver_cfg_state
 .text.VL53LX_copy_rtn_good_spads_to_buffer
                0x08007728      0x174 ./Drivers/BSP/Components/vl53l3cx/modules/vl53lx_core.o
                0x08007728                VL53LX_copy_rtn_good_spads_to_buffer
 .text.VL53LX_init_system_results
                0x0800789c       0xcc ./Drivers/BSP/Components/vl53l3cx/modules/vl53lx_core.o
                0x0800789c                VL53LX_init_system_results
 .text.V53L1_init_zone_results_structure
                0x08007968       0x6a ./Drivers/BSP/Components/vl53l3cx/modules/vl53lx_core.o
                0x08007968                V53L1_init_zone_results_structure
 .text.V53L1_init_zone_dss_configs
                0x080079d2       0x6a ./Drivers/BSP/Components/vl53l3cx/modules/vl53lx_core.o
                0x080079d2                V53L1_init_zone_dss_configs
 .text.VL53LX_init_histogram_config_structure
                0x08007a3c      0x120 ./Drivers/BSP/Components/vl53l3cx/modules/vl53lx_core.o
                0x08007a3c                VL53LX_init_histogram_config_structure
 .text.VL53LX_init_histogram_multizone_config_structure
                0x08007b5c      0x120 ./Drivers/BSP/Components/vl53l3cx/modules/vl53lx_core.o
                0x08007b5c                VL53LX_init_histogram_multizone_config_structure
 .text.VL53LX_init_xtalk_bin_data_struct
                0x08007c7c       0xa6 ./Drivers/BSP/Components/vl53l3cx/modules/vl53lx_core.o
                0x08007c7c                VL53LX_init_xtalk_bin_data_struct
 .text.VL53LX_i2c_encode_uint16_t
                0x08007d22       0x56 ./Drivers/BSP/Components/vl53l3cx/modules/vl53lx_core.o
                0x08007d22                VL53LX_i2c_encode_uint16_t
 .text.VL53LX_i2c_decode_uint16_t
                0x08007d78       0x42 ./Drivers/BSP/Components/vl53l3cx/modules/vl53lx_core.o
                0x08007d78                VL53LX_i2c_decode_uint16_t
 .text.VL53LX_i2c_encode_int16_t
                0x08007dba       0x58 ./Drivers/BSP/Components/vl53l3cx/modules/vl53lx_core.o
                0x08007dba                VL53LX_i2c_encode_int16_t
 .text.VL53LX_i2c_decode_int16_t
                0x08007e12       0x50 ./Drivers/BSP/Components/vl53l3cx/modules/vl53lx_core.o
                0x08007e12                VL53LX_i2c_decode_int16_t
 .text.VL53LX_i2c_encode_uint32_t
                0x08007e62       0x54 ./Drivers/BSP/Components/vl53l3cx/modules/vl53lx_core.o
                0x08007e62                VL53LX_i2c_encode_uint32_t
 .text.VL53LX_i2c_decode_uint32_t
                0x08007eb6       0x3a ./Drivers/BSP/Components/vl53l3cx/modules/vl53lx_core.o
                0x08007eb6                VL53LX_i2c_decode_uint32_t
 .text.VL53LX_i2c_decode_int32_t
                0x08007ef0       0x4a ./Drivers/BSP/Components/vl53l3cx/modules/vl53lx_core.o
                0x08007ef0                VL53LX_i2c_decode_int32_t
 .text.VL53LX_start_test
                0x08007f3a       0x34 ./Drivers/BSP/Components/vl53l3cx/modules/vl53lx_core.o
                0x08007f3a                VL53LX_start_test
 .text.VL53LX_set_firmware_enable_register
                0x08007f6e       0x3e ./Drivers/BSP/Components/vl53l3cx/modules/vl53lx_core.o
                0x08007f6e                VL53LX_set_firmware_enable_register
 .text.VL53LX_enable_firmware
                0x08007fac       0x24 ./Drivers/BSP/Components/vl53l3cx/modules/vl53lx_core.o
                0x08007fac                VL53LX_enable_firmware
 .text.VL53LX_disable_firmware
                0x08007fd0       0x24 ./Drivers/BSP/Components/vl53l3cx/modules/vl53lx_core.o
                0x08007fd0                VL53LX_disable_firmware
 .text.VL53LX_set_powerforce_register
                0x08007ff4       0x3e ./Drivers/BSP/Components/vl53l3cx/modules/vl53lx_core.o
                0x08007ff4                VL53LX_set_powerforce_register
 .text.VL53LX_enable_powerforce
                0x08008032       0x24 ./Drivers/BSP/Components/vl53l3cx/modules/vl53lx_core.o
                0x08008032                VL53LX_enable_powerforce
 .text.VL53LX_disable_powerforce
                0x08008056       0x24 ./Drivers/BSP/Components/vl53l3cx/modules/vl53lx_core.o
                0x08008056                VL53LX_disable_powerforce
 .text.VL53LX_clear_interrupt
                0x0800807a       0x3a ./Drivers/BSP/Components/vl53l3cx/modules/vl53lx_core.o
                0x0800807a                VL53LX_clear_interrupt
 .text.VL53LX_calc_macro_period_us
                0x080080b4       0x5e ./Drivers/BSP/Components/vl53l3cx/modules/vl53lx_core.o
                0x080080b4                VL53LX_calc_macro_period_us
 *fill*         0x08008112        0x2 
 .text.VL53LX_calc_range_ignore_threshold
                0x08008114       0xc4 ./Drivers/BSP/Components/vl53l3cx/modules/vl53lx_core.o
                0x08008114                VL53LX_calc_range_ignore_threshold
 .text.VL53LX_calc_timeout_mclks
                0x080081d8       0x3a ./Drivers/BSP/Components/vl53l3cx/modules/vl53lx_core.o
                0x080081d8                VL53LX_calc_timeout_mclks
 .text.VL53LX_calc_encoded_timeout
                0x08008212       0x30 ./Drivers/BSP/Components/vl53l3cx/modules/vl53lx_core.o
                0x08008212                VL53LX_calc_encoded_timeout
 .text.VL53LX_calc_timeout_us
                0x08008242       0x80 ./Drivers/BSP/Components/vl53l3cx/modules/vl53lx_core.o
                0x08008242                VL53LX_calc_timeout_us
 *fill*         0x080082c2        0x2 
 .text.VL53LX_calc_crosstalk_plane_offset_with_margin
                0x080082c4       0x4c ./Drivers/BSP/Components/vl53l3cx/modules/vl53lx_core.o
                0x080082c4                VL53LX_calc_crosstalk_plane_offset_with_margin
 .text.VL53LX_calc_decoded_timeout_us
                0x08008310       0x32 ./Drivers/BSP/Components/vl53l3cx/modules/vl53lx_core.o
                0x08008310                VL53LX_calc_decoded_timeout_us
 .text.VL53LX_encode_timeout
                0x08008342       0x54 ./Drivers/BSP/Components/vl53l3cx/modules/vl53lx_core.o
                0x08008342                VL53LX_encode_timeout
 .text.VL53LX_decode_timeout
                0x08008396       0x2c ./Drivers/BSP/Components/vl53l3cx/modules/vl53lx_core.o
                0x08008396                VL53LX_decode_timeout
 .text.VL53LX_calc_timeout_register_values
                0x080083c2       0xf2 ./Drivers/BSP/Components/vl53l3cx/modules/vl53lx_core.o
                0x080083c2                VL53LX_calc_timeout_register_values
 .text.VL53LX_hist_copy_and_scale_ambient_info
                0x080084b4      0x1fc ./Drivers/BSP/Components/vl53l3cx/modules/vl53lx_core.o
                0x080084b4                VL53LX_hist_copy_and_scale_ambient_info
 .text.VL53LX_hist_get_bin_sequence_config
                0x080086b0      0x2bc ./Drivers/BSP/Components/vl53l3cx/modules/vl53lx_core.o
                0x080086b0                VL53LX_hist_get_bin_sequence_config
 .text.VL53LX_hist_phase_consistency_check
                0x0800896c      0x262 ./Drivers/BSP/Components/vl53l3cx/modules/vl53lx_core.o
                0x0800896c                VL53LX_hist_phase_consistency_check
 .text.VL53LX_hist_events_consistency_check
                0x08008bce      0x624 ./Drivers/BSP/Components/vl53l3cx/modules/vl53lx_core.o
                0x08008bce                VL53LX_hist_events_consistency_check
 .text.VL53LX_hist_merged_pulse_check
                0x080091f2       0x86 ./Drivers/BSP/Components/vl53l3cx/modules/vl53lx_core.o
                0x080091f2                VL53LX_hist_merged_pulse_check
 .text.VL53LX_hist_xmonitor_consistency_check
                0x08009278       0xb0 ./Drivers/BSP/Components/vl53l3cx/modules/vl53lx_core.o
                0x08009278                VL53LX_hist_xmonitor_consistency_check
 .text.VL53LX_hist_wrap_dmax
                0x08009328       0x6c ./Drivers/BSP/Components/vl53l3cx/modules/vl53lx_core.o
                0x08009328                VL53LX_hist_wrap_dmax
 .text.VL53LX_hist_combine_mm1_mm2_offsets
                0x08009394      0x11e ./Drivers/BSP/Components/vl53l3cx/modules/vl53lx_core.o
                0x08009394                VL53LX_hist_combine_mm1_mm2_offsets
 .text.VL53LX_spad_number_to_byte_bit_index
                0x080094b2       0x42 ./Drivers/BSP/Components/vl53l3cx/modules/vl53lx_core.o
                0x080094b2                VL53LX_spad_number_to_byte_bit_index
 .text.VL53LX_encode_row_col
                0x080094f4       0x4e ./Drivers/BSP/Components/vl53l3cx/modules/vl53lx_core.o
                0x080094f4                VL53LX_encode_row_col
 .text.VL53LX_decode_zone_size
                0x08009542       0x30 ./Drivers/BSP/Components/vl53l3cx/modules/vl53lx_core.o
                0x08009542                VL53LX_decode_zone_size
 .text.VL53LX_encode_zone_size
                0x08009572       0x2c ./Drivers/BSP/Components/vl53l3cx/modules/vl53lx_core.o
                0x08009572                VL53LX_encode_zone_size
 .text.VL53LX_decode_zone_limits
                0x0800959e       0xea ./Drivers/BSP/Components/vl53l3cx/modules/vl53lx_core.o
                0x0800959e                VL53LX_decode_zone_limits
 .text.VL53LX_is_aperture_location
                0x08009688       0x52 ./Drivers/BSP/Components/vl53l3cx/modules/vl53lx_core.o
                0x08009688                VL53LX_is_aperture_location
 .text.VL53LX_calc_max_effective_spads
                0x080096da      0x11c ./Drivers/BSP/Components/vl53l3cx/modules/vl53lx_core.o
                0x080096da                VL53LX_calc_max_effective_spads
 .text.VL53LX_calc_mm_effective_spads
                0x080097f6      0x19e ./Drivers/BSP/Components/vl53l3cx/modules/vl53lx_core.o
                0x080097f6                VL53LX_calc_mm_effective_spads
 .text.VL53LX_hist_copy_results_to_sys_and_core
                0x08009994      0x136 ./Drivers/BSP/Components/vl53l3cx/modules/vl53lx_core.o
                0x08009994                VL53LX_hist_copy_results_to_sys_and_core
 .text.VL53LX_save_cfg_data
                0x08009aca       0x72 ./Drivers/BSP/Components/vl53l3cx/modules/vl53lx_core.o
                0x08009aca                VL53LX_save_cfg_data
 .text.VL53LX_dynamic_zone_update
                0x08009b3c       0xf4 ./Drivers/BSP/Components/vl53l3cx/modules/vl53lx_core.o
                0x08009b3c                VL53LX_dynamic_zone_update
 .text.VL53LX_multizone_hist_bins_update
                0x08009c30      0x154 ./Drivers/BSP/Components/vl53l3cx/modules/vl53lx_core.o
                0x08009c30                VL53LX_multizone_hist_bins_update
 .text.VL53LX_update_internal_stream_counters
                0x08009d84       0x7e ./Drivers/BSP/Components/vl53l3cx/modules/vl53lx_core.o
                0x08009d84                VL53LX_update_internal_stream_counters
 .text.VL53LX_set_ref_spad_char_config
                0x08009e02      0x146 ./Drivers/BSP/Components/vl53l3cx/modules/vl53lx_core.o
                0x08009e02                VL53LX_set_ref_spad_char_config
 .text.VL53LX_dynamic_xtalk_correction_calc_required_samples
                0x08009f48      0x2ca ./Drivers/BSP/Components/vl53l3cx/modules/vl53lx_core.o
                0x08009f48                VL53LX_dynamic_xtalk_correction_calc_required_samples
 *fill*         0x0800a212        0x2 
 .text.VL53LX_dynamic_xtalk_correction_calc_new_xtalk
                0x0800a214      0x368 ./Drivers/BSP/Components/vl53l3cx/modules/vl53lx_core.o
                0x0800a214                VL53LX_dynamic_xtalk_correction_calc_new_xtalk
 .text.VL53LX_dynamic_xtalk_correction_corrector
                0x0800a57c      0x564 ./Drivers/BSP/Components/vl53l3cx/modules/vl53lx_core.o
                0x0800a57c                VL53LX_dynamic_xtalk_correction_corrector
 .text.VL53LX_dynamic_xtalk_correction_data_init
                0x0800aae0      0x18c ./Drivers/BSP/Components/vl53l3cx/modules/vl53lx_core.o
                0x0800aae0                VL53LX_dynamic_xtalk_correction_data_init
 .text.VL53LX_dynamic_xtalk_correction_output_init
                0x0800ac6c       0x60 ./Drivers/BSP/Components/vl53l3cx/modules/vl53lx_core.o
                0x0800ac6c                VL53LX_dynamic_xtalk_correction_output_init
 .text.VL53LX_xtalk_cal_data_init
                0x0800accc       0x56 ./Drivers/BSP/Components/vl53l3cx/modules/vl53lx_core.o
                0x0800accc                VL53LX_xtalk_cal_data_init
 .text.VL53LX_low_power_auto_data_init
                0x0800ad22       0x90 ./Drivers/BSP/Components/vl53l3cx/modules/vl53lx_core.o
                0x0800ad22                VL53LX_low_power_auto_data_init
 .text.VL53LX_low_power_auto_data_stop_range
                0x0800adb2       0x98 ./Drivers/BSP/Components/vl53l3cx/modules/vl53lx_core.o
                0x0800adb2                VL53LX_low_power_auto_data_stop_range
 .text.VL53LX_low_power_auto_setup_manual_calibration
                0x0800ae4a       0xa4 ./Drivers/BSP/Components/vl53l3cx/modules/vl53lx_core.o
                0x0800ae4a                VL53LX_low_power_auto_setup_manual_calibration
 .text.VL53LX_low_power_auto_update_DSS
                0x0800aeee      0x112 ./Drivers/BSP/Components/vl53l3cx/modules/vl53lx_core.o
                0x0800aeee                VL53LX_low_power_auto_update_DSS
 .text.VL53LX_compute_histo_merge_nb
                0x0800b000       0x80 ./Drivers/BSP/Components/vl53l3cx/modules/vl53lx_core.o
                0x0800b000                VL53LX_compute_histo_merge_nb
 .text.VL53LX_calc_pll_period_us
                0x0800b080       0x2e ./Drivers/BSP/Components/vl53l3cx/modules/vl53lx_core_support.o
                0x0800b080                VL53LX_calc_pll_period_us
 .text.VL53LX_duration_maths
                0x0800b0ae       0xb2 ./Drivers/BSP/Components/vl53l3cx/modules/vl53lx_core_support.o
                0x0800b0ae                VL53LX_duration_maths
 .text.VL53LX_events_per_spad_maths
                0x0800b160      0x132 ./Drivers/BSP/Components/vl53l3cx/modules/vl53lx_core_support.o
                0x0800b160                VL53LX_events_per_spad_maths
 .text.VL53LX_isqrt
                0x0800b292       0x68 ./Drivers/BSP/Components/vl53l3cx/modules/vl53lx_core_support.o
                0x0800b292                VL53LX_isqrt
 .text.VL53LX_hist_calc_zero_distance_phase
                0x0800b2fa       0x80 ./Drivers/BSP/Components/vl53l3cx/modules/vl53lx_core_support.o
                0x0800b2fa                VL53LX_hist_calc_zero_distance_phase
 .text.VL53LX_hist_estimate_ambient_from_thresholded_bins
                0x0800b37a       0xf4 ./Drivers/BSP/Components/vl53l3cx/modules/vl53lx_core_support.o
                0x0800b37a                VL53LX_hist_estimate_ambient_from_thresholded_bins
 .text.VL53LX_hist_remove_ambient_bins
                0x0800b46e       0xf2 ./Drivers/BSP/Components/vl53l3cx/modules/vl53lx_core_support.o
                0x0800b46e                VL53LX_hist_remove_ambient_bins
 .text.VL53LX_calc_pll_period_mm
                0x0800b560       0x3e ./Drivers/BSP/Components/vl53l3cx/modules/vl53lx_core_support.o
                0x0800b560                VL53LX_calc_pll_period_mm
 .text.VL53LX_rate_maths
                0x0800b59e       0x8a ./Drivers/BSP/Components/vl53l3cx/modules/vl53lx_core_support.o
                0x0800b59e                VL53LX_rate_maths
 .text.VL53LX_rate_per_spad_maths
                0x0800b628       0x68 ./Drivers/BSP/Components/vl53l3cx/modules/vl53lx_core_support.o
                0x0800b628                VL53LX_rate_per_spad_maths
 .text.VL53LX_range_maths
                0x0800b690      0x1d0 ./Drivers/BSP/Components/vl53l3cx/modules/vl53lx_core_support.o
                0x0800b690                VL53LX_range_maths
 .text.VL53LX_decode_vcsel_period
                0x0800b860       0x26 ./Drivers/BSP/Components/vl53l3cx/modules/vl53lx_core_support.o
                0x0800b860                VL53LX_decode_vcsel_period
 .text.VL53LX_copy_xtalk_bin_data_to_histogram_data_struct
                0x0800b886       0x7c ./Drivers/BSP/Components/vl53l3cx/modules/vl53lx_core_support.o
                0x0800b886                VL53LX_copy_xtalk_bin_data_to_histogram_data_struct
 .text.VL53LX_init_histogram_bin_data_struct
                0x0800b902      0x152 ./Drivers/BSP/Components/vl53l3cx/modules/vl53lx_core_support.o
                0x0800b902                VL53LX_init_histogram_bin_data_struct
 .text.VL53LX_decode_row_col
                0x0800ba54       0x5e ./Drivers/BSP/Components/vl53l3cx/modules/vl53lx_core_support.o
                0x0800ba54                VL53LX_decode_row_col
 .text.VL53LX_hist_find_min_max_bin_values
                0x0800bab2       0x84 ./Drivers/BSP/Components/vl53l3cx/modules/vl53lx_core_support.o
                0x0800bab2                VL53LX_hist_find_min_max_bin_values
 .text.VL53LX_hist_estimate_ambient_from_ambient_bins
                0x0800bb36       0x96 ./Drivers/BSP/Components/vl53l3cx/modules/vl53lx_core_support.o
                0x0800bb36                VL53LX_hist_estimate_ambient_from_ambient_bins
 .text.VL53LX_f_001
                0x0800bbcc      0x84a ./Drivers/BSP/Components/vl53l3cx/modules/vl53lx_dmax.o
                0x0800bbcc                VL53LX_f_001
 .text.VL53LX_f_002
                0x0800c416       0x72 ./Drivers/BSP/Components/vl53l3cx/modules/vl53lx_dmax.o
                0x0800c416                VL53LX_f_002
 .text.VL53LX_f_003
                0x0800c488       0xf2 ./Drivers/BSP/Components/vl53l3cx/modules/vl53lx_hist_algos_gen3.o
                0x0800c488                VL53LX_f_003
 .text.VL53LX_f_006
                0x0800c57a      0x260 ./Drivers/BSP/Components/vl53l3cx/modules/vl53lx_hist_algos_gen3.o
                0x0800c57a                VL53LX_f_006
 .text.VL53LX_f_007
                0x0800c7da       0x9c ./Drivers/BSP/Components/vl53l3cx/modules/vl53lx_hist_algos_gen3.o
                0x0800c7da                VL53LX_f_007
 .text.VL53LX_f_008
                0x0800c876       0xfc ./Drivers/BSP/Components/vl53l3cx/modules/vl53lx_hist_algos_gen3.o
                0x0800c876                VL53LX_f_008
 .text.VL53LX_f_009
                0x0800c972      0x1a4 ./Drivers/BSP/Components/vl53l3cx/modules/vl53lx_hist_algos_gen3.o
                0x0800c972                VL53LX_f_009
 .text.VL53LX_f_016
                0x0800cb16      0x108 ./Drivers/BSP/Components/vl53l3cx/modules/vl53lx_hist_algos_gen3.o
                0x0800cb16                VL53LX_f_016
 .text.VL53LX_f_010
                0x0800cc1e       0xa6 ./Drivers/BSP/Components/vl53l3cx/modules/vl53lx_hist_algos_gen3.o
                0x0800cc1e                VL53LX_f_010
 .text.VL53LX_f_015
                0x0800ccc4      0x16e ./Drivers/BSP/Components/vl53l3cx/modules/vl53lx_hist_algos_gen3.o
                0x0800ccc4                VL53LX_f_015
 .text.VL53LX_f_020
                0x0800ce32      0x22c ./Drivers/BSP/Components/vl53l3cx/modules/vl53lx_hist_algos_gen3.o
                0x0800ce32                VL53LX_f_020
 .text.VL53LX_f_011
                0x0800d05e       0xa8 ./Drivers/BSP/Components/vl53l3cx/modules/vl53lx_hist_algos_gen3.o
                0x0800d05e                VL53LX_f_011
 .text.VL53LX_f_014
                0x0800d106      0x150 ./Drivers/BSP/Components/vl53l3cx/modules/vl53lx_hist_algos_gen3.o
                0x0800d106                VL53LX_f_014
 .text.VL53LX_f_017
                0x0800d256      0x154 ./Drivers/BSP/Components/vl53l3cx/modules/vl53lx_hist_algos_gen3.o
                0x0800d256                VL53LX_f_017
 .text.VL53LX_f_025
                0x0800d3aa      0x41e ./Drivers/BSP/Components/vl53l3cx/modules/vl53lx_hist_algos_gen4.o
                0x0800d3aa                VL53LX_f_025
 .text.VL53LX_f_026
                0x0800d7c8      0x118 ./Drivers/BSP/Components/vl53l3cx/modules/vl53lx_hist_algos_gen4.o
                0x0800d7c8                VL53LX_f_026
 .text.VL53LX_f_027
                0x0800d8e0      0x1d0 ./Drivers/BSP/Components/vl53l3cx/modules/vl53lx_hist_algos_gen4.o
                0x0800d8e0                VL53LX_f_027
 .text.VL53LX_f_028
                0x0800dab0      0x29a ./Drivers/BSP/Components/vl53l3cx/modules/vl53lx_hist_algos_gen4.o
                0x0800dab0                VL53LX_f_028
 .text.VL53LX_f_022
                0x0800dd4a       0xb2 ./Drivers/BSP/Components/vl53l3cx/modules/vl53lx_hist_core.o
                0x0800dd4a                VL53LX_f_022
 .text.VL53LX_f_018
                0x0800ddfc      0x14a ./Drivers/BSP/Components/vl53l3cx/modules/vl53lx_hist_core.o
                0x0800ddfc                VL53LX_f_018
 .text.VL53LX_f_019
                0x0800df46       0x94 ./Drivers/BSP/Components/vl53l3cx/modules/vl53lx_hist_core.o
                0x0800df46                VL53LX_f_019
 .text.VL53LX_f_005
                0x0800dfda      0x140 ./Drivers/BSP/Components/vl53l3cx/modules/vl53lx_hist_core.o
                0x0800dfda                VL53LX_f_005
 .text.VL53LX_f_030
                0x0800e11a       0x8e ./Drivers/BSP/Components/vl53l3cx/modules/vl53lx_hist_core.o
                0x0800e11a                VL53LX_f_030
 .text.VL53LX_f_031
                0x0800e1a8      0x2ea ./Drivers/BSP/Components/vl53l3cx/modules/vl53lx_hist_core.o
                0x0800e1a8                VL53LX_f_031
 .text.VL53LX_hist_process_data
                0x0800e492      0x426 ./Drivers/BSP/Components/vl53l3cx/modules/vl53lx_hist_funcs.o
                0x0800e492                VL53LX_hist_process_data
 .text.VL53LX_nvm_enable
                0x0800e8b8       0xcc ./Drivers/BSP/Components/vl53l3cx/modules/vl53lx_nvm.o
                0x0800e8b8                VL53LX_nvm_enable
 .text.VL53LX_nvm_read
                0x0800e984       0xbc ./Drivers/BSP/Components/vl53l3cx/modules/vl53lx_nvm.o
                0x0800e984                VL53LX_nvm_read
 .text.VL53LX_nvm_disable
                0x0800ea40       0x6c ./Drivers/BSP/Components/vl53l3cx/modules/vl53lx_nvm.o
                0x0800ea40                VL53LX_nvm_disable
 .text.VL53LX_nvm_decode_optical_centre
                0x0800eaac       0x5e ./Drivers/BSP/Components/vl53l3cx/modules/vl53lx_nvm.o
                0x0800eaac                VL53LX_nvm_decode_optical_centre
 .text.VL53LX_nvm_decode_cal_peak_rate_map
                0x0800eb0a       0xac ./Drivers/BSP/Components/vl53l3cx/modules/vl53lx_nvm.o
                0x0800eb0a                VL53LX_nvm_decode_cal_peak_rate_map
 .text.VL53LX_nvm_decode_additional_offset_cal_data
                0x0800ebb6       0x76 ./Drivers/BSP/Components/vl53l3cx/modules/vl53lx_nvm.o
                0x0800ebb6                VL53LX_nvm_decode_additional_offset_cal_data
 .text.VL53LX_nvm_decode_fmt_range_results_data
                0x0800ec2c       0xc2 ./Drivers/BSP/Components/vl53l3cx/modules/vl53lx_nvm.o
                0x0800ec2c                VL53LX_nvm_decode_fmt_range_results_data
 .text.VL53LX_read_nvm_raw_data
                0x0800ecee       0x62 ./Drivers/BSP/Components/vl53l3cx/modules/vl53lx_nvm.o
                0x0800ecee                VL53LX_read_nvm_raw_data
 .text.VL53LX_read_nvm_optical_centre
                0x0800ed50       0x46 ./Drivers/BSP/Components/vl53l3cx/modules/vl53lx_nvm.o
                0x0800ed50                VL53LX_read_nvm_optical_centre
 .text.VL53LX_read_nvm_cal_peak_rate_map
                0x0800ed96       0x4c ./Drivers/BSP/Components/vl53l3cx/modules/vl53lx_nvm.o
                0x0800ed96                VL53LX_read_nvm_cal_peak_rate_map
 .text.VL53LX_read_nvm_additional_offset_cal_data
                0x0800ede2       0x46 ./Drivers/BSP/Components/vl53l3cx/modules/vl53lx_nvm.o
                0x0800ede2                VL53LX_read_nvm_additional_offset_cal_data
 .text.VL53LX_read_nvm_fmt_range_results_data
                0x0800ee28       0x56 ./Drivers/BSP/Components/vl53l3cx/modules/vl53lx_nvm.o
                0x0800ee28                VL53LX_read_nvm_fmt_range_results_data
 .text.VL53LX_i2c_encode_static_nvm_managed
                0x0800ee7e       0xb6 ./Drivers/BSP/Components/vl53l3cx/modules/vl53lx_register_funcs.o
                0x0800ee7e                VL53LX_i2c_encode_static_nvm_managed
 .text.VL53LX_i2c_decode_static_nvm_managed
                0x0800ef34       0xb4 ./Drivers/BSP/Components/vl53l3cx/modules/vl53lx_register_funcs.o
                0x0800ef34                VL53LX_i2c_decode_static_nvm_managed
 .text.VL53LX_get_static_nvm_managed
                0x0800efe8       0x4e ./Drivers/BSP/Components/vl53l3cx/modules/vl53lx_register_funcs.o
                0x0800efe8                VL53LX_get_static_nvm_managed
 .text.VL53LX_i2c_encode_customer_nvm_managed
                0x0800f036      0x114 ./Drivers/BSP/Components/vl53l3cx/modules/vl53lx_register_funcs.o
                0x0800f036                VL53LX_i2c_encode_customer_nvm_managed
 .text.VL53LX_i2c_decode_customer_nvm_managed
                0x0800f14a      0x11a ./Drivers/BSP/Components/vl53l3cx/modules/vl53lx_register_funcs.o
                0x0800f14a                VL53LX_i2c_decode_customer_nvm_managed
 .text.VL53LX_get_customer_nvm_managed
                0x0800f264       0x96 ./Drivers/BSP/Components/vl53l3cx/modules/vl53lx_register_funcs.o
                0x0800f264                VL53LX_get_customer_nvm_managed
 .text.VL53LX_i2c_encode_static_config
                0x0800f2fa      0x1c6 ./Drivers/BSP/Components/vl53l3cx/modules/vl53lx_register_funcs.o
                0x0800f2fa                VL53LX_i2c_encode_static_config
 .text.VL53LX_i2c_encode_general_config
                0x0800f4c0      0x108 ./Drivers/BSP/Components/vl53l3cx/modules/vl53lx_register_funcs.o
                0x0800f4c0                VL53LX_i2c_encode_general_config
 .text.VL53LX_i2c_encode_timing_config
                0x0800f5c8      0x104 ./Drivers/BSP/Components/vl53l3cx/modules/vl53lx_register_funcs.o
                0x0800f5c8                VL53LX_i2c_encode_timing_config
 .text.VL53LX_i2c_encode_dynamic_config
                0x0800f6cc      0x10a ./Drivers/BSP/Components/vl53l3cx/modules/vl53lx_register_funcs.o
                0x0800f6cc                VL53LX_i2c_encode_dynamic_config
 .text.VL53LX_i2c_encode_system_control
                0x0800f7d6       0x76 ./Drivers/BSP/Components/vl53l3cx/modules/vl53lx_register_funcs.o
                0x0800f7d6                VL53LX_i2c_encode_system_control
 .text.VL53LX_set_system_control
                0x0800f84c       0x4e ./Drivers/BSP/Components/vl53l3cx/modules/vl53lx_register_funcs.o
                0x0800f84c                VL53LX_set_system_control
 .text.VL53LX_i2c_decode_system_results
                0x0800f89a      0x1ec ./Drivers/BSP/Components/vl53l3cx/modules/vl53lx_register_funcs.o
                0x0800f89a                VL53LX_i2c_decode_system_results
 .text.VL53LX_i2c_decode_core_results
                0x0800fa86       0xc2 ./Drivers/BSP/Components/vl53l3cx/modules/vl53lx_register_funcs.o
                0x0800fa86                VL53LX_i2c_decode_core_results
 .text.VL53LX_i2c_decode_debug_results
                0x0800fb48      0x2e4 ./Drivers/BSP/Components/vl53l3cx/modules/vl53lx_register_funcs.o
                0x0800fb48                VL53LX_i2c_decode_debug_results
 .text.VL53LX_i2c_decode_nvm_copy_data
                0x0800fe2c      0x24c ./Drivers/BSP/Components/vl53l3cx/modules/vl53lx_register_funcs.o
                0x0800fe2c                VL53LX_i2c_decode_nvm_copy_data
 .text.VL53LX_get_nvm_copy_data
                0x08010078       0x56 ./Drivers/BSP/Components/vl53l3cx/modules/vl53lx_register_funcs.o
                0x08010078                VL53LX_get_nvm_copy_data
 .text.VL53LX_f_023
                0x080100ce      0x6c6 ./Drivers/BSP/Components/vl53l3cx/modules/vl53lx_sigma_estimate.o
                0x080100ce                VL53LX_f_023
 .text.VL53LX_wait_for_test_completion
                0x08010794       0x72 ./Drivers/BSP/Components/vl53l3cx/modules/vl53lx_wait.o
                0x08010794                VL53LX_wait_for_test_completion
 .text.VL53LX_is_new_data_ready
                0x08010806       0x74 ./Drivers/BSP/Components/vl53l3cx/modules/vl53lx_wait.o
                0x08010806                VL53LX_is_new_data_ready
 .text.VL53LX_poll_for_boot_completion
                0x0801087a       0x58 ./Drivers/BSP/Components/vl53l3cx/modules/vl53lx_wait.o
                0x0801087a                VL53LX_poll_for_boot_completion
 .text.VL53LX_poll_for_range_completion
                0x080108d2       0x5c ./Drivers/BSP/Components/vl53l3cx/modules/vl53lx_wait.o
                0x080108d2                VL53LX_poll_for_range_completion
 .text.VL53LX_f_032
                0x0801092e      0x4c4 ./Drivers/BSP/Components/vl53l3cx/modules/vl53lx_xtalk.o
                0x0801092e                VL53LX_f_032
 .text.VL53LX_f_033
                0x08010df2      0x1d6 ./Drivers/BSP/Components/vl53l3cx/modules/vl53lx_xtalk.o
                0x08010df2                VL53LX_f_033
 .text._I2CWrite
                0x08010fc8       0x26 ./Drivers/BSP/Components/vl53l3cx/porting/vl53lx_platform.o
                0x08010fc8                _I2CWrite
 .text._I2CRead
                0x08010fee       0x26 ./Drivers/BSP/Components/vl53l3cx/porting/vl53lx_platform.o
                0x08010fee                _I2CRead
 .text.VL53LX_WriteMulti
                0x08011014       0x6c ./Drivers/BSP/Components/vl53l3cx/porting/vl53lx_platform.o
                0x08011014                VL53LX_WriteMulti
 .text.VL53LX_ReadMulti
                0x08011080       0x6c ./Drivers/BSP/Components/vl53l3cx/porting/vl53lx_platform.o
                0x08011080                VL53LX_ReadMulti
 .text.VL53LX_WrByte
                0x080110ec       0x54 ./Drivers/BSP/Components/vl53l3cx/porting/vl53lx_platform.o
                0x080110ec                VL53LX_WrByte
 .text.VL53LX_WrWord
                0x08011140       0x64 ./Drivers/BSP/Components/vl53l3cx/porting/vl53lx_platform.o
                0x08011140                VL53LX_WrWord
 .text.VL53LX_RdByte
                0x080111a4       0x68 ./Drivers/BSP/Components/vl53l3cx/porting/vl53lx_platform.o
                0x080111a4                VL53LX_RdByte
 .text.VL53LX_RdWord
                0x0801120c       0x7c ./Drivers/BSP/Components/vl53l3cx/porting/vl53lx_platform.o
                0x0801120c                VL53LX_RdWord
 .text.VL53LX_GetTickCount
                0x08011288       0x28 ./Drivers/BSP/Components/vl53l3cx/porting/vl53lx_platform.o
                0x08011288                VL53LX_GetTickCount
 .text.VL53LX_WaitMs
                0x080112b0       0x1e ./Drivers/BSP/Components/vl53l3cx/porting/vl53lx_platform.o
                0x080112b0                VL53LX_WaitMs
 *fill*         0x080112ce        0x2 
 .text.VL53LX_WaitUs
                0x080112d0       0x30 ./Drivers/BSP/Components/vl53l3cx/porting/vl53lx_platform.o
                0x080112d0                VL53LX_WaitUs
 .text.VL53LX_WaitValueMaskEx
                0x08011300      0x168 ./Drivers/BSP/Components/vl53l3cx/porting/vl53lx_platform.o
                0x08011300                VL53LX_WaitValueMaskEx
 .text.VL53LX_Delay
                0x08011468       0x34 ./Drivers/BSP/Components/vl53l3cx/porting/vl53lx_platform.o
 .text.VL53LX_ipp_hist_process_data
                0x0801149c       0x42 ./Drivers/BSP/Components/vl53l3cx/porting/vl53lx_platform_ipp.o
                0x0801149c                VL53LX_ipp_hist_process_data
 .text.VL53L3CX_RegisterBusIO
                0x080114de       0x6a ./Drivers/BSP/Components/vl53l3cx/vl53l3cx.o
                0x080114de                VL53L3CX_RegisterBusIO
 .text.VL53L3CX_Init
                0x08011548       0xb0 ./Drivers/BSP/Components/vl53l3cx/vl53l3cx.o
                0x08011548                VL53L3CX_Init
 .text.VL53L3CX_DeInit
                0x080115f8       0x4a ./Drivers/BSP/Components/vl53l3cx/vl53l3cx.o
                0x080115f8                VL53L3CX_DeInit
 .text.VL53L3CX_ReadID
                0x08011642       0x3e ./Drivers/BSP/Components/vl53l3cx/vl53l3cx.o
                0x08011642                VL53L3CX_ReadID
 .text.VL53L3CX_GetCapabilities
                0x08011680       0x48 ./Drivers/BSP/Components/vl53l3cx/vl53l3cx.o
                0x08011680                VL53L3CX_GetCapabilities
 .text.VL53L3CX_ConfigProfile
                0x080116c8       0xba ./Drivers/BSP/Components/vl53l3cx/vl53l3cx.o
                0x080116c8                VL53L3CX_ConfigProfile
 .text.VL53L3CX_ConfigROI
                0x08011782       0x5e ./Drivers/BSP/Components/vl53l3cx/vl53l3cx.o
                0x08011782                VL53L3CX_ConfigROI
 .text.VL53L3CX_ConfigIT
                0x080117e0       0x1a ./Drivers/BSP/Components/vl53l3cx/vl53l3cx.o
                0x080117e0                VL53L3CX_ConfigIT
 .text.VL53L3CX_GetDistance
                0x080117fa       0xa6 ./Drivers/BSP/Components/vl53l3cx/vl53l3cx.o
                0x080117fa                VL53L3CX_GetDistance
 .text.VL53L3CX_Start
                0x080118a0      0x100 ./Drivers/BSP/Components/vl53l3cx/vl53l3cx.o
                0x080118a0                VL53L3CX_Start
 .text.VL53L3CX_Stop
                0x080119a0       0x5a ./Drivers/BSP/Components/vl53l3cx/vl53l3cx.o
                0x080119a0                VL53L3CX_Stop
 .text.VL53L3CX_SetAddress
                0x080119fa       0x48 ./Drivers/BSP/Components/vl53l3cx/vl53l3cx.o
                0x080119fa                VL53L3CX_SetAddress
 .text.VL53L3CX_GetAddress
                0x08011a42       0x3a ./Drivers/BSP/Components/vl53l3cx/vl53l3cx.o
                0x08011a42                VL53L3CX_GetAddress
 .text.VL53L3CX_SetPowerMode
                0x08011a7c       0x1a ./Drivers/BSP/Components/vl53l3cx/vl53l3cx.o
                0x08011a7c                VL53L3CX_SetPowerMode
 .text.VL53L3CX_GetPowerMode
                0x08011a96       0x1a ./Drivers/BSP/Components/vl53l3cx/vl53l3cx.o
                0x08011a96                VL53L3CX_GetPowerMode
 .text.vl53l3cx_poll_for_measurement
                0x08011ab0       0x5a ./Drivers/BSP/Components/vl53l3cx/vl53l3cx.o
 *fill*         0x08011b0a        0x2 
 .text.vl53l3cx_get_result
                0x08011b0c      0x23c ./Drivers/BSP/Components/vl53l3cx/vl53l3cx.o
 .text.BSP_LED_Init
                0x08011d48       0x70 ./Drivers/BSP/STM32G4xx_Nucleo/stm32g4xx_nucleo.o
                0x08011d48                BSP_LED_Init
 .text.BSP_LED_Toggle
                0x08011db8       0x2c ./Drivers/BSP/STM32G4xx_Nucleo/stm32g4xx_nucleo.o
                0x08011db8                BSP_LED_Toggle
 .text.BSP_COM_Init
                0x08011de4       0x60 ./Drivers/BSP/STM32G4xx_Nucleo/stm32g4xx_nucleo.o
                0x08011de4                BSP_COM_Init
 .text.MX_LPUART1_Init
                0x08011e44       0x64 ./Drivers/BSP/STM32G4xx_Nucleo/stm32g4xx_nucleo.o
                0x08011e44                MX_LPUART1_Init
 .text.BSP_COM_SelectLogPort
                0x08011ea8       0x2c ./Drivers/BSP/STM32G4xx_Nucleo/stm32g4xx_nucleo.o
                0x08011ea8                BSP_COM_SelectLogPort
 .text.__io_putchar
                0x08011ed4       0x38 ./Drivers/BSP/STM32G4xx_Nucleo/stm32g4xx_nucleo.o
                0x08011ed4                __io_putchar
 .text.COM1_MspInit
                0x08011f0c       0x98 ./Drivers/BSP/STM32G4xx_Nucleo/stm32g4xx_nucleo.o
 .text.HAL_Init
                0x08011fa4       0x30 ./Drivers/STM32G4xx_HAL_Driver/Src/stm32g4xx_hal.o
                0x08011fa4                HAL_Init
 .text.HAL_InitTick
                0x08011fd4       0x74 ./Drivers/STM32G4xx_HAL_Driver/Src/stm32g4xx_hal.o
                0x08011fd4                HAL_InitTick
 .text.HAL_IncTick
                0x08012048       0x24 ./Drivers/STM32G4xx_HAL_Driver/Src/stm32g4xx_hal.o
                0x08012048                HAL_IncTick
 .text.HAL_GetTick
                0x0801206c       0x18 ./Drivers/STM32G4xx_HAL_Driver/Src/stm32g4xx_hal.o
                0x0801206c                HAL_GetTick
 .text.HAL_Delay
                0x08012084       0x44 ./Drivers/STM32G4xx_HAL_Driver/Src/stm32g4xx_hal.o
                0x08012084                HAL_Delay
 .text.LL_ADC_SetCommonClock
                0x080120c8       0x26 ./Drivers/STM32G4xx_HAL_Driver/Src/stm32g4xx_hal_adc.o
 .text.LL_ADC_SetCommonPathInternalCh
                0x080120ee       0x26 ./Drivers/STM32G4xx_HAL_Driver/Src/stm32g4xx_hal_adc.o
 .text.LL_ADC_GetCommonPathInternalCh
                0x08012114       0x1c ./Drivers/STM32G4xx_HAL_Driver/Src/stm32g4xx_hal_adc.o
 .text.LL_ADC_SetOffset
                0x08012130       0x48 ./Drivers/STM32G4xx_HAL_Driver/Src/stm32g4xx_hal_adc.o
 .text.LL_ADC_GetOffsetChannel
                0x08012178       0x2c ./Drivers/STM32G4xx_HAL_Driver/Src/stm32g4xx_hal_adc.o
 .text.LL_ADC_SetOffsetState
                0x080121a4       0x36 ./Drivers/STM32G4xx_HAL_Driver/Src/stm32g4xx_hal_adc.o
 .text.LL_ADC_SetOffsetSign
                0x080121da       0x36 ./Drivers/STM32G4xx_HAL_Driver/Src/stm32g4xx_hal_adc.o
 .text.LL_ADC_SetOffsetSaturation
                0x08012210       0x36 ./Drivers/STM32G4xx_HAL_Driver/Src/stm32g4xx_hal_adc.o
 .text.LL_ADC_SetSamplingTimeCommonConfig
                0x08012246       0x26 ./Drivers/STM32G4xx_HAL_Driver/Src/stm32g4xx_hal_adc.o
 .text.LL_ADC_REG_SetSequencerRanks
                0x0801226c       0x58 ./Drivers/STM32G4xx_HAL_Driver/Src/stm32g4xx_hal_adc.o
 .text.LL_ADC_SetChannelSamplingTime
                0x080122c4       0x56 ./Drivers/STM32G4xx_HAL_Driver/Src/stm32g4xx_hal_adc.o
 *fill*         0x0801231a        0x2 
 .text.LL_ADC_SetChannelSingleDiff
                0x0801231c       0x48 ./Drivers/STM32G4xx_HAL_Driver/Src/stm32g4xx_hal_adc.o
 .text.LL_ADC_DisableDeepPowerDown
                0x08012364       0x24 ./Drivers/STM32G4xx_HAL_Driver/Src/stm32g4xx_hal_adc.o
 .text.LL_ADC_IsDeepPowerDownEnabled
                0x08012388       0x28 ./Drivers/STM32G4xx_HAL_Driver/Src/stm32g4xx_hal_adc.o
 .text.LL_ADC_EnableInternalRegulator
                0x080123b0       0x28 ./Drivers/STM32G4xx_HAL_Driver/Src/stm32g4xx_hal_adc.o
 .text.LL_ADC_IsInternalRegulatorEnabled
                0x080123d8       0x28 ./Drivers/STM32G4xx_HAL_Driver/Src/stm32g4xx_hal_adc.o
 .text.LL_ADC_IsEnabled
                0x08012400       0x26 ./Drivers/STM32G4xx_HAL_Driver/Src/stm32g4xx_hal_adc.o
 .text.LL_ADC_REG_IsConversionOngoing
                0x08012426       0x26 ./Drivers/STM32G4xx_HAL_Driver/Src/stm32g4xx_hal_adc.o
 .text.LL_ADC_INJ_IsConversionOngoing
                0x0801244c       0x26 ./Drivers/STM32G4xx_HAL_Driver/Src/stm32g4xx_hal_adc.o
 *fill*         0x08012472        0x2 
 .text.HAL_ADC_Init
                0x08012474      0x308 ./Drivers/STM32G4xx_HAL_Driver/Src/stm32g4xx_hal_adc.o
                0x08012474                HAL_ADC_Init
 .text.HAL_ADC_ConfigChannel
                0x0801277c      0x7e0 ./Drivers/STM32G4xx_HAL_Driver/Src/stm32g4xx_hal_adc.o
                0x0801277c                HAL_ADC_ConfigChannel
 .text.LL_ADC_IsEnabled
                0x08012f5c       0x26 ./Drivers/STM32G4xx_HAL_Driver/Src/stm32g4xx_hal_adc_ex.o
 .text.LL_ADC_REG_IsConversionOngoing
                0x08012f82       0x26 ./Drivers/STM32G4xx_HAL_Driver/Src/stm32g4xx_hal_adc_ex.o
 .text.HAL_ADCEx_MultiModeConfigChannel
                0x08012fa8      0x148 ./Drivers/STM32G4xx_HAL_Driver/Src/stm32g4xx_hal_adc_ex.o
                0x08012fa8                HAL_ADCEx_MultiModeConfigChannel
 .text.__NVIC_SetPriorityGrouping
                0x080130f0       0x48 ./Drivers/STM32G4xx_HAL_Driver/Src/stm32g4xx_hal_cortex.o
 .text.__NVIC_GetPriorityGrouping
                0x08013138       0x1c ./Drivers/STM32G4xx_HAL_Driver/Src/stm32g4xx_hal_cortex.o
 .text.__NVIC_EnableIRQ
                0x08013154       0x3c ./Drivers/STM32G4xx_HAL_Driver/Src/stm32g4xx_hal_cortex.o
 .text.__NVIC_DisableIRQ
                0x08013190       0x48 ./Drivers/STM32G4xx_HAL_Driver/Src/stm32g4xx_hal_cortex.o
 .text.__NVIC_SetPriority
                0x080131d8       0x54 ./Drivers/STM32G4xx_HAL_Driver/Src/stm32g4xx_hal_cortex.o
 .text.NVIC_EncodePriority
                0x0801322c       0x66 ./Drivers/STM32G4xx_HAL_Driver/Src/stm32g4xx_hal_cortex.o
 *fill*         0x08013292        0x2 
 .text.SysTick_Config
                0x08013294       0x44 ./Drivers/STM32G4xx_HAL_Driver/Src/stm32g4xx_hal_cortex.o
 .text.HAL_NVIC_SetPriorityGrouping
                0x080132d8       0x16 ./Drivers/STM32G4xx_HAL_Driver/Src/stm32g4xx_hal_cortex.o
                0x080132d8                HAL_NVIC_SetPriorityGrouping
 .text.HAL_NVIC_SetPriority
                0x080132ee       0x34 ./Drivers/STM32G4xx_HAL_Driver/Src/stm32g4xx_hal_cortex.o
                0x080132ee                HAL_NVIC_SetPriority
 .text.HAL_NVIC_EnableIRQ
                0x08013322       0x1c ./Drivers/STM32G4xx_HAL_Driver/Src/stm32g4xx_hal_cortex.o
                0x08013322                HAL_NVIC_EnableIRQ
 .text.HAL_NVIC_DisableIRQ
                0x0801333e       0x1c ./Drivers/STM32G4xx_HAL_Driver/Src/stm32g4xx_hal_cortex.o
                0x0801333e                HAL_NVIC_DisableIRQ
 .text.HAL_SYSTICK_Config
                0x0801335a       0x18 ./Drivers/STM32G4xx_HAL_Driver/Src/stm32g4xx_hal_cortex.o
                0x0801335a                HAL_SYSTICK_Config
 .text.HAL_DMA_Abort_IT
                0x08013372       0xce ./Drivers/STM32G4xx_HAL_Driver/Src/stm32g4xx_hal_dma.o
                0x08013372                HAL_DMA_Abort_IT
 .text.HAL_DMA_GetState
                0x08013440       0x1c ./Drivers/STM32G4xx_HAL_Driver/Src/stm32g4xx_hal_dma.o
                0x08013440                HAL_DMA_GetState
 .text.HAL_GPIO_Init
                0x0801345c      0x304 ./Drivers/STM32G4xx_HAL_Driver/Src/stm32g4xx_hal_gpio.o
                0x0801345c                HAL_GPIO_Init
 .text.HAL_GPIO_DeInit
                0x08013760      0x1c4 ./Drivers/STM32G4xx_HAL_Driver/Src/stm32g4xx_hal_gpio.o
                0x08013760                HAL_GPIO_DeInit
 .text.HAL_GPIO_WritePin
                0x08013924       0x30 ./Drivers/STM32G4xx_HAL_Driver/Src/stm32g4xx_hal_gpio.o
                0x08013924                HAL_GPIO_WritePin
 .text.HAL_GPIO_TogglePin
                0x08013954       0x34 ./Drivers/STM32G4xx_HAL_Driver/Src/stm32g4xx_hal_gpio.o
                0x08013954                HAL_GPIO_TogglePin
 .text.HAL_GPIO_EXTI_IRQHandler
                0x08013988       0x30 ./Drivers/STM32G4xx_HAL_Driver/Src/stm32g4xx_hal_gpio.o
                0x08013988                HAL_GPIO_EXTI_IRQHandler
 .text.HAL_I2C_Init
                0x080139b8      0x136 ./Drivers/STM32G4xx_HAL_Driver/Src/stm32g4xx_hal_i2c.o
                0x080139b8                HAL_I2C_Init
 .text.HAL_I2C_DeInit
                0x08013aee       0x5e ./Drivers/STM32G4xx_HAL_Driver/Src/stm32g4xx_hal_i2c.o
                0x08013aee                HAL_I2C_DeInit
 .text.HAL_I2C_MspInit
                0x08013b4c       0x14 ./Drivers/STM32G4xx_HAL_Driver/Src/stm32g4xx_hal_i2c.o
                0x08013b4c                HAL_I2C_MspInit
 .text.HAL_I2C_MspDeInit
                0x08013b60       0x14 ./Drivers/STM32G4xx_HAL_Driver/Src/stm32g4xx_hal_i2c.o
                0x08013b60                HAL_I2C_MspDeInit
 .text.HAL_I2C_Master_Transmit
                0x08013b74      0x230 ./Drivers/STM32G4xx_HAL_Driver/Src/stm32g4xx_hal_i2c.o
                0x08013b74                HAL_I2C_Master_Transmit
 .text.HAL_I2C_Master_Receive
                0x08013da4      0x1ec ./Drivers/STM32G4xx_HAL_Driver/Src/stm32g4xx_hal_i2c.o
                0x08013da4                HAL_I2C_Master_Receive
 .text.HAL_I2C_ER_IRQHandler
                0x08013f90       0xc2 ./Drivers/STM32G4xx_HAL_Driver/Src/stm32g4xx_hal_i2c.o
                0x08013f90                HAL_I2C_ER_IRQHandler
 .text.HAL_I2C_SlaveTxCpltCallback
                0x08014052       0x14 ./Drivers/STM32G4xx_HAL_Driver/Src/stm32g4xx_hal_i2c.o
                0x08014052                HAL_I2C_SlaveTxCpltCallback
 .text.HAL_I2C_SlaveRxCpltCallback
                0x08014066       0x14 ./Drivers/STM32G4xx_HAL_Driver/Src/stm32g4xx_hal_i2c.o
                0x08014066                HAL_I2C_SlaveRxCpltCallback
 .text.HAL_I2C_AddrCallback
                0x0801407a       0x1c ./Drivers/STM32G4xx_HAL_Driver/Src/stm32g4xx_hal_i2c.o
                0x0801407a                HAL_I2C_AddrCallback
 .text.HAL_I2C_ListenCpltCallback
                0x08014096       0x14 ./Drivers/STM32G4xx_HAL_Driver/Src/stm32g4xx_hal_i2c.o
                0x08014096                HAL_I2C_ListenCpltCallback
 .text.HAL_I2C_ErrorCallback
                0x080140aa       0x14 ./Drivers/STM32G4xx_HAL_Driver/Src/stm32g4xx_hal_i2c.o
                0x080140aa                HAL_I2C_ErrorCallback
 .text.HAL_I2C_AbortCpltCallback
                0x080140be       0x14 ./Drivers/STM32G4xx_HAL_Driver/Src/stm32g4xx_hal_i2c.o
                0x080140be                HAL_I2C_AbortCpltCallback
 .text.HAL_I2C_GetState
                0x080140d2       0x1c ./Drivers/STM32G4xx_HAL_Driver/Src/stm32g4xx_hal_i2c.o
                0x080140d2                HAL_I2C_GetState
 .text.HAL_I2C_GetError
                0x080140ee       0x18 ./Drivers/STM32G4xx_HAL_Driver/Src/stm32g4xx_hal_i2c.o
                0x080140ee                HAL_I2C_GetError
 .text.I2C_Slave_ISR_IT
                0x08014106      0x208 ./Drivers/STM32G4xx_HAL_Driver/Src/stm32g4xx_hal_i2c.o
 .text.I2C_ITAddrCplt
                0x0801430e      0x108 ./Drivers/STM32G4xx_HAL_Driver/Src/stm32g4xx_hal_i2c.o
 .text.I2C_ITSlaveSeqCplt
                0x08014416       0xbc ./Drivers/STM32G4xx_HAL_Driver/Src/stm32g4xx_hal_i2c.o
 *fill*         0x080144d2        0x2 
 .text.I2C_ITSlaveCplt
                0x080144d4      0x2d4 ./Drivers/STM32G4xx_HAL_Driver/Src/stm32g4xx_hal_i2c.o
 .text.I2C_ITListenCplt
                0x080147a8       0xac ./Drivers/STM32G4xx_HAL_Driver/Src/stm32g4xx_hal_i2c.o
 .text.I2C_ITError
                0x08014854      0x1e0 ./Drivers/STM32G4xx_HAL_Driver/Src/stm32g4xx_hal_i2c.o
 .text.I2C_TreatErrorCallback
                0x08014a34       0x4e ./Drivers/STM32G4xx_HAL_Driver/Src/stm32g4xx_hal_i2c.o
 .text.I2C_Flush_TXDR
                0x08014a82       0x48 ./Drivers/STM32G4xx_HAL_Driver/Src/stm32g4xx_hal_i2c.o
 .text.I2C_DMAAbort
                0x08014aca       0x3c ./Drivers/STM32G4xx_HAL_Driver/Src/stm32g4xx_hal_i2c.o
 .text.I2C_WaitOnFlagUntilTimeout
                0x08014b06       0xb2 ./Drivers/STM32G4xx_HAL_Driver/Src/stm32g4xx_hal_i2c.o
 .text.I2C_WaitOnTXISFlagUntilTimeout
                0x08014bb8       0x8e ./Drivers/STM32G4xx_HAL_Driver/Src/stm32g4xx_hal_i2c.o
 .text.I2C_WaitOnSTOPFlagUntilTimeout
                0x08014c46       0x86 ./Drivers/STM32G4xx_HAL_Driver/Src/stm32g4xx_hal_i2c.o
 .text.I2C_WaitOnRXNEFlagUntilTimeout
                0x08014ccc      0x118 ./Drivers/STM32G4xx_HAL_Driver/Src/stm32g4xx_hal_i2c.o
 .text.I2C_IsErrorOccurred
                0x08014de4      0x1c0 ./Drivers/STM32G4xx_HAL_Driver/Src/stm32g4xx_hal_i2c.o
 .text.I2C_TransferConfig
                0x08014fa4       0x64 ./Drivers/STM32G4xx_HAL_Driver/Src/stm32g4xx_hal_i2c.o
 .text.I2C_Disable_IRQ
                0x08015008       0xbc ./Drivers/STM32G4xx_HAL_Driver/Src/stm32g4xx_hal_i2c.o
 .text.HAL_I2CEx_ConfigAnalogFilter
                0x080150c4       0x96 ./Drivers/STM32G4xx_HAL_Driver/Src/stm32g4xx_hal_i2c_ex.o
                0x080150c4                HAL_I2CEx_ConfigAnalogFilter
 .text.HAL_I2CEx_ConfigDigitalFilter
                0x0801515a       0x98 ./Drivers/STM32G4xx_HAL_Driver/Src/stm32g4xx_hal_i2c_ex.o
                0x0801515a                HAL_I2CEx_ConfigDigitalFilter
 *fill*         0x080151f2        0x2 
 .text.HAL_PWR_ConfigPVD
                0x080151f4       0xc0 ./Drivers/STM32G4xx_HAL_Driver/Src/stm32g4xx_hal_pwr.o
                0x080151f4                HAL_PWR_ConfigPVD
 .text.HAL_PWR_EnablePVD
                0x080152b4       0x20 ./Drivers/STM32G4xx_HAL_Driver/Src/stm32g4xx_hal_pwr.o
                0x080152b4                HAL_PWR_EnablePVD
 .text.HAL_PWREx_ControlVoltageScaling
                0x080152d4      0x148 ./Drivers/STM32G4xx_HAL_Driver/Src/stm32g4xx_hal_pwr_ex.o
                0x080152d4                HAL_PWREx_ControlVoltageScaling
 .text.HAL_PWREx_DisableUCPDDeadBattery
                0x0801541c       0x20 ./Drivers/STM32G4xx_HAL_Driver/Src/stm32g4xx_hal_pwr_ex.o
                0x0801541c                HAL_PWREx_DisableUCPDDeadBattery
 .text.HAL_RCC_OscConfig
                0x0801543c      0x624 ./Drivers/STM32G4xx_HAL_Driver/Src/stm32g4xx_hal_rcc.o
                0x0801543c                HAL_RCC_OscConfig
 .text.HAL_RCC_ClockConfig
                0x08015a60      0x278 ./Drivers/STM32G4xx_HAL_Driver/Src/stm32g4xx_hal_rcc.o
                0x08015a60                HAL_RCC_ClockConfig
 .text.HAL_RCC_GetSysClockFreq
                0x08015cd8       0xc4 ./Drivers/STM32G4xx_HAL_Driver/Src/stm32g4xx_hal_rcc.o
                0x08015cd8                HAL_RCC_GetSysClockFreq
 .text.HAL_RCC_GetHCLKFreq
                0x08015d9c       0x18 ./Drivers/STM32G4xx_HAL_Driver/Src/stm32g4xx_hal_rcc.o
                0x08015d9c                HAL_RCC_GetHCLKFreq
 .text.HAL_RCC_GetPCLK1Freq
                0x08015db4       0x2c ./Drivers/STM32G4xx_HAL_Driver/Src/stm32g4xx_hal_rcc.o
                0x08015db4                HAL_RCC_GetPCLK1Freq
 .text.HAL_RCC_GetPCLK2Freq
                0x08015de0       0x2c ./Drivers/STM32G4xx_HAL_Driver/Src/stm32g4xx_hal_rcc.o
                0x08015de0                HAL_RCC_GetPCLK2Freq
 .text.RCC_GetSysClockFreqFromPLLSource
                0x08015e0c       0x8c ./Drivers/STM32G4xx_HAL_Driver/Src/stm32g4xx_hal_rcc.o
 .text.HAL_RCCEx_PeriphCLKConfig
                0x08015e98      0x3e0 ./Drivers/STM32G4xx_HAL_Driver/Src/stm32g4xx_hal_rcc_ex.o
                0x08015e98                HAL_RCCEx_PeriphCLKConfig
 .text.HAL_SPI_Init
                0x08016278      0x156 ./Drivers/STM32G4xx_HAL_Driver/Src/stm32g4xx_hal_spi.o
                0x08016278                HAL_SPI_Init
 .text.HAL_TIM_Base_Init
                0x080163ce       0xae ./Drivers/STM32G4xx_HAL_Driver/Src/stm32g4xx_hal_tim.o
                0x080163ce                HAL_TIM_Base_Init
 .text.HAL_TIM_IRQHandler
                0x0801647c      0x29e ./Drivers/STM32G4xx_HAL_Driver/Src/stm32g4xx_hal_tim.o
                0x0801647c                HAL_TIM_IRQHandler
 *fill*         0x0801671a        0x2 
 .text.HAL_TIM_ConfigClockSource
                0x0801671c      0x1f4 ./Drivers/STM32G4xx_HAL_Driver/Src/stm32g4xx_hal_tim.o
                0x0801671c                HAL_TIM_ConfigClockSource
 .text.HAL_TIM_PeriodElapsedCallback
                0x08016910       0x14 ./Drivers/STM32G4xx_HAL_Driver/Src/stm32g4xx_hal_tim.o
                0x08016910                HAL_TIM_PeriodElapsedCallback
 .text.HAL_TIM_OC_DelayElapsedCallback
                0x08016924       0x14 ./Drivers/STM32G4xx_HAL_Driver/Src/stm32g4xx_hal_tim.o
                0x08016924                HAL_TIM_OC_DelayElapsedCallback
 .text.HAL_TIM_IC_CaptureCallback
                0x08016938       0x14 ./Drivers/STM32G4xx_HAL_Driver/Src/stm32g4xx_hal_tim.o
                0x08016938                HAL_TIM_IC_CaptureCallback
 .text.HAL_TIM_PWM_PulseFinishedCallback
                0x0801694c       0x14 ./Drivers/STM32G4xx_HAL_Driver/Src/stm32g4xx_hal_tim.o
                0x0801694c                HAL_TIM_PWM_PulseFinishedCallback
 .text.HAL_TIM_TriggerCallback
                0x08016960       0x14 ./Drivers/STM32G4xx_HAL_Driver/Src/stm32g4xx_hal_tim.o
                0x08016960                HAL_TIM_TriggerCallback
 .text.TIM_Base_SetConfig
                0x08016974      0x138 ./Drivers/STM32G4xx_HAL_Driver/Src/stm32g4xx_hal_tim.o
                0x08016974                TIM_Base_SetConfig
 .text.TIM_TI1_ConfigInputStage
                0x08016aac       0x5e ./Drivers/STM32G4xx_HAL_Driver/Src/stm32g4xx_hal_tim.o
 .text.TIM_TI2_ConfigInputStage
                0x08016b0a       0x60 ./Drivers/STM32G4xx_HAL_Driver/Src/stm32g4xx_hal_tim.o
 .text.TIM_ITRx_SetConfig
                0x08016b6a       0x3a ./Drivers/STM32G4xx_HAL_Driver/Src/stm32g4xx_hal_tim.o
 .text.TIM_ETR_SetConfig
                0x08016ba4       0x40 ./Drivers/STM32G4xx_HAL_Driver/Src/stm32g4xx_hal_tim.o
                0x08016ba4                TIM_ETR_SetConfig
 .text.HAL_TIMEx_MasterConfigSynchronization
                0x08016be4      0x104 ./Drivers/STM32G4xx_HAL_Driver/Src/stm32g4xx_hal_tim_ex.o
                0x08016be4                HAL_TIMEx_MasterConfigSynchronization
 .text.HAL_TIMEx_CommutCallback
                0x08016ce8       0x14 ./Drivers/STM32G4xx_HAL_Driver/Src/stm32g4xx_hal_tim_ex.o
                0x08016ce8                HAL_TIMEx_CommutCallback
 .text.HAL_TIMEx_BreakCallback
                0x08016cfc       0x14 ./Drivers/STM32G4xx_HAL_Driver/Src/stm32g4xx_hal_tim_ex.o
                0x08016cfc                HAL_TIMEx_BreakCallback
 .text.HAL_TIMEx_Break2Callback
                0x08016d10       0x14 ./Drivers/STM32G4xx_HAL_Driver/Src/stm32g4xx_hal_tim_ex.o
                0x08016d10                HAL_TIMEx_Break2Callback
 .text.HAL_TIMEx_EncoderIndexCallback
                0x08016d24       0x14 ./Drivers/STM32G4xx_HAL_Driver/Src/stm32g4xx_hal_tim_ex.o
                0x08016d24                HAL_TIMEx_EncoderIndexCallback
 .text.HAL_TIMEx_DirectionChangeCallback
                0x08016d38       0x14 ./Drivers/STM32G4xx_HAL_Driver/Src/stm32g4xx_hal_tim_ex.o
                0x08016d38                HAL_TIMEx_DirectionChangeCallback
 .text.HAL_TIMEx_IndexErrorCallback
                0x08016d4c       0x14 ./Drivers/STM32G4xx_HAL_Driver/Src/stm32g4xx_hal_tim_ex.o
                0x08016d4c                HAL_TIMEx_IndexErrorCallback
 .text.HAL_TIMEx_TransitionErrorCallback
                0x08016d60       0x14 ./Drivers/STM32G4xx_HAL_Driver/Src/stm32g4xx_hal_tim_ex.o
                0x08016d60                HAL_TIMEx_TransitionErrorCallback
 .text.HAL_UART_Init
                0x08016d74       0xa0 ./Drivers/STM32G4xx_HAL_Driver/Src/stm32g4xx_hal_uart.o
                0x08016d74                HAL_UART_Init
 .text.HAL_UART_MspInit
                0x08016e14       0x14 ./Drivers/STM32G4xx_HAL_Driver/Src/stm32g4xx_hal_uart.o
                0x08016e14                HAL_UART_MspInit
 .text.HAL_UART_Transmit
                0x08016e28      0x11c ./Drivers/STM32G4xx_HAL_Driver/Src/stm32g4xx_hal_uart.o
                0x08016e28                HAL_UART_Transmit
 .text.UART_SetConfig
                0x08016f44      0x598 ./Drivers/STM32G4xx_HAL_Driver/Src/stm32g4xx_hal_uart.o
                0x08016f44                UART_SetConfig
 .text.UART_AdvFeatureConfig
                0x080174dc      0x144 ./Drivers/STM32G4xx_HAL_Driver/Src/stm32g4xx_hal_uart.o
                0x080174dc                UART_AdvFeatureConfig
 .text.UART_CheckIdleState
                0x08017620      0x154 ./Drivers/STM32G4xx_HAL_Driver/Src/stm32g4xx_hal_uart.o
                0x08017620                UART_CheckIdleState
 .text.UART_WaitOnFlagUntilTimeout
                0x08017774       0xda ./Drivers/STM32G4xx_HAL_Driver/Src/stm32g4xx_hal_uart.o
                0x08017774                UART_WaitOnFlagUntilTimeout
 .text.UART_EndRxTransfer
                0x0801784e       0xcc ./Drivers/STM32G4xx_HAL_Driver/Src/stm32g4xx_hal_uart.o
 .text.MX_TOF_Init
                0x0801791a        0xc ./TOF/App/app_tof.o
                0x0801791a                MX_TOF_Init
 .text.MX_TOF_Process
                0x08017926        0xc ./TOF/App/app_tof.o
                0x08017926                MX_TOF_Process
 *fill*         0x08017932        0x2 
 .text.MX_VL53L3CX_SimpleRanging_Init
                0x08017934       0x64 ./TOF/App/app_tof.o
 .text.MX_VL53L3CX_SimpleRanging_Process
                0x08017998       0x80 ./TOF/App/app_tof.o
 .text.print_result
                0x08017a18      0x174 ./TOF/App/app_tof.o
 .text.decimal_part
                0x08017b8c       0x4c ./TOF/App/app_tof.o
 .text.HAL_GPIO_EXTI_Callback
                0x08017bd8       0x28 ./TOF/Target/app_tof_pin_conf.o
                0x08017bd8                HAL_GPIO_EXTI_Callback
 .text.CUSTOM_RANGING_SENSOR_Init
                0x08017c00       0x4c ./TOF/Target/custom_ranging_sensor.o
                0x08017c00                CUSTOM_RANGING_SENSOR_Init
 .text.CUSTOM_RANGING_SENSOR_ReadID
                0x08017c4c       0x54 ./TOF/Target/custom_ranging_sensor.o
                0x08017c4c                CUSTOM_RANGING_SENSOR_ReadID
 .text.CUSTOM_RANGING_SENSOR_GetCapabilities
                0x08017ca0       0x54 ./TOF/Target/custom_ranging_sensor.o
                0x08017ca0                CUSTOM_RANGING_SENSOR_GetCapabilities
 .text.CUSTOM_RANGING_SENSOR_ConfigProfile
                0x08017cf4       0x54 ./TOF/Target/custom_ranging_sensor.o
                0x08017cf4                CUSTOM_RANGING_SENSOR_ConfigProfile
 .text.CUSTOM_RANGING_SENSOR_GetDistance
                0x08017d48       0x54 ./TOF/Target/custom_ranging_sensor.o
                0x08017d48                CUSTOM_RANGING_SENSOR_GetDistance
 .text.CUSTOM_RANGING_SENSOR_Start
                0x08017d9c       0x58 ./TOF/Target/custom_ranging_sensor.o
                0x08017d9c                CUSTOM_RANGING_SENSOR_Start
 .text.VL53L3CX_Probe
                0x08017df4      0x100 ./TOF/Target/custom_ranging_sensor.o
 .text.reset_device
                0x08017ef4       0x2c ./TOF/Target/custom_ranging_sensor.o
 .text.std      0x08017f20       0x6c /Applications/STM32CubeIDE.app/Contents/Eclipse/plugins/com.st.stm32cube.ide.mcu.externaltools.gnu-tools-for-stm32.13.3.rel1.macos64_1.0.0.202411102158/tools/bin/../lib/gcc/arm-none-eabi/13.3.1/../../../../arm-none-eabi/lib/thumb/v7e-m+fp/hard/libc_nano.a(libc_a-findfp.o)
 .text.stdio_exit_handler
                0x08017f8c       0x18 /Applications/STM32CubeIDE.app/Contents/Eclipse/plugins/com.st.stm32cube.ide.mcu.externaltools.gnu-tools-for-stm32.13.3.rel1.macos64_1.0.0.202411102158/tools/bin/../lib/gcc/arm-none-eabi/13.3.1/../../../../arm-none-eabi/lib/thumb/v7e-m+fp/hard/libc_nano.a(libc_a-findfp.o)
 .text.cleanup_stdio