../Core/Src/main.c:99:5:main	8	static
../Core/Src/main.c:169:6:SystemClock_Config	88	static
../Core/Src/main.c:216:13:MX_I2C1_Init	8	static
../Core/Src/main.c:264:13:MX_SPI1_Init	8	static
../Core/Src/main.c:304:13:MX_TIM1_Init	40	static
../Core/Src/main.c:351:13:MX_TIM2_Init	64	static
../Core/Src/main.c:414:13:MX_TIM3_Init	64	static
../Core/Src/main.c:481:13:MX_TIM4_Init	64	static
../Core/Src/main.c:544:13:MX_TIM8_Init	40	static
../Core/Src/main.c:591:13:MX_USART1_UART_Init	8	static
../Core/Src/main.c:639:13:MX_GPIO_Init	40	static
../Core/Src/main.c:683:6:HAL_TIM_PeriodElapsedCallback	16	static
../Core/Src/main.c:695:6:HAL_PWR_PVDCallback	4	static
../Core/Src/main.c:700:6:HAL_UART_RxCpltCallback	16	static
../Core/Src/main.c:772:6:Error_Handler	4	static,ignoring_inline_asm
