../Drivers/BSP/Components/vl53l3cx/vl53l3cx.c:91:9:VL53L3CX_RegisterBusIO	24	static
../Drivers/BSP/Components/vl53l3cx/vl53l3cx.c:126:9:VL53L3CX_Init	24	static
../Drivers/BSP/Components/vl53l3cx/vl53l3cx.c:165:9:VL53L3CX_DeInit	24	static
../Drivers/BSP/Components/vl53l3cx/vl53l3cx.c:192:9:VL53L3CX_ReadID	24	static
../Drivers/BSP/Components/vl53l3cx/vl53l3cx.c:215:9:VL53L3CX_GetCapabilities	24	static
../Drivers/BSP/Components/vl53l3cx/vl53l3cx.c:243:9:VL53L3CX_ConfigProfile	24	static
../Drivers/BSP/Components/vl53l3cx/vl53l3cx.c:290:9:VL53L3CX_ConfigROI	24	static
../Drivers/BSP/Components/vl53l3cx/vl53l3cx.c:326:9:VL53L3CX_ConfigIT	16	static
../Drivers/BSP/Components/vl53l3cx/vl53l3cx.c:339:9:VL53L3CX_GetDistance	24	static
../Drivers/BSP/Components/vl53l3cx/vl53l3cx.c:392:9:VL53L3CX_Start	24	static
../Drivers/BSP/Components/vl53l3cx/vl53l3cx.c:452:9:VL53L3CX_Stop	24	static
../Drivers/BSP/Components/vl53l3cx/vl53l3cx.c:484:9:VL53L3CX_SetAddress	24	static
../Drivers/BSP/Components/vl53l3cx/vl53l3cx.c:511:9:VL53L3CX_GetAddress	24	static
../Drivers/BSP/Components/vl53l3cx/vl53l3cx.c:535:9:VL53L3CX_SetPowerMode	16	static
../Drivers/BSP/Components/vl53l3cx/vl53l3cx.c:549:9:VL53L3CX_GetPowerMode	16	static
../Drivers/BSP/Components/vl53l3cx/vl53l3cx.c:562:9:VL53L3CX_OffsetCalibration	24	static
../Drivers/BSP/Components/vl53l3cx/vl53l3cx.c:589:9:VL53L3CX_XTalkCalibration	24	static
../Drivers/BSP/Components/vl53l3cx/vl53l3cx.c:609:16:vl53l3cx_poll_for_measurement	24	static
../Drivers/BSP/Components/vl53l3cx/vl53l3cx.c:634:16:vl53l3cx_get_result	48	static
