../TOF/Target/custom_ranging_sensor.c:38:9:CUSTOM_RANGING_SENSOR_Init	24	static
../TOF/Target/custom_ranging_sensor.c:78:9:CUSTOM_RANGING_SENSOR_DeInit	24	static
../TOF/Target/custom_ranging_sensor.c:104:9:CUSTOM_RANGING_SENSOR_ReadID	24	static
../TOF/Target/custom_ranging_sensor.c:131:9:CUSTOM_RANGING_SENSOR_GetCapabilities	24	static
../TOF/Target/custom_ranging_sensor.c:157:9:CUSTOM_RANGING_SENSOR_ConfigProfile	24	static
../TOF/Target/custom_ranging_sensor.c:184:9:CUSTOM_RANGING_SENSOR_ConfigROI	24	static
../TOF/Target/custom_ranging_sensor.c:215:9:CUSTOM_RANGING_SENSOR_ConfigIT	24	static
../TOF/Target/custom_ranging_sensor.c:241:9:CUSTOM_RANGING_SENSOR_GetDistance	24	static
../TOF/Target/custom_ranging_sensor.c:267:9:CUSTOM_RANGING_SENSOR_Start	24	static
../TOF/Target/custom_ranging_sensor.c:292:9:CUSTOM_RANGING_SENSOR_Stop	24	static
../TOF/Target/custom_ranging_sensor.c:318:9:CUSTOM_RANGING_SENSOR_SetAddress	24	static
../TOF/Target/custom_ranging_sensor.c:344:9:CUSTOM_RANGING_SENSOR_GetAddress	24	static
../TOF/Target/custom_ranging_sensor.c:370:9:CUSTOM_RANGING_SENSOR_SetPowerMode	24	static
../TOF/Target/custom_ranging_sensor.c:396:9:CUSTOM_RANGING_SENSOR_GetPowerMode	24	static
../TOF/Target/custom_ranging_sensor.c:422:16:VL53L3CX_Probe	56	static
../TOF/Target/custom_ranging_sensor.c:482:13:reset_device	8	static
